07-08 00:42:08.704 2261-2261/? V/MediaRouter: Selecting route: RouteInfo{ name=Phone, description=null, status=null, category=RouteCategory{ name=null types=ROUTE_TYPE_LIVE_AUDIO ROUTE_TYPE_LIVE_VIDEO  groupable=false }, supportedTypes=ROUTE_TYPE_LIVE_AUDIO ROUTE_TYPE_LIVE_VIDEO , presentationDisplay=null }
07-08 00:42:08.708 2261-2261/? I/MediaRouter: Found default route: MediaRouter.RouteInfo{ uniqueId=android/.support.v7.media.SystemMediaRouteProvider:DEFAULT_ROUTE, name=Phone, description=null, iconUri=null, enabled=true, connecting=false, connectionState=0, canDisconnect=false, playbackType=0, playbackStream=3, deviceType=0, volumeHandling=1, volume=11, volumeMax=15, presentationDisplayId=-1, extras=null, settingsIntent=null, providerPackageName=android }
07-08 00:42:08.720 2261-2261/? D/MusicLifecycle: com.google.android.music.store.MediaStoreImportService$Receiver generated event: Broadcast received with context android.app.ReceiverRestrictedContext@3207ac3 and intent Intent { act=android.intent.action.MEDIA_MOUNTED dat=file:///storage/emulated/0 flg=0x4000010 cmp=com.google.android.music/.store.MediaStoreImportService$Receiver (has extras) }
07-08 00:42:08.724 1879-1879/? D/CellBroadcastReceiver: Service state changed! 0 Full: 0 0 voice home data home Android Android 310260 Android Android 310260  Unknown LTE CSS not supported -1 -1 RoamInd=-1 DefRoamInd=-1 EmergOnly=false IsDataRoamingFromRegistration=false Current state=3
    Start Cell Broadcast configuration.
07-08 00:42:08.733 2360-2360/? D/AndroidRuntime: >>>>>> START com.android.internal.os.RuntimeInit uid 2000 <<<<<<
07-08 00:42:08.735 2360-2360/? D/AndroidRuntime: CheckJNI is ON
07-08 00:42:08.736 2261-2261/? D/MusicLifecycle: com.google.android.music.net.NetworkMonitor generated event: Service created
07-08 00:42:08.736 2261-2261/? I/NetworkMonitor: type=MOBILE subType=LTE reason=connected isConnected=true
07-08 00:42:08.753 1879-2367/? D/CellBroadcastConfigService: Enable CellBroadcast on sub 1
07-08 00:42:08.754 2360-2360/? W/art: Unexpected CPU variant for X86 using defaults: x86
07-08 00:42:08.757 2360-2360/? D/ICU: No timezone override file found: /data/misc/zoneinfo/current/icu/icu_tzdata.dat
07-08 00:42:08.768 2261-2261/? D/MusicLifecycle: com.google.android.music.preferences.MusicPreferenceService$MusicPreferenceServiceBinder generated event: Service created
07-08 00:42:08.769 2261-2261/? D/MusicLifecycle: com.google.android.music.preferences.MusicPreferenceService$MusicPreferenceServiceBinder generated event: Service destroyed
07-08 00:42:08.773 2360-2360/? E/memtrack: Couldn't load memtrack module (No such file or directory)
07-08 00:42:08.773 2360-2360/? E/android.os.Debug: failed to load memtrack module: -2
07-08 00:42:08.773 2360-2360/? I/Radio-JNI: register_android_hardware_Radio DONE
07-08 00:42:08.781 2360-2360/? D/AndroidRuntime: Calling main entry com.android.commands.am.Am
07-08 00:42:08.784 1584-1594/? I/ActivityManager: START u0 {act=android.intent.action.MAIN cat=[android.intent.category.LAUNCHER] flg=0x10000000 cmp=android.example.com.squawker/.MainActivity} from uid 2000 on display 0
07-08 00:42:08.785 2261-2261/? D/MusicLifecycle: com.google.android.music.preferences.MusicPreferenceService$MusicPreferenceServiceBinder generated event: Service created
07-08 00:42:08.799 2261-2261/? D/MusicLifecycle: com.google.android.music.preferences.MusicPreferenceService$MusicPreferenceServiceBinder generated event: Service destroyed
    com.google.android.music.download.cache.StorageMigrationService generated event: Service created
07-08 00:42:08.801 2360-2360/? D/AndroidRuntime: Shutting down VM
07-08 00:42:08.808 2380-2380/? I/art: Not late-enabling -Xcheck:jni (already on)
07-08 00:42:08.808 2380-2380/? W/art: Unexpected CPU variant for X86 using defaults: x86
07-08 00:42:08.812 1584-2005/? I/ActivityManager: Start proc 2380:android.example.com.squawker/u0a104 for activity android.example.com.squawker/.MainActivity
07-08 00:42:08.864 1785-1804/? D/IccSmsInterfaceManager: [IccSmsInterfaceManager] Calling setCdmaBroadcastConfig with 1 configurations
07-08 00:42:08.865 1785-1804/? D/IccSmsInterfaceManager: [IccSmsInterfaceManager] Failed to add cdma broadcast subscription for MID range 4096 to 4096 from client com.android.cellbroadcastreceiver
07-08 00:42:08.869 1299-1303/? D/gralloc_ranchu: gralloc_alloc: Creating ashmem region of size 8294400
07-08 00:42:08.888 1584-1597/? V/ActivityManager: Attempted to start a foreground service (ComponentInfo{com.google.android.music/com.google.android.music.download.cache.StorageMigrationService}) with a broken notification (no icon: Notification(pri=0 contentView=null vibrate=null sound=null defaults=0x0 flags=0x40 color=0x00000000 vis=PRIVATE))
07-08 00:42:08.895 2261-2261/? D/MusicLifecycle: com.google.android.music.download.artwork.ArtDownloadService generated event: Service created
07-08 00:42:08.910 1785-1812/? D/IccSmsInterfaceManager: [IccSmsInterfaceManager] Calling setCdmaBroadcastConfig with 1 configurations
07-08 00:42:08.911 1785-1812/? D/IccSmsInterfaceManager: [IccSmsInterfaceManager] Failed to add cdma broadcast subscription for MID range 4097 to 4097 from client com.android.cellbroadcastreceiver
07-08 00:42:08.928 1785-1804/? D/IccSmsInterfaceManager: [IccSmsInterfaceManager] Calling setCdmaBroadcastConfig with 1 configurations
07-08 00:42:08.929 1785-1804/? D/IccSmsInterfaceManager: [IccSmsInterfaceManager] Failed to add cdma broadcast subscription for MID range 4098 to 4098 from client com.android.cellbroadcastreceiver
07-08 00:42:08.941 1785-1812/? D/IccSmsInterfaceManager: [IccSmsInterfaceManager] Calling setCdmaBroadcastConfig with 1 configurations
07-08 00:42:08.961 1785-1812/? D/IccSmsInterfaceManager: [IccSmsInterfaceManager] Failed to add cdma broadcast subscription for MID range 4099 to 4099 from client com.android.cellbroadcastreceiver
07-08 00:42:08.982 2261-2261/? V/MediaRouter: Selecting route: RouteInfo{ name=Phone, description=null, status=null, category=RouteCategory{ name=null types=ROUTE_TYPE_LIVE_AUDIO ROUTE_TYPE_LIVE_VIDEO  groupable=false }, supportedTypes=ROUTE_TYPE_LIVE_AUDIO ROUTE_TYPE_LIVE_VIDEO , presentationDisplay=null }
07-08 00:42:08.984 1664-1664/? W/asset: Asset path /data/app/android.example.com.squawker-1/base.apk is neither a directory nor file (type=1).
07-08 00:42:08.984 1664-1664/? W/PackageManager: Failure retrieving resources for android.example.com.squawker
07-08 00:42:08.984 1664-1664/? W/asset: Asset path /data/app/android.example.com.squawker-1/base.apk is neither a directory nor file (type=1).
07-08 00:42:08.985 1664-1664/? W/PackageManager: Failure retrieving resources for android.example.com.squawker
07-08 00:42:08.985 1664-1664/? W/asset: Asset path /data/app/android.example.com.squawker-1/base.apk is neither a directory nor file (type=1).
07-08 00:42:08.985 1664-1664/? W/PackageManager: Failure retrieving resources for android.example.com.squawker
07-08 00:42:09.025 1785-1804/? D/IccSmsInterfaceManager: [IccSmsInterfaceManager] Failed to remove cdma broadcast subscription for MID range 4100 to 4100 from client com.android.cellbroadcastreceiver
07-08 00:42:09.027 1785-1812/? D/IccSmsInterfaceManager: [IccSmsInterfaceManager] Calling setGsmBroadcastConfig with 1 configurations
07-08 00:42:09.029 1785-1812/? D/IccSmsInterfaceManager: [IccSmsInterfaceManager] Failed to add GSM cell broadcast subscription for MID range 4352 to 4354 from client com.android.cellbroadcastreceiver
07-08 00:42:09.032 1785-1804/? D/IccSmsInterfaceManager: [IccSmsInterfaceManager] Calling setGsmBroadcastConfig with 1 configurations
07-08 00:42:09.033 1785-1804/? D/IccSmsInterfaceManager: [IccSmsInterfaceManager] Failed to add GSM cell broadcast subscription for MID range 4356 to 4356 from client com.android.cellbroadcastreceiver
07-08 00:42:09.035 1785-1812/? D/IccSmsInterfaceManager: [IccSmsInterfaceManager] Failed to remove GSM cell broadcast subscription for MID range 4355 to 4355 from client com.android.cellbroadcastreceiver
07-08 00:42:09.037 1785-1804/? D/IccSmsInterfaceManager: [IccSmsInterfaceManager] Calling setGsmBroadcastConfig with 1 configurations
07-08 00:42:09.039 2261-2261/? D/MusicLifecycle: com.google.android.music.store.MediaStoreImportService generated event: Service created
    com.google.android.music.preferences.MusicPreferenceService$MusicPreferenceServiceBinder generated event: Service created
07-08 00:42:09.040 2261-2261/? D/MusicLifecycle: com.google.android.music.net.NetworkMonitor$2 generated event: Broadcast received with context com.google.android.music.net.NetworkMonitor@85927be and intent Intent { act=android.net.conn.CONNECTIVITY_CHANGE flg=0x4000010 (has extras) }
07-08 00:42:09.040 2261-2261/? I/NetworkMonitor: type=MOBILE subType=LTE reason=connected isConnected=true
07-08 00:42:09.044 2261-2261/? D/MusicLifecycle: com.google.android.music.download.cache.StorageMigrationService generated event: Service destroyed
07-08 00:42:09.046 2261-2261/? D/MusicLifecycle: com.google.android.music.store.MediaStoreImportService generated event: Service destroyed
07-08 00:42:09.056 2380-2380/android.example.com.squawker W/System: ClassLoader referenced unknown path: /data/app/android.example.com.squawker-2/lib/x86
07-08 00:42:09.077 1785-1804/? D/IccSmsInterfaceManager: [IccSmsInterfaceManager] Failed to add GSM cell broadcast subscription for MID range 4370 to 4370 from client com.android.cellbroadcastreceiver
07-08 00:42:09.083 1785-1796/? D/IccSmsInterfaceManager: [IccSmsInterfaceManager] Calling setGsmBroadcastConfig with 1 configurations
07-08 00:42:09.084 1785-1796/? D/IccSmsInterfaceManager: [IccSmsInterfaceManager] Failed to add GSM cell broadcast subscription for MID range 4371 to 4372 from client com.android.cellbroadcastreceiver
07-08 00:42:09.086 1785-1804/? D/IccSmsInterfaceManager: [IccSmsInterfaceManager] Calling setGsmBroadcastConfig with 1 configurations
07-08 00:42:09.087 1785-1804/? D/IccSmsInterfaceManager: [IccSmsInterfaceManager] Failed to add GSM cell broadcast subscription for MID range 4373 to 4378 from client com.android.cellbroadcastreceiver
07-08 00:42:09.090 1785-1796/? D/IccSmsInterfaceManager: [IccSmsInterfaceManager] Calling setGsmBroadcastConfig with 1 configurations
07-08 00:42:09.091 1785-1796/? D/IccSmsInterfaceManager: [IccSmsInterfaceManager] Failed to add GSM cell broadcast subscription for MID range 4379 to 4379 from client com.android.cellbroadcastreceiver
07-08 00:42:09.093 1785-1804/? D/IccSmsInterfaceManager: [IccSmsInterfaceManager] Failed to remove GSM cell broadcast subscription for MID range 4380 to 4382 from client com.android.cellbroadcastreceiver
07-08 00:42:09.095 1785-1796/? D/IccSmsInterfaceManager: [IccSmsInterfaceManager] Calling setGsmBroadcastConfig with 1 configurations
07-08 00:42:09.097 1785-1796/? D/IccSmsInterfaceManager: [IccSmsInterfaceManager] Failed to add GSM cell broadcast subscription for MID range 4383 to 4383 from client com.android.cellbroadcastreceiver
07-08 00:42:09.099 1785-1804/? D/IccSmsInterfaceManager: [IccSmsInterfaceManager] Calling setGsmBroadcastConfig with 1 configurations
07-08 00:42:09.100 1785-1804/? D/IccSmsInterfaceManager: [IccSmsInterfaceManager] Failed to add GSM cell broadcast subscription for MID range 4384 to 4385 from client com.android.cellbroadcastreceiver
07-08 00:42:09.102 1785-1796/? D/IccSmsInterfaceManager: [IccSmsInterfaceManager] Calling setGsmBroadcastConfig with 1 configurations
07-08 00:42:09.103 1785-1796/? D/IccSmsInterfaceManager: [IccSmsInterfaceManager] Failed to add GSM cell broadcast subscription for MID range 4386 to 4391 from client com.android.cellbroadcastreceiver
07-08 00:42:09.105 1785-1804/? D/IccSmsInterfaceManager: [IccSmsInterfaceManager] Calling setGsmBroadcastConfig with 1 configurations
07-08 00:42:09.107 1785-1804/? D/IccSmsInterfaceManager: [IccSmsInterfaceManager] Failed to add GSM cell broadcast subscription for MID range 4392 to 4392 from client com.android.cellbroadcastreceiver
07-08 00:42:09.108 1785-1796/? D/IccSmsInterfaceManager: [IccSmsInterfaceManager] Failed to remove GSM cell broadcast subscription for MID range 4393 to 4395 from client com.android.cellbroadcastreceiver
07-08 00:42:09.144 1785-1804/? D/IccSmsInterfaceManager: [IccSmsInterfaceManager] Failed to remove GSM cell broadcast subscription for MID range 50 to 50 from client com.android.cellbroadcastreceiver
07-08 00:42:09.549 2380-2380/android.example.com.squawker W/art: Verification of void com.google.firebase.components.Component$Builder.<init>(java.lang.Class, java.lang.Class[]) took 180.966ms
07-08 00:42:09.599 2380-2380/android.example.com.squawker V/FA: Registered activity lifecycle callback
07-08 00:42:09.654 2380-2380/android.example.com.squawker D/FirebaseApp: com.google.firebase.auth.FirebaseAuth is not linked. Skipping initialization.
    com.google.firebase.crash.FirebaseCrash is not linked. Skipping initialization.
07-08 00:42:09.654 2380-2380/android.example.com.squawker I/FirebaseInitProvider: FirebaseApp initialization successful
07-08 00:42:09.656 2380-2380/android.example.com.squawker I/InstantRun: starting instant run server: is main process
07-08 00:42:09.658 1935-1947/? W/ConfigurationChimeraPro: Got null configs for com.google.android.gms.measurement
07-08 00:42:09.688 2380-2413/android.example.com.squawker V/FA: Collection enabled
    App package, google app id: android.example.com.squawker, 1:1049375092102:android:3345804a39540d3f
07-08 00:42:09.688 2380-2413/android.example.com.squawker I/FA: App measurement is starting up, version: 12780
    To enable debug logging run: adb shell setprop log.tag.FA VERBOSE
07-08 00:42:09.689 2380-2413/android.example.com.squawker I/FA: To enable faster debug mode event logging run:
      adb shell setprop debug.firebase.analytics.app android.example.com.squawker
07-08 00:42:09.689 2380-2413/android.example.com.squawker D/FA: Debug-level message logging enabled
07-08 00:42:09.732 2380-2380/android.example.com.squawker W/art: Before Android 4.1, method android.graphics.PorterDuffColorFilter android.support.graphics.drawable.VectorDrawableCompat.updateTintFilter(android.graphics.PorterDuffColorFilter, android.content.res.ColorStateList, android.graphics.PorterDuff$Mode) would have incorrectly overridden the package-private method in android.graphics.drawable.Drawable
07-08 00:42:09.740 1584-1604/? I/Choreographer: Skipped 51 frames!  The application may be doing too much work on its main thread.
07-08 00:42:09.740 1664-1664/? W/asset: Asset path /data/app/android.example.com.squawker-1/base.apk is neither a directory nor file (type=1).
07-08 00:42:09.740 1664-1664/? W/PackageManager: Failure retrieving resources for android.example.com.squawker
07-08 00:42:09.744 2380-2380/android.example.com.squawker V/FA: onActivityCreated
07-08 00:42:09.746 1584-1925/? I/WindowManager: Failed to capture screenshot of Token{f5c8fb5 ActivityRecord{3b47fec u0 android.example.com.squawker/.MainActivity t960}} appWin=Window{53b94a2 u0 Starting android.example.com.squawker} drawState=4
07-08 00:42:09.754 1991-2103/? D/EGL_emulation: eglMakeCurrent: 0xb6105360: ver 2 0 (tinfo 0xb61036a0)
07-08 00:42:09.756 2421-2421/? W/art: Unexpected CPU variant for X86 using defaults: x86
07-08 00:42:09.761 1584-2420/? I/RecoverySystem: No recovery log file
07-08 00:42:09.763 1584-2005/? I/ActivityManager: Start proc 2421:com.android.dialer/u0a9 for broadcast com.android.dialer/.calllog.CallLogReceiver
07-08 00:42:09.771 1584-2420/? I/BootReceiver: Copying audit failures to DropBox
    Checking for fsck errors
07-08 00:42:09.774 2421-2421/? W/System: ClassLoader referenced unknown path: /system/priv-app/Dialer/lib/x86
07-08 00:42:09.782 2380-2413/android.example.com.squawker V/FA: Checking service availability
07-08 00:42:09.794 2380-2413/android.example.com.squawker W/GooglePlayServicesUtil: Google Play services out of date.  Requires 12451000 but found 11743470
07-08 00:42:09.794 2380-2413/android.example.com.squawker D/FA: Service container out of date
07-08 00:42:09.795 2380-2413/android.example.com.squawker V/FA: Setting useService: false
07-08 00:42:09.796 2380-2413/android.example.com.squawker V/FA: Using local app measurement service
07-08 00:42:09.804 2380-2413/android.example.com.squawker V/FA: Connection attempt already in progress
07-08 00:42:09.822 2421-2421/? D/ExtensionsFactory: No custom extensions.
07-08 00:42:09.825 2421-2421/? D/BlockedNumbersAuto: Not attempting auto-migrate: already checked once.
07-08 00:42:09.834 1785-1785/? V/OtaStartupReceiver: onOtaspChanged: mOtaspMode=3
07-08 00:42:09.835 1785-1785/? D/CarrierConfigLoader: mHandler: 13 phoneId: 0
    mHandler: 7 phoneId: 0
07-08 00:42:09.837 1785-1785/? D/CarrierConfigLoader: Loaded config from XML. package=com.android.carrierconfig phoneId=0
    mHandler: 5 phoneId: 0
07-08 00:42:09.843 1584-1584/? I/Telecom: PhoneAccountRegistrar: SimCallManager queried, returning: null: TSI.gSCMFU@ADo
07-08 00:42:09.849 1951-1951/? I/AlarmClock: AlarmInitReceiver android.intent.action.BOOT_COMPLETED
07-08 00:42:09.863 2421-2438/? W/CountryDetector: No location permissions, not registering for location updates.
07-08 00:42:09.872 1658-1658/? I/SystemBroadcastReceiver: Boot has been completed
    toggleAppIcon() : FLAG_SYSTEM = true
07-08 00:42:09.884 2439-2439/? W/art: Unexpected CPU variant for X86 using defaults: x86
07-08 00:42:09.891 1584-1925/? I/ActivityManager: Start proc 2439:com.android.managedprovisioning/u0a20 for broadcast com.android.managedprovisioning/.BootReminder
07-08 00:42:09.897 2439-2439/? W/System: ClassLoader referenced unknown path: /system/priv-app/ManagedProvisioning/lib/x86
07-08 00:42:09.912 1785-1785/? V/OmtpBootCompletedRcvr: processing deferred subId list
07-08 00:42:09.918 2453-2453/? W/art: Unexpected CPU variant for X86 using defaults: x86
07-08 00:42:09.920 2380-2380/android.example.com.squawker D/MainActivity: Selection is authorKey IN  ('key_test','key_asser','key_lyla')
07-08 00:42:09.925 1584-2004/? I/ActivityManager: Start proc 2453:com.android.providers.calendar/u0a2 for broadcast com.android.providers.calendar/.CalendarReceiver
07-08 00:42:09.940 2453-2453/? W/System: ClassLoader referenced unknown path: /system/priv-app/CalendarProvider/lib/x86
07-08 00:42:09.944 2380-2413/android.example.com.squawker I/FA: Tag Manager is not found and thus will not be used
07-08 00:42:09.960 2380-2413/android.example.com.squawker D/FA: Logging event (FE): screen_view(_vs), Bundle[{firebase_event_origin(_o)=auto, firebase_screen_class(_sc)=MainActivity, firebase_screen_id(_si)=3804928648696822982}]
07-08 00:42:09.981 2380-2413/android.example.com.squawker V/FA: Connection attempt already in progress
07-08 00:42:09.983 2380-2413/android.example.com.squawker V/FA: Connection attempt already in progress
07-08 00:42:09.985 2453-2453/? I/CalendarProvider2: Created com.android.providers.calendar.CalendarAlarmManager@9dcc98c(com.android.providers.calendar.CalendarProvider2@6b2a8d5)
07-08 00:42:09.991 2380-2413/android.example.com.squawker V/FA: Activity resumed, time: 25119
07-08 00:42:10.072 1299-1834/? E/SurfaceFlinger: ro.sf.lcd_density must be defined as a build property
07-08 00:42:10.147 2380-2380/android.example.com.squawker V/FA: Local AppMeasurementService is starting up
07-08 00:42:10.155 2471-2471/? W/art: Unexpected CPU variant for X86 using defaults: x86
07-08 00:42:10.162 1584-2004/? I/ActivityManager: Start proc 2471:com.android.vending/u0a21 for broadcast com.android.vending/com.google.android.finsky.receivers.BootCompletedReceiver
07-08 00:42:10.181 2471-2471/? W/System: ClassLoader referenced unknown path: /system/priv-app/Phonesky/lib/x86
07-08 00:42:10.190 2380-2413/android.example.com.squawker V/FA: Cancelling job. JobID: -311463273
07-08 00:42:10.262 2380-2470/android.example.com.squawker I/OpenGLRenderer: Initialized EGL, version 1.4
07-08 00:42:10.262 2380-2470/android.example.com.squawker D/OpenGLRenderer: Swap behavior 1
07-08 00:42:10.262 2380-2470/android.example.com.squawker W/OpenGLRenderer: Failed to choose config with EGL_SWAP_BEHAVIOR_PRESERVED, retrying without...
07-08 00:42:10.262 2380-2470/android.example.com.squawker D/OpenGLRenderer: Swap behavior 0
07-08 00:42:10.280 2380-2470/android.example.com.squawker D/EGL_emulation: eglCreateContext: 0xb6105960: maj 2 min 0 rcv 2
07-08 00:42:10.297 2176-2469/? W/MediaScanner: Error opening directory '/oem/media/', skipping: No such file or directory.
07-08 00:42:10.304 2471-2471/? W/Finsky: [1] com.google.android.finsky.FinskyApp.i(1468): No account configured on this device.
07-08 00:42:10.320 2471-2471/? W/Finsky: [1] com.google.android.finsky.FinskyApp.i(1468): No account configured on this device.
07-08 00:42:10.331 2380-2470/android.example.com.squawker D/EGL_emulation: eglMakeCurrent: 0xb6105960: ver 2 0 (tinfo 0xb6103ac0)
07-08 00:42:10.333 2471-2471/? W/Finsky: [1] com.google.android.finsky.FinskyApp.i(1468): No account configured on this device.
07-08 00:42:10.336 2471-2471/? W/Finsky: [1] com.google.android.finsky.FinskyApp.i(1468): No account configured on this device.
07-08 00:42:10.337 2380-2380/android.example.com.squawker V/FA: Bound to IMeasurementService interface
07-08 00:42:10.338 2380-2413/android.example.com.squawker V/FA: Connected to service
07-08 00:42:10.339 2380-2413/android.example.com.squawker V/FA: Processing queued up service tasks: 4
07-08 00:42:10.341 2380-2413/android.example.com.squawker I/FA: This instance being marked as an uploader
07-08 00:42:10.368 2380-2380/android.example.com.squawker W/art: Before Android 4.1, method int android.support.v7.widget.ListViewCompat.lookForSelectablePosition(int, boolean) would have incorrectly overridden the package-private method in android.widget.ListView
07-08 00:42:10.370 2380-2413/android.example.com.squawker V/FA: Upload scheduled in approximately ms: 500
07-08 00:42:10.376 2380-2413/android.example.com.squawker V/FA: Cancelling job. JobID: -311463273
07-08 00:42:10.377 2380-2413/android.example.com.squawker V/FA: Scheduling upload with DelayedRunnable
07-08 00:42:10.378 2380-2413/android.example.com.squawker V/FA: Scheduling upload with JobScheduler
    Scheduling job. JobID: -311463273
07-08 00:42:10.391 2471-2471/? I/Finsky: [1] com.google.android.finsky.FinskyApp.onCreate(430): Initializing network with DFE https://android.clients.google.com/fdfe/
07-08 00:42:10.392 2471-2471/? W/Finsky: [1] com.google.android.finsky.FinskyApp.i(1468): No account configured on this device.
07-08 00:42:10.404 2380-2470/android.example.com.squawker D/EGL_emulation: eglMakeCurrent: 0xb6105960: ver 2 0 (tinfo 0xb6103ac0)
07-08 00:42:10.430 2380-2413/android.example.com.squawker V/FA: Parsed config. version, gmp_app_id: 1530964327600078, 1:1049375092102:android:3345804a39540d3f
07-08 00:42:10.433 2471-2471/? W/Finsky: [1] com.google.android.finsky.FinskyApp.i(1468): No account configured on this device.
07-08 00:42:10.434 2471-2471/? W/Finsky: [1] com.google.android.finsky.FinskyApp.i(1468): No account configured on this device.
07-08 00:42:10.438 2471-2471/? W/Finsky: [1] com.google.android.finsky.FinskyApp.i(1468): No account configured on this device.
07-08 00:42:10.440 2471-2471/? W/Finsky: [1] com.google.android.finsky.FinskyApp.i(1468): No account configured on this device.
07-08 00:42:10.446 2471-2471/? W/Finsky: [1] com.google.android.finsky.FinskyApp.i(1468): No account configured on this device.
07-08 00:42:10.447 2471-2471/? W/Finsky: [1] com.google.android.finsky.FinskyApp.i(1468): No account configured on this device.
07-08 00:42:10.450 2380-2413/android.example.com.squawker W/System: ClassLoader referenced unknown path: /system/priv-app/PrebuiltGmsCore/lib/x86
07-08 00:42:10.460 2380-2413/android.example.com.squawker W/GooglePlayServicesUtil: Google Play services out of date.  Requires 12451000 but found 11743470
07-08 00:42:10.476 2471-2471/? W/Finsky: [1] com.google.android.finsky.FinskyApp.i(1468): No account configured on this device.
07-08 00:42:10.477 2471-2471/? W/Finsky: [1] com.google.android.finsky.FinskyApp.i(1468): No account configured on this device.
07-08 00:42:10.480 2471-2471/? I/Finsky: [1] com.google.android.finsky.services.DailyHygiene.a(171): No need to run daily hygiene.
07-08 00:42:10.481 2471-2471/? W/Finsky: [1] com.google.android.finsky.FinskyApp.i(1468): No account configured on this device.
07-08 00:42:10.493 2471-2471/? W/Settings: Setting download_manager_max_bytes_over_mobile has moved from android.provider.Settings.Secure to android.provider.Settings.Global.
07-08 00:42:10.494 2471-2471/? W/Settings: Setting download_manager_recommended_max_bytes_over_mobile has moved from android.provider.Settings.Secure to android.provider.Settings.Global.
07-08 00:42:10.507 2176-2469/? V/MediaScanner: pruneDeadThumbnailFiles... android.content.ContentProviderClient$CursorWrapperInner@753fdec
07-08 00:42:10.508 2176-2469/? V/MediaScanner: /pruneDeadThumbnailFiles... android.content.ContentProviderClient$CursorWrapperInner@753fdec
07-08 00:42:10.510 2471-2471/? W/Finsky: [1] com.google.android.finsky.FinskyApp.i(1468): No account configured on this device.
07-08 00:42:10.512 2471-2471/? W/Finsky: [1] com.google.android.finsky.FinskyApp.i(1468): No account configured on this device.
07-08 00:42:10.514 2471-2471/? W/Finsky: [1] com.google.android.finsky.FinskyApp.i(1468): No account configured on this device.
07-08 00:42:10.517 2471-2471/? W/Finsky: [1] com.google.android.finsky.FinskyApp.i(1468): No account configured on this device.
07-08 00:42:10.518 2471-2471/? W/Finsky: [1] com.google.android.finsky.FinskyApp.i(1468): No account configured on this device.
    [1] com.google.android.finsky.FinskyApp.b(1150): No account configured on this device.
07-08 00:42:10.522 2471-2471/? W/Finsky: [1] com.google.android.finsky.FinskyApp.i(1468): No account configured on this device.
07-08 00:42:10.525 2471-2511/? W/Finsky: [143] com.google.android.finsky.FinskyApp.i(1468): No account configured on this device.
07-08 00:42:10.534 2514-2514/? W/art: Unexpected CPU variant for X86 using defaults: x86
07-08 00:42:10.535 1584-1595/? I/ActivityManager: Start proc 2514:com.google.android.apps.maps/u0a58 for broadcast com.google.android.apps.maps/com.google.android.apps.gmm.navigation.service.detection.StartDetectionReceiver
07-08 00:42:10.543 2471-2471/? I/Finsky: [1] com.google.android.finsky.c.l.a(270): result=false type=4
07-08 00:42:10.551 2514-2514/? W/System: ClassLoader referenced unknown path: /system/app/Maps/lib/x86
07-08 00:42:10.562 1584-1604/? I/ActivityManager: Displayed android.example.com.squawker/.MainActivity: +1s764ms
07-08 00:42:10.562 2471-2471/? I/Finsky: [1] com.google.android.finsky.services.bc.a(1050): Restore complete with 0 success and 0 failed.
07-08 00:42:10.566 2471-2511/? W/Finsky: [143] com.google.android.finsky.FinskyApp.i(1468): No account configured on this device.
07-08 00:42:10.771 1584-1604/? I/WindowManager: Destroying surface Surface(name=Starting android.example.com.squawker) called by com.android.server.wm.WindowStateAnimator.destroySurface:2016 com.android.server.wm.WindowStateAnimator.destroySurfaceLocked:882 com.android.server.wm.WindowState.destroyOrSaveSurface:2100 com.android.server.wm.AppWindowToken.destroySurfaces:363 com.android.server.wm.WindowStateAnimator.finishExit:565 com.android.server.wm.WindowStateAnimator.stepAnimationLocked:491 com.android.server.wm.WindowAnimator.updateWindowsLocked:303 com.android.server.wm.WindowAnimator.animateLocked:704 
07-08 00:42:10.823 2380-2413/android.example.com.squawker V/FA: Logging event: origin=auto,name=screen_view(_vs),params=Bundle[{firebase_event_origin(_o)=auto, firebase_screen_class(_sc)=MainActivity, firebase_screen_id(_si)=3804928648696822982}]
07-08 00:42:10.840 1584-1595/? I/WindowManager: Destroying surface Surface(name=com.android.launcher3/com.android.launcher3.Launcher) called by com.android.server.wm.WindowStateAnimator.destroySurface:2016 com.android.server.wm.WindowStateAnimator.destroySurfaceLocked:882 com.android.server.wm.WindowState.destroyOrSaveSurface:2100 com.android.server.wm.AppWindowToken.destroySurfaces:363 com.android.server.wm.AppWindowToken.notifyAppStopped:389 com.android.server.wm.WindowManagerService.notifyAppStopped:4463 com.android.server.am.ActivityStack.activityStoppedLocked:1252 com.android.server.am.ActivityManagerService.activityStopped:6903 
07-08 00:42:10.845 2380-2413/android.example.com.squawker V/FA: Saving event, name, data size: screen_view(_vs), 57
07-08 00:42:10.847 2380-2413/android.example.com.squawker V/FA: Event recorded: Event{appId='android.example.com.squawker', name='screen_view(_vs)', params=Bundle[{firebase_event_origin(_o)=auto, firebase_screen_class(_sc)=MainActivity, firebase_screen_id(_si)=3804928648696822982}]}
07-08 00:42:10.852 2380-2413/android.example.com.squawker V/FA: Upload scheduled in approximately ms: 3599515
07-08 00:42:10.854 2380-2413/android.example.com.squawker V/FA: Cancelling job. JobID: -311463273
07-08 00:42:10.855 2380-2413/android.example.com.squawker V/FA: Scheduling upload with JobScheduler
    Scheduling job. JobID: -311463273
07-08 00:42:10.856 2380-2413/android.example.com.squawker V/FA: Background event processing time, ms: 33
07-08 00:42:11.021 2539-2539/? W/art: Unexpected CPU variant for X86 using defaults: x86
07-08 00:42:11.029 1584-1927/? I/ActivityManager: Start proc 2539:com.google.android.apps.messaging/u0a65 for broadcast com.google.android.apps.messaging/.shared.receiver.BootAndPackageReplacedReceiver
07-08 00:42:11.041 2539-2539/? W/System: ClassLoader referenced unknown path: /system/app/PrebuiltBugle/lib/x86
07-08 00:42:11.048 2453-2453/? I/CalendarProvider2: Sending notification intent: Intent { act=android.intent.action.PROVIDER_CHANGED dat=content://com.android.calendar flg=0x20000000 }
07-08 00:42:11.048 2453-2453/? W/ContentResolver: Failed to get type for: content://com.android.calendar (Unknown URL content://com.android.calendar)
07-08 00:42:11.141 2514-2531/? W/com.google.a.a.b.d.a: Application name is not set. Call Builder#setApplicationName.
07-08 00:42:11.249 2559-2559/? W/art: Unexpected CPU variant for X86 using defaults: x86
07-08 00:42:11.253 1584-1841/? I/ActivityManager: Start proc 2559:com.google.android.apps.photos/u0a63 for broadcast com.google.android.apps.photos/.camerashortcut.CameraShortcutBroadcastReceiver
07-08 00:42:11.276 2539-2539/? I/Bugle: Carrier config changed. Reloading MMS config.
07-08 00:42:11.293 2559-2559/? W/System: ClassLoader referenced unknown path: /system/app/Photos/lib/x86
07-08 00:42:11.353 2539-2558/? I/Bugle: ApnsOta: OTA version -1
07-08 00:42:11.433 2539-2574/? W/Bugle: canonicalizeMccMnc: invalid mccmnc:null ,null
07-08 00:42:11.440 1584-2037/? D/MmsServiceBroker: getCarrierConfigValues() by com.google.android.apps.messaging
07-08 00:42:11.440 1584-2037/? W/MmsServiceBroker: MmsService not connected. Try connecting...
07-08 00:42:11.441 1584-1584/? I/MmsServiceBroker: Connecting to MmsService
07-08 00:42:11.442 1584-1584/? W/ContextImpl: Calling a method in the system process without a qualified user: android.app.ContextImpl.bindService:1449 com.android.server.MmsServiceBroker.tryConnecting:241 com.android.server.MmsServiceBroker.-wrap3:-1 com.android.server.MmsServiceBroker$1.handleMessage:83 android.os.Handler.dispatchMessage:102 
07-08 00:42:11.455 1785-1785/? W/System: ClassLoader referenced unknown path: /system/priv-app/MmsService/lib/x86
07-08 00:42:11.461 1785-1785/? D/MmsService: onCreate
07-08 00:42:11.465 2539-2572/? I/BugleDataModel: Fixup: Send failed - 0 Download failed - 0
07-08 00:42:11.466 1584-1584/? I/MmsServiceBroker: MmsService connected
07-08 00:42:11.466 1785-1785/? I/MmsService: MmsConfigManager receiver action: android.intent.action.SIM_STATE_CHANGED
    MmsConfigManager receiver action: android.telephony.action.CARRIER_CONFIG_CHANGED
07-08 00:42:11.467 1785-1812/? D/MmsService: getCarrierConfigValues
07-08 00:42:11.467 1785-1812/? I/MmsService: mms config for sub 1: null
07-08 00:42:11.468 1785-2575/? I/MmsService: MmsConfigManager loads in background mcc/mnc: 310/260
07-08 00:42:11.468 2539-2574/? I/Bugle: Carrier configs loaded: Bundle[{spamForwardingNumber=7726, maxImageHeight=1944, maxMessageSize=1048576, maxImageWidth=2592}] from resources+system for subId=1
07-08 00:42:11.469 1785-2576/? I/MmsService: MmsConfigManager loads in background mcc/mnc: 310/260
07-08 00:42:11.469 1785-2577/? I/MmsService: MmsConfigManager loads in background mcc/mnc: 310/260
07-08 00:42:11.492 2539-2574/? W/Bugle: canonicalizeMccMnc: invalid mccmnc:null ,null
07-08 00:42:11.497 1584-1927/? D/MmsServiceBroker: getCarrierConfigValues() by com.google.android.apps.messaging
07-08 00:42:11.498 1785-1812/? D/MmsService: getCarrierConfigValues
07-08 00:42:11.498 1785-1812/? I/MmsService: mms config for sub 1: Bundle[{httpSocketTimeout=60000, aliasMinChars=2, smsToMmsTextThreshold=-1, enableSMSDeliveryReports=true, maxMessageTextSize=-1, supportMmsContentDisposition=true, enabledTransID=false, aliasEnabled=false, supportHttpCharsetHeader=false, allowAttachAudio=true, smsToMmsTextLengthThreshold=-1, recipientLimit=2147483647, uaProfTagName=x-wap-profile, aliasMaxChars=48, maxImageHeight=1944, enableMMSDeliveryReports=false, userAgent=, config_cellBroadcastAppLinks=true, maxSubjectLength=40, httpParams=, enableGroupMms=true, emailGatewayNumber=, maxMessageSize=1048576, naiSuffix=, enableMMSReadReports=false, maxImageWidth=2592, uaProfUrl=, enabledMMS=false, enabledNotifyWapMMSC=false, sendMultipartSmsAsSeparateMessages=false, enableMultipartSMS=true}]
07-08 00:42:11.498 2539-2574/? I/Bugle: Carrier configs loaded: Bundle[{httpSocketTimeout=60000, aliasMinChars=2, smsToMmsTextThreshold=-1, enableSMSDeliveryReports=true, maxMessageTextSize=-1, supportMmsContentDisposition=true, enabledTransID=false, aliasEnabled=false, supportHttpCharsetHeader=false, allowAttachAudio=true, spamForwardingNumber=7726, smsToMmsTextLengthThreshold=-1, recipientLimit=2147483647, uaProfTagName=x-wap-profile, aliasMaxChars=48, maxImageHeight=1944, enableMMSDeliveryReports=false, userAgent=, config_cellBroadcastAppLinks=true, maxSubjectLength=40, httpParams=, enableGroupMms=true, emailGatewayNumber=, maxMessageSize=1048576, naiSuffix=, enableMMSReadReports=false, maxImageWidth=2592, uaProfUrl=, enabledMMS=false, enabledNotifyWapMMSC=false, sendMultipartSmsAsSeparateMessages=false, enableMultipartSMS=true}] from resources+system for subId=1
07-08 00:42:11.511 2539-2558/? W/Bugle: canonicalizeMccMnc: invalid mccmnc:null ,null
07-08 00:42:11.516 1584-1841/? D/MmsServiceBroker: getCarrierConfigValues() by com.google.android.apps.messaging
07-08 00:42:11.516 1785-2027/? D/MmsService: getCarrierConfigValues
07-08 00:42:11.517 1785-2027/? I/MmsService: mms config for sub 1: Bundle[{httpSocketTimeout=60000, aliasMinChars=2, smsToMmsTextThreshold=-1, enableSMSDeliveryReports=true, maxMessageTextSize=-1, supportMmsContentDisposition=true, enabledTransID=false, aliasEnabled=false, supportHttpCharsetHeader=false, allowAttachAudio=true, smsToMmsTextLengthThreshold=-1, recipientLimit=2147483647, uaProfTagName=x-wap-profile, aliasMaxChars=48, maxImageHeight=1944, enableMMSDeliveryReports=false, userAgent=, config_cellBroadcastAppLinks=true, maxSubjectLength=40, httpParams=, enableGroupMms=true, emailGatewayNumber=, maxMessageSize=1048576, naiSuffix=, enableMMSReadReports=false, maxImageWidth=2592, uaProfUrl=, enabledMMS=false, enabledNotifyWapMMSC=false, sendMultipartSmsAsSeparateMessages=false, enableMultipartSMS=true}]
07-08 00:42:11.517 2539-2558/? I/Bugle: Carrier configs loaded: Bundle[{httpSocketTimeout=60000, aliasMinChars=2, smsToMmsTextThreshold=-1, enableSMSDeliveryReports=true, maxMessageTextSize=-1, supportMmsContentDisposition=true, enabledTransID=false, aliasEnabled=false, supportHttpCharsetHeader=false, allowAttachAudio=true, spamForwardingNumber=7726, smsToMmsTextLengthThreshold=-1, recipientLimit=2147483647, uaProfTagName=x-wap-profile, aliasMaxChars=48, maxImageHeight=1944, enableMMSDeliveryReports=false, userAgent=, config_cellBroadcastAppLinks=true, maxSubjectLength=40, httpParams=, enableGroupMms=true, emailGatewayNumber=, maxMessageSize=1048576, naiSuffix=, enableMMSReadReports=false, maxImageWidth=2592, uaProfUrl=, enabledMMS=false, enabledNotifyWapMMSC=false, sendMultipartSmsAsSeparateMessages=false, enableMultipartSMS=true}] from resources+system for subId=1
07-08 00:42:11.654 2539-2580/? I/BugleDataModel: ExpireWapPushSiMessageAction
07-08 00:42:11.662 2539-2580/? V/BugleDataModel: getOrCreateThreadId uri: content://mms-sms/threadID?recipient=%CA%BCWAP_PUSH_SI!%CA%BC
07-08 00:42:11.683 2159-2159/? W/ChimeraUtils: Non Chimera context
07-08 00:42:11.690 2539-2580/? W/BugleDataModel: ExpireWapPushSiMessageAction: no WAP Push SI messages
07-08 00:42:11.806 2159-2415/? I/DynamiteModule: Considering local module com.google.android.gms.googlecertificates:4 and remote module com.google.android.gms.googlecertificates:4
    Selected local version of com.google.android.gms.googlecertificates
07-08 00:42:11.892 2159-2591/? I/Icing: IndexChimeraService.getServiceInterface callingPackage=com.google.android.apps.messaging componentName=null serviceId=32
07-08 00:42:11.894 2159-2589/? I/Icing: IndexChimeraService.getServiceInterface callingPackage=com.google.android.apps.messaging componentName=null serviceId=36
07-08 00:42:12.065 1584-1642/? D/CountryDetector: The first listener is added
07-08 00:42:12.092 2159-2581/? I/Icing: Storage manager: low false usage 18.24MB avail 1.57GB capacity 1.94GB
07-08 00:42:12.092 2559-2559/? W/TrustedPartners: no provider found for com.motorola.camera.provider.bestshotprovider.BestShotProvider; do not trust
07-08 00:42:12.093 2559-2559/? W/TrustedPartners: no provider found for com.google.android.apps.photos.api.SpecialTypesProvider; do not trust
    no provider found for com.lge.photos.specialtypeprovider; do not trust
07-08 00:42:12.099 2606-2606/? W/art: Unexpected CPU variant for X86 using defaults: x86
07-08 00:42:12.107 1584-1841/? I/ActivityManager: Start proc 2606:com.google.android.apps.photos:CameraShortcut/u0a63 for service com.google.android.apps.photos/.camerashortcut.CameraShortcutServiceImpl
07-08 00:42:12.125 2606-2606/? W/System: ClassLoader referenced unknown path: /system/app/Photos/lib/x86
07-08 00:42:12.142 2621-2621/? W/art: Unexpected CPU variant for X86 using defaults: x86
07-08 00:42:12.147 1584-2004/? I/ActivityManager: Start proc 2621:com.google.android.calendar/u0a33 for broadcast com.google.android.calendar/com.android.calendar.alerts.AlertReceiver
07-08 00:42:12.158 2621-2621/? W/System: ClassLoader referenced unknown path: /system/app/CalendarGooglePrebuilt/lib/x86
07-08 00:42:12.167 2159-2636/? I/Icing: IndexChimeraService.getServiceInterface callingPackage=com.google.android.apps.messaging componentName=null serviceId=36
07-08 00:42:12.215 2606-2606/? W/TrustedPartners: no provider found for com.motorola.camera.provider.bestshotprovider.BestShotProvider; do not trust
    no provider found for com.google.android.apps.photos.api.SpecialTypesProvider; do not trust
07-08 00:42:12.216 2606-2606/? W/TrustedPartners: no provider found for com.lge.photos.specialtypeprovider; do not trust
07-08 00:42:12.229 2159-2581/? W/Icing: city name for address is empty.
    street name for address is empty.
    Address token type data file path is empty.
    transportation_script_path is empty
07-08 00:42:12.232 2159-2581/? W/Icing: generic::invalid_argument: Empty URI
    generic::invalid_argument: Empty URI
    WordsMap was not properly initialized
07-08 00:42:12.373 2159-2581/? I/Icing: updateResources: need to parse uaz{com.google.android.gms}
07-08 00:42:12.398 1584-1927/? W/ActivityManager: Unable to start service Intent { act=com.google.android.gms.playlog.service.START pkg=com.google.android.gms } U=0: not found
07-08 00:42:12.399 1584-1925/? W/ActivityManager: Unbind failed: could not find connection for android.os.BinderProxy@d0e296
07-08 00:42:12.401 2621-2621/? E/GmsClient: unable to connect to service: com.google.android.gms.playlog.service.START
07-08 00:42:12.413 2621-2621/? E/TimelyPrefService: Primary account is null
07-08 00:42:12.477 2621-2621/? W/AnalyticsLogBase: PlayLogger.onLoggerFailedConnection
07-08 00:42:12.480 2159-2581/? I/Icing: Internal init done: storage state 0
07-08 00:42:12.491 2669-2669/? W/art: Unexpected CPU variant for X86 using defaults: x86
07-08 00:42:12.498 1584-2004/? I/ActivityManager: Start proc 2669:com.google.android.configupdater/u0a5 for broadcast com.google.android.configupdater/.CertPin.CertPinUpdateRequestReceiver
07-08 00:42:12.510 2669-2669/? W/System: ClassLoader referenced unknown path: /system/priv-app/ConfigUpdater/lib/x86
07-08 00:42:12.513 2159-2581/? I/Icing: Post-init done
07-08 00:42:12.559 2159-2682/? I/Icing: IndexChimeraService.getServiceInterface callingPackage=com.google.android.apps.messaging componentName=null serviceId=36
07-08 00:42:12.571 2159-2682/? I/Icing: IndexChimeraService.getServiceInterface callingPackage=com.google.android.apps.messaging componentName=null serviceId=36
07-08 00:42:12.596 2159-2581/? I/Icing: Usage reports ok 0, Failed Usage reports 0, indexed 0, rejected 0, imm upload false
07-08 00:42:12.599 2159-2581/? I/Icing: Usage reports ok 0, Failed Usage reports 0, indexed 0, rejected 0, imm upload false
07-08 00:42:12.603 2159-2581/? I/Icing: Usage reports ok 0, Failed Usage reports 0, indexed 0, rejected 0, imm upload false
07-08 00:42:12.603 2669-2669/? E/ConfigUpdater: ignoring update request
07-08 00:42:12.606 2669-2669/? E/ConfigUpdater: ignoring update request
07-08 00:42:12.608 2159-2581/? I/Icing: Usage reports ok 0, Failed Usage reports 0, indexed 0, rejected 0, imm upload false
07-08 00:42:12.610 2669-2669/? E/ConfigUpdater: ignoring update request
07-08 00:42:12.611 2159-2581/? I/Icing: Usage reports ok 0, Failed Usage reports 0, indexed 0, rejected 0, imm upload false
07-08 00:42:12.612 2669-2669/? E/ConfigUpdater: ignoring update request
07-08 00:42:12.615 2669-2669/? E/ConfigUpdater: ignoring update request
07-08 00:42:12.619 2669-2669/? E/ConfigUpdater: ignoring update request
07-08 00:42:12.623 2669-2669/? E/ConfigUpdater: ignoring update request
07-08 00:42:12.627 2697-2697/? W/art: Unexpected CPU variant for X86 using defaults: x86
07-08 00:42:12.635 1584-1642/? I/ActivityManager: Start proc 2697:com.google.android.gm/u0a66 for broadcast com.google.android.gm/.GoogleMailDeviceStartupReceiver
07-08 00:42:12.648 2697-2697/? W/System: ClassLoader referenced unknown path: /system/app/PrebuiltGmail/lib/x86
07-08 00:42:12.756 2697-2697/? W/EasBundling: in EasBundling.init, isBundlingEnabled=true
07-08 00:42:12.765 2697-2712/? I/Gmail: getAccountsCursor
07-08 00:42:12.766 2697-2713/? D/ActivityThread: Loading provider com.google.android.gmail.provider;com.android.mail.notifier;com.google.android.gm.email.provider;com.google.android.gm.email.notifier: com.android.email.provider.EmailProvider
07-08 00:42:12.770 1935-1935/? W/ChimeraUtils: Non Chimera context
07-08 00:42:12.906 1584-2005/? I/ActivityManager: START u0 {cmp=android.example.com.squawker/.following.FollowingPreferenceActivity} from uid 10104 on display 0
07-08 00:42:12.919 1343-1370/? W/audio_hw_generic: Not supplying enough data to HAL, expected position 260 , only wrote 0
07-08 00:42:12.934 2380-2413/android.example.com.squawker V/FA: Recording user engagement, ms: 2995
07-08 00:42:12.936 2380-2380/android.example.com.squawker V/FA: onActivityCreated
07-08 00:42:12.942 2380-2413/android.example.com.squawker V/FA: Activity paused, time: 28105
07-08 00:42:12.947 2380-2413/android.example.com.squawker D/FA: Logging event (FE): user_engagement(_e), Bundle[{firebase_event_origin(_o)=auto, engagement_time_msec(_et)=2995, firebase_screen_class(_sc)=MainActivity, firebase_screen_id(_si)=3804928648696822982}]
07-08 00:42:12.993 2697-2697/? W/GAV2: Thread[main,5,main]: Need to call initialize() and be in fallback mode to start dispatch.
07-08 00:42:13.005 2380-2413/android.example.com.squawker V/FA: Logging event: origin=auto,name=user_engagement(_e),params=Bundle[{firebase_event_origin(_o)=auto, engagement_time_msec(_et)=2995, firebase_screen_class(_sc)=MainActivity, firebase_screen_id(_si)=3804928648696822982}]
07-08 00:42:13.010 2380-2413/android.example.com.squawker V/FA: Saving event, name, data size: user_engagement(_e), 67
07-08 00:42:13.011 2380-2413/android.example.com.squawker V/FA: Event recorded: Event{appId='android.example.com.squawker', name='user_engagement(_e)', params=Bundle[{firebase_event_origin(_o)=auto, engagement_time_msec(_et)=2995, firebase_screen_class(_sc)=MainActivity, firebase_screen_id(_si)=3804928648696822982}]}
07-08 00:42:13.012 2380-2413/android.example.com.squawker V/FA: Upload scheduled in approximately ms: 3597355
07-08 00:42:13.014 2380-2413/android.example.com.squawker V/FA: Cancelling job. JobID: -311463273
    Scheduling upload with JobScheduler
    Scheduling job. JobID: -311463273
07-08 00:42:13.015 2380-2413/android.example.com.squawker V/FA: Background event processing time, ms: 10
07-08 00:42:13.033 2380-2413/android.example.com.squawker D/FA: Logging event (FE): screen_view(_vs), Bundle[{firebase_event_origin(_o)=auto, firebase_previous_class(_pc)=MainActivity, firebase_previous_id(_pi)=3804928648696822982, firebase_screen_class(_sc)=FollowingPreferenceActivity, firebase_screen_id(_si)=3804928648696822983}]
07-08 00:42:13.047 2697-2697/? I/Gmail: Account list changed
07-08 00:42:13.057 2380-2413/android.example.com.squawker V/FA: Logging event: origin=auto,name=screen_view(_vs),params=Bundle[{firebase_event_origin(_o)=auto, firebase_previous_class(_pc)=MainActivity, firebase_previous_id(_pi)=3804928648696822982, firebase_screen_class(_sc)=FollowingPreferenceActivity, firebase_screen_id(_si)=3804928648696822983}]
07-08 00:42:13.066 2380-2413/android.example.com.squawker V/FA: Saving event, name, data size: screen_view(_vs), 110
07-08 00:42:13.067 2380-2413/android.example.com.squawker V/FA: Event recorded: Event{appId='android.example.com.squawker', name='screen_view(_vs)', params=Bundle[{firebase_event_origin(_o)=auto, firebase_previous_class(_pc)=MainActivity, firebase_previous_id(_pi)=3804928648696822982, firebase_screen_class(_sc)=FollowingPreferenceActivity, firebase_screen_id(_si)=3804928648696822983}]}
07-08 00:42:13.072 2380-2413/android.example.com.squawker V/FA: Upload scheduled in approximately ms: 3597295
07-08 00:42:13.080 2697-2712/? I/Gmail: Initiated Service map for: [gPop3, gLegacyImap, gEas, gmail]
07-08 00:42:13.094 2380-2413/android.example.com.squawker V/FA: Cancelling job. JobID: -311463273
07-08 00:42:13.095 2380-2413/android.example.com.squawker V/FA: Scheduling upload with JobScheduler
    Scheduling job. JobID: -311463273
    Background event processing time, ms: 38
07-08 00:42:13.100 2697-2722/? I/Gmail: No Email application installed
07-08 00:42:13.101 2697-2722/? I/EmailMigration: No data to migrate
07-08 00:42:13.101 2697-2722/? W/EmailMigration: No Exchange migration, not the right Email provider version
07-08 00:42:13.111 2697-2712/? I/Gmail: getAccountsCursor
07-08 00:42:13.130 2697-2697/? I/Exchange: EasService.onCreate
07-08 00:42:13.134 1584-2004/? W/ActivityManager: Unable to start service Intent { cmp=com.google.android.gm.exchange/com.android.exchange.service.EasService } U=0: not found
07-08 00:42:13.134 2697-2697/? I/Exchange: EasService.onCreate stoppedOldService=false
07-08 00:42:13.138 2697-2697/? W/EasBundling: Gmail: isExchangeLegacy=false action=android.intent.action.BOOT_COMPLETED data=null
07-08 00:42:13.146 2159-2159/? W/System: ClassLoader referenced unknown path: /system/app/PlayGames/lib/x86
07-08 00:42:13.148 2159-2159/? W/System: ClassLoader referenced unknown path: 
    ClassLoader referenced unknown path: /system/app/PlayGames/lib/x86
07-08 00:42:13.153 2380-2413/android.example.com.squawker V/FA: Activity resumed, time: 28164
07-08 00:42:13.156 1584-2005/? W/ActivityManager: Unable to start service Intent { cmp=com.google.android.gm/com.android.email.service.AttachmentService } U=0: not found
07-08 00:42:13.166 2697-2697/? E/ActivityThread: Service com.android.email.service.EmailBroadcastProcessorService has leaked ServiceConnection bie@1de1e84 that was originally bound here
    android.app.ServiceConnectionLeaked: Service com.android.email.service.EmailBroadcastProcessorService has leaked ServiceConnection bie@1de1e84 that was originally bound here
        at android.app.LoadedApk$ServiceDispatcher.<init>(LoadedApk.java:1336)
        at android.app.LoadedApk.getServiceDispatcher(LoadedApk.java:1231)
        at android.app.ContextImpl.bindServiceCommon(ContextImpl.java:1478)
        at android.app.ContextImpl.bindService(ContextImpl.java:1450)
        at android.content.ContextWrapper.bindService(ContextWrapper.java:636)
        at bic.a(SourceFile:243)
        at bic.d(SourceFile:286)
        at bcf.c(SourceFile:175)
        at bac.a(SourceFile:203)
        at bac.a(SourceFile:147)
        at com.android.email.service.EmailBroadcastProcessorService.c(SourceFile:343)
        at com.android.email.service.EmailBroadcastProcessorService.onHandleIntent(SourceFile:1328)
        at android.app.IntentService$ServiceHandler.handleMessage(IntentService.java:68)
        at android.os.Handler.dispatchMessage(Handler.java:102)
        at android.os.Looper.loop(Looper.java:154)
        at android.os.HandlerThread.run(HandlerThread.java:61)
07-08 00:42:13.167 2697-2727/? E/bhg: RuntimeException when trying to unbind from service
    java.lang.IllegalArgumentException: Service not registered: bie@1de1e84
        at android.app.LoadedApk.forgetServiceDispatcher(LoadedApk.java:1289)
        at android.app.ContextImpl.unbindService(ContextImpl.java:1511)
