07-08 00:42:22.694 1584-1597/? W/ActivityManager: Activity pause timeout for ActivityRecord{8172489 u0 android.example.com.squawker/.following.FollowingPreferenceActivity t960 f}
07-08 00:42:23.581 1584-1642/? I/ActivityManager: Killing 2738:com.google.android.onetimeinitializer/u0a16 (adj 906): empty #17
07-08 00:42:23.589 1584-2004/? D/ActivityManager: cleanUpApplicationRecord -- 2738
07-08 00:42:24.623 1584-1595/? W/ActivityManager: Permission Denial: Accessing service ComponentInfo{com.google.android.music/com.google.android.music.dial.DialMediaRouteProviderService} from pid=2159, uid=10013 that is not exported from uid 10059
07-08 00:42:24.627 1584-1927/? W/ActivityManager: Permission Denial: Accessing service ComponentInfo{com.google.android.music/com.google.android.music.dial.DialMediaRouteProviderService} from pid=2996, uid=10073 that is not exported from uid 10059
07-08 00:42:24.669 1584-1618/? I/InputReader: Reconfiguring input devices.  changes=0x00000010
07-08 00:42:24.694 1935-1935/? I/GCoreNlp: shouldConfirmNlp, NLP off. Ensuring opt-in disabled
07-08 00:42:24.700 1785-1785/? D/CarrierSvcBindHelper: No carrier app for: 0
07-08 00:42:24.704 1584-1925/? D/AlarmManagerService: Kernel timezone updated to 0 minutes west of GMT
07-08 00:42:24.706 1584-1841/? D/AlarmManagerService: Setting time of day to sec=1531010544
07-08 00:42:24.003 1584-1841/? W/AlarmManagerService: Unable to set rtc to 1531010544: No such device
07-08 00:42:24.006 1584-1584/? D/ConditionProviders.SCP: onReceive android.intent.action.TIME_SET
07-08 00:42:24.011 3320-3320/? W/art: Unexpected CPU variant for X86 using defaults: x86
07-08 00:42:24.016 1584-1597/? I/ActivityManager: Start proc 3320:com.android.deskclock/u0a41 for broadcast com.android.deskclock/.AlarmInitReceiver
07-08 00:42:24.017 1584-1584/? D/ConditionProviders.SCP: notifyCondition condition://android/schedule?days=6.7&start=23.30&end=10.0&exitAtAlarm=false STATE_TRUE reason=meetsSchedule
07-08 00:42:24.018 1584-1584/? D/ConditionProviders.SCP: notifyCondition condition://android/schedule?days=1.2.3.4.5&start=22.0&end=7.0&exitAtAlarm=false STATE_FALSE reason=!meetsSchedule
07-08 00:42:24.021 1584-1584/? D/ConditionProviders.SCP: Scheduling evaluate for Sun Jul 08 07:00:00 GMT+00:00 2018 (1531033200000), in +6h17m35s994ms, now=Sun Jul 08 00:42:24 GMT+00:00 2018 (1531010544006)
07-08 00:42:24.023 1935-1935/? I/GeofencerStateMachine: sendQueryLocationOptIn
07-08 00:42:24.042 3320-3320/? W/System: ClassLoader referenced unknown path: /system/app/DeskClock/lib/x86
07-08 00:42:24.046 1664-1850/? D/EGL_emulation: eglMakeCurrent: 0xb6105600: ver 2 0 (tinfo 0xb6103f30)
07-08 00:42:24.061 3320-3320/? I/AlarmClock: AlarmInitReceiver android.intent.action.TIME_SET
07-08 00:42:24.229 2848-2848/? D/Babel: RefCountedService(com.google.android.apps.hangouts.requestwriter.RequestWriter) onDestroy (count=0, startId=2 stopped=true)
07-08 00:42:24.234 1584-1642/? I/ActivityManager: Killing 2781:com.google.process.gapps/u0a50 (adj 906): empty #17
07-08 00:42:24.289 1584-2005/? D/ActivityManager: cleanUpApplicationRecord -- 2781
07-08 00:42:24.482 1584-2794/? I/ActivityManager: Killing 2380:android.example.com.squawker/u0a104 (adj 0): crash
07-08 00:42:24.482 1584-2794/? D/ActivityManager: cleanUpApplicationRecord -- 2380
07-08 00:42:24.507 1343-1371/? W/audio_hw_generic: Not supplying enough data to HAL, expected position 925767 , only wrote 540720
07-08 00:42:24.511 1343-1370/? W/audio_hw_generic: Not supplying enough data to HAL, expected position 540834 , only wrote 540720
07-08 00:42:24.515 1584-3313/? D/EGL_emulation: eglMakeCurrent: 0x9c8bfea0: ver 2 0 (tinfo 0x99b5aa40)
07-08 00:42:24.524 1584-3313/? D/OpenGLRenderer: endAllActiveAnimators on 0x94431280 (RippleDrawable) with handle 0x9617fa20
07-08 00:42:24.539 1584-2005/? D/GraphicsStats: Buffer count: 4
07-08 00:42:24.541 1584-1617/? W/InputDispatcher: channel 'ef0e64e android.example.com.squawker/android.example.com.squawker.MainActivity (server)' ~ Consumer closed input channel or an error occurred.  events=0x9
07-08 00:42:24.542 1584-1617/? E/InputDispatcher: channel 'ef0e64e android.example.com.squawker/android.example.com.squawker.MainActivity (server)' ~ Channel is unrecoverably broken and will be disposed!
07-08 00:42:24.542 1584-1617/? W/InputDispatcher: channel '4448045 android.example.com.squawker/android.example.com.squawker.following.FollowingPreferenceActivity (server)' ~ Consumer closed input channel or an error occurred.  events=0x9
07-08 00:42:24.542 1584-1617/? E/InputDispatcher: channel '4448045 android.example.com.squawker/android.example.com.squawker.following.FollowingPreferenceActivity (server)' ~ Channel is unrecoverably broken and will be disposed!
07-08 00:42:24.613 1584-1925/? I/WindowManager: WIN DEATH: Window{ef0e64e u0 android.example.com.squawker/android.example.com.squawker.MainActivity}
07-08 00:42:24.613 1584-1925/? W/InputDispatcher: Attempted to unregister already unregistered input channel 'ef0e64e android.example.com.squawker/android.example.com.squawker.MainActivity (server)'
07-08 00:42:24.647 1584-1841/? I/WindowManager: WIN DEATH: Window{4448045 u0 android.example.com.squawker/android.example.com.squawker.following.FollowingPreferenceActivity}
07-08 00:42:24.647 1584-1841/? W/InputDispatcher: Attempted to unregister already unregistered input channel '4448045 android.example.com.squawker/android.example.com.squawker.following.FollowingPreferenceActivity (server)'
07-08 00:42:24.647 1584-1841/? I/WindowManager: Destroying surface Surface(name=android.example.com.squawker/android.example.com.squawker.following.FollowingPreferenceActivity) called by com.android.server.wm.WindowStateAnimator.destroySurface:2016 com.android.server.wm.WindowStateAnimator.destroySurfaceLocked:882 com.android.server.wm.WindowState.removeLocked:1456 com.android.server.wm.WindowManagerService.removeWindowInnerLocked:2484 com.android.server.wm.WindowManagerService.removeWindowLocked:2442 com.android.server.wm.WindowState$DeathRecipient.binderDied:1787 android.os.BinderProxy.sendDeathNotice:688 <bottom of call stack> 
07-08 00:42:24.679 1299-1299/? W/SurfaceFlinger: couldn't log to binary event log: overflow.
07-08 00:42:24.687 3336-3336/? I/art: Not late-enabling -Xcheck:jni (already on)
07-08 00:42:24.687 3336-3336/? W/art: Unexpected CPU variant for X86 using defaults: x86
07-08 00:42:24.696 1584-2794/? I/ActivityManager: Start proc 3336:android.example.com.squawker/u0a104 for activity android.example.com.squawker/.MainActivity
07-08 00:42:24.699 1584-2794/? E/ActivityManager: applyOptionsLocked: Unknown animationType=0
07-08 00:42:24.801 1299-1950/? D/gralloc_ranchu: gralloc_alloc: Creating ashmem region of size 8294400
07-08 00:42:24.945 3336-3336/android.example.com.squawker W/System: ClassLoader referenced unknown path: /data/app/android.example.com.squawker-2/lib/x86
07-08 00:42:25.075 1584-1604/? I/WindowManager: Destroying surface Surface(name=Application Error: android.example.com.squawker) called by com.android.server.wm.WindowStateAnimator.destroySurface:2016 com.android.server.wm.WindowStateAnimator.destroySurfaceLocked:882 com.android.server.wm.WindowState.destroyOrSaveSurface:2100 com.android.server.wm.WindowSurfacePlacer.performSurfacePlacementInner:429 com.android.server.wm.WindowSurfacePlacer.performSurfacePlacementLoop:232 com.android.server.wm.WindowSurfacePlacer.performSurfacePlacement:180 com.android.server.wm.WindowManagerService$H.handleMessage:8086 android.os.Handler.dispatchMessage:102 
07-08 00:42:25.076 1584-1604/? W/AppOps: Finishing op nesting under-run: uid 1000 pkg android code 24 time=0 duration=0 nesting=0
07-08 00:42:25.089 3336-3336/android.example.com.squawker V/FA: Registered activity lifecycle callback
07-08 00:42:25.104 3336-3336/android.example.com.squawker D/FirebaseApp: com.google.firebase.auth.FirebaseAuth is not linked. Skipping initialization.
    com.google.firebase.crash.FirebaseCrash is not linked. Skipping initialization.
07-08 00:42:25.104 3336-3336/android.example.com.squawker I/FirebaseInitProvider: FirebaseApp initialization successful
07-08 00:42:25.105 3336-3336/android.example.com.squawker I/InstantRun: starting instant run server: is main process
07-08 00:42:25.107 1584-1841/? I/ActivityManager: Killing 2873:com.google.android.gms.ui/u0a13 (adj 906): empty #17
07-08 00:42:25.114 1935-1946/? W/ConfigurationChimeraPro: Got null configs for com.google.android.gms.measurement
07-08 00:42:25.142 1584-1925/? D/ActivityManager: cleanUpApplicationRecord -- 2873
07-08 00:42:25.145 3336-3352/android.example.com.squawker V/FA: Collection enabled
    App package, google app id: android.example.com.squawker, 1:1049375092102:android:3345804a39540d3f
07-08 00:42:25.146 3336-3352/android.example.com.squawker I/FA: App measurement is starting up, version: 12780
    To enable debug logging run: adb shell setprop log.tag.FA VERBOSE
07-08 00:42:25.147 3336-3352/android.example.com.squawker I/FA: To enable faster debug mode event logging run:
      adb shell setprop debug.firebase.analytics.app android.example.com.squawker
07-08 00:42:25.147 3336-3352/android.example.com.squawker D/FA: Debug-level message logging enabled
07-08 00:42:25.164 3336-3352/android.example.com.squawker V/FA: Checking service availability
07-08 00:42:25.173 3336-3336/android.example.com.squawker W/art: Before Android 4.1, method android.graphics.PorterDuffColorFilter android.support.graphics.drawable.VectorDrawableCompat.updateTintFilter(android.graphics.PorterDuffColorFilter, android.content.res.ColorStateList, android.graphics.PorterDuff$Mode) would have incorrectly overridden the package-private method in android.graphics.drawable.Drawable
07-08 00:42:25.177 3336-3352/android.example.com.squawker W/GooglePlayServicesUtil: Google Play services out of date.  Requires 12451000 but found 11743470
07-08 00:42:25.177 3336-3352/android.example.com.squawker D/FA: Service container out of date
07-08 00:42:25.178 3336-3352/android.example.com.squawker V/FA: Setting useService: false
07-08 00:42:25.179 3336-3336/android.example.com.squawker V/FA: onActivityCreated
07-08 00:42:25.180 3336-3352/android.example.com.squawker V/FA: Using local app measurement service
07-08 00:42:25.188 3336-3352/android.example.com.squawker V/FA: Connection attempt already in progress
07-08 00:42:25.278 3336-3336/android.example.com.squawker D/MainActivity: Selection is authorKey IN  ('key_test','key_lyla')
07-08 00:42:25.290 3336-3352/android.example.com.squawker I/FA: Tag Manager is not found and thus will not be used
07-08 00:42:25.300 3336-3352/android.example.com.squawker D/FA: Logging event (FE): screen_view(_vs), Bundle[{firebase_event_origin(_o)=auto, firebase_screen_class(_sc)=MainActivity, firebase_screen_id(_si)=3804928648696822982}]
07-08 00:42:25.330 1299-1834/? E/SurfaceFlinger: ro.sf.lcd_density must be defined as a build property
07-08 00:42:25.339 3336-3352/android.example.com.squawker V/FA: Connection attempt already in progress
07-08 00:42:25.341 3336-3352/android.example.com.squawker V/FA: Connection attempt already in progress
07-08 00:42:25.343 3336-3352/android.example.com.squawker V/FA: Activity resumed, time: 41174
07-08 00:42:25.400 3336-3336/android.example.com.squawker V/FA: Local AppMeasurementService is starting up
07-08 00:42:25.439 3336-3352/android.example.com.squawker V/FA: Cancelling job. JobID: -311463273
07-08 00:42:25.541 3336-3360/android.example.com.squawker I/OpenGLRenderer: Initialized EGL, version 1.4
07-08 00:42:25.541 3336-3360/android.example.com.squawker D/OpenGLRenderer: Swap behavior 1
07-08 00:42:25.542 3336-3360/android.example.com.squawker W/OpenGLRenderer: Failed to choose config with EGL_SWAP_BEHAVIOR_PRESERVED, retrying without...
07-08 00:42:25.542 3336-3360/android.example.com.squawker D/OpenGLRenderer: Swap behavior 0
07-08 00:42:25.567 3336-3360/android.example.com.squawker D/EGL_emulation: eglCreateContext: 0xb6105960: maj 2 min 0 rcv 2
07-08 00:42:25.644 3336-3360/android.example.com.squawker D/EGL_emulation: eglMakeCurrent: 0xb6105960: ver 2 0 (tinfo 0xb6103c60)
07-08 00:42:25.644 3336-3336/android.example.com.squawker V/FA: Bound to IMeasurementService interface
07-08 00:42:25.648 3336-3352/android.example.com.squawker V/FA: Connected to service
07-08 00:42:25.650 3336-3352/android.example.com.squawker V/FA: Processing queued up service tasks: 4
07-08 00:42:25.652 3336-3352/android.example.com.squawker I/FA: This instance being marked as an uploader
07-08 00:42:25.669 3336-3336/android.example.com.squawker W/art: Before Android 4.1, method int android.support.v7.widget.ListViewCompat.lookForSelectablePosition(int, boolean) would have incorrectly overridden the package-private method in android.widget.ListView
07-08 00:42:25.669 3336-3352/android.example.com.squawker V/FA: Upload scheduled in approximately ms: 3584698
07-08 00:42:25.677 3336-3352/android.example.com.squawker V/FA: Cancelling job. JobID: -311463273
07-08 00:42:25.678 3336-3352/android.example.com.squawker V/FA: Scheduling upload with JobScheduler
07-08 00:42:25.679 3336-3352/android.example.com.squawker V/FA: Scheduling job. JobID: -311463273
07-08 00:42:25.690 3336-3352/android.example.com.squawker V/FA: Parsed config. version, gmp_app_id: 1530964327600078, 1:1049375092102:android:3345804a39540d3f
07-08 00:42:25.696 3336-3352/android.example.com.squawker W/System: ClassLoader referenced unknown path: /system/priv-app/PrebuiltGmsCore/lib/x86
07-08 00:42:25.696 3336-3360/android.example.com.squawker D/EGL_emulation: eglMakeCurrent: 0xb6105960: ver 2 0 (tinfo 0xb6103c60)
07-08 00:42:25.704 3336-3352/android.example.com.squawker W/GooglePlayServicesUtil: Google Play services out of date.  Requires 12451000 but found 11743470
07-08 00:42:25.767 1584-1604/? I/ActivityManager: Displayed android.example.com.squawker/.MainActivity: +1s84ms
07-08 00:42:25.828 3336-3352/android.example.com.squawker V/FA: Logging event: origin=auto,name=screen_view(_vs),params=Bundle[{firebase_event_origin(_o)=auto, firebase_screen_class(_sc)=MainActivity, firebase_screen_id(_si)=3804928648696822982}]
07-08 00:42:25.838 3336-3352/android.example.com.squawker V/FA: Saving event, name, data size: screen_view(_vs), 57
    Event recorded: Event{appId='android.example.com.squawker', name='screen_view(_vs)', params=Bundle[{firebase_event_origin(_o)=auto, firebase_screen_class(_sc)=MainActivity, firebase_screen_id(_si)=3804928648696822982}]}
07-08 00:42:25.841 3336-3352/android.example.com.squawker V/FA: Upload scheduled in approximately ms: 3584526
07-08 00:42:25.843 3336-3352/android.example.com.squawker V/FA: Cancelling job. JobID: -311463273
07-08 00:42:25.844 3336-3352/android.example.com.squawker V/FA: Scheduling upload with JobScheduler
    Scheduling job. JobID: -311463273
07-08 00:42:25.845 3336-3352/android.example.com.squawker V/FA: Background event processing time, ms: 18
07-08 00:42:25.981 1584-1604/? I/WindowManager: Destroying surface Surface(name=Starting android.example.com.squawker) called by com.android.server.wm.WindowStateAnimator.destroySurface:2016 com.android.server.wm.WindowStateAnimator.destroySurfaceLocked:882 com.android.server.wm.WindowState.destroyOrSaveSurface:2100 com.android.server.wm.AppWindowToken.destroySurfaces:363 com.android.server.wm.WindowStateAnimator.finishExit:565 com.android.server.wm.WindowStateAnimator.stepAnimationLocked:491 com.android.server.wm.WindowAnimator.updateWindowsLocked:303 com.android.server.wm.WindowAnimator.animateLocked:704 
07-08 00:42:26.661 2159-2588/? I/TcpDeviceProber: notifyProberError Device("Living Room TV" (9803e98d02bbc58944b4d93ab80e2839)) 3:connection failed: error="3 Connection timed out"
07-08 00:42:26.675 1584-1594/? I/ActivityManager: Killing 1879:com.android.cellbroadcastreceiver/u0a4 (adj 906): empty #17
07-08 00:42:26.717 1584-2037/? D/ActivityManager: cleanUpApplicationRecord -- 1879
07-08 00:42:26.788 1584-1597/? I/ActivityManager: Waited long enough for: ServiceRecord{8309222 u0 com.google.android.calendar/com.android.calendar.alerts.InitAlarmsService}
07-08 00:42:26.884 1935-1935/? I/WearableService: Wearable Services stopping
07-08 00:42:26.952 1584-2794/? I/ActivityManager: START u0 {cmp=android.example.com.squawker/.following.FollowingPreferenceActivity} from uid 10104 on display 0
07-08 00:42:26.960 3336-3352/android.example.com.squawker V/FA: Recording user engagement, ms: 1670
07-08 00:42:26.963 3336-3352/android.example.com.squawker V/FA: Activity paused, time: 42844
07-08 00:42:26.969 3336-3352/android.example.com.squawker D/FA: Logging event (FE): user_engagement(_e), Bundle[{firebase_event_origin(_o)=auto, engagement_time_msec(_et)=1670, firebase_screen_class(_sc)=MainActivity, firebase_screen_id(_si)=3804928648696822982}]
07-08 00:42:26.998 3336-3352/android.example.com.squawker V/FA: Logging event: origin=auto,name=user_engagement(_e),params=Bundle[{firebase_event_origin(_o)=auto, engagement_time_msec(_et)=1670, firebase_screen_class(_sc)=MainActivity, firebase_screen_id(_si)=3804928648696822982}]
07-08 00:42:26.999 3336-3336/android.example.com.squawker V/FA: onActivityCreated
07-08 00:42:27.020 3336-3352/android.example.com.squawker V/FA: Saving event, name, data size: user_engagement(_e), 67
    Event recorded: Event{appId='android.example.com.squawker', name='user_engagement(_e)', params=Bundle[{firebase_event_origin(_o)=auto, engagement_time_msec(_et)=1670, firebase_screen_class(_sc)=MainActivity, firebase_screen_id(_si)=3804928648696822982}]}
07-08 00:42:27.025 3336-3352/android.example.com.squawker V/FA: Upload scheduled in approximately ms: 3583343
07-08 00:42:27.027 3336-3352/android.example.com.squawker V/FA: Cancelling job. JobID: -311463273
07-08 00:42:27.033 3336-3352/android.example.com.squawker V/FA: Scheduling upload with JobScheduler
    Scheduling job. JobID: -311463273
07-08 00:42:27.035 3336-3352/android.example.com.squawker V/FA: Background event processing time, ms: 37
07-08 00:42:27.055 3336-3352/android.example.com.squawker D/FA: Logging event (FE): screen_view(_vs), Bundle[{firebase_event_origin(_o)=auto, firebase_previous_class(_pc)=MainActivity, firebase_previous_id(_pi)=3804928648696822982, firebase_screen_class(_sc)=FollowingPreferenceActivity, firebase_screen_id(_si)=-4258869567913897012}]
07-08 00:42:27.086 3336-3352/android.example.com.squawker V/FA: Logging event: origin=auto,name=screen_view(_vs),params=Bundle[{firebase_event_origin(_o)=auto, firebase_previous_class(_pc)=MainActivity, firebase_previous_id(_pi)=3804928648696822982, firebase_screen_class(_sc)=FollowingPreferenceActivity, firebase_screen_id(_si)=-4258869567913897012}]
07-08 00:42:27.091 3336-3352/android.example.com.squawker V/FA: Saving event, name, data size: screen_view(_vs), 111
    Event recorded: Event{appId='android.example.com.squawker', name='screen_view(_vs)', params=Bundle[{firebase_event_origin(_o)=auto, firebase_previous_class(_pc)=MainActivity, firebase_previous_id(_pi)=3804928648696822982, firebase_screen_class(_sc)=FollowingPreferenceActivity, firebase_screen_id(_si)=-4258869567913897012}]}
07-08 00:42:27.097 3336-3352/android.example.com.squawker V/FA: Upload scheduled in approximately ms: 3583270
07-08 00:42:27.099 3336-3352/android.example.com.squawker V/FA: Cancelling job. JobID: -311463273
07-08 00:42:27.100 3336-3352/android.example.com.squawker V/FA: Scheduling upload with JobScheduler
    Scheduling job. JobID: -311463273
07-08 00:42:27.101 3336-3352/android.example.com.squawker V/FA: Background event processing time, ms: 15
07-08 00:42:27.107 3336-3352/android.example.com.squawker V/FA: Activity resumed, time: 42938
07-08 00:42:27.597 3336-3360/android.example.com.squawker D/EGL_emulation: eglMakeCurrent: 0xb6105960: ver 2 0 (tinfo 0xb6103c60)
07-08 00:42:27.715 3336-3360/android.example.com.squawker D/EGL_emulation: eglMakeCurrent: 0xb6105960: ver 2 0 (tinfo 0xb6103c60)
07-08 00:42:27.752 3336-3360/android.example.com.squawker D/EGL_emulation: eglMakeCurrent: 0xb6105960: ver 2 0 (tinfo 0xb6103c60)
07-08 00:42:27.781 1584-1604/? I/ActivityManager: Displayed android.example.com.squawker/.following.FollowingPreferenceActivity: +822ms
07-08 00:42:27.837 3336-3360/android.example.com.squawker D/EGL_emulation: eglMakeCurrent: 0xb6105960: ver 2 0 (tinfo 0xb6103c60)
07-08 00:42:27.863 3336-3360/android.example.com.squawker D/EGL_emulation: eglMakeCurrent: 0xb6105960: ver 2 0 (tinfo 0xb6103c60)
07-08 00:42:28.197 1584-1841/? I/WindowManager: Destroying surface Surface(name=android.example.com.squawker/android.example.com.squawker.MainActivity) called by com.android.server.wm.WindowStateAnimator.destroySurface:2016 com.android.server.wm.WindowStateAnimator.destroySurfaceLocked:882 com.android.server.wm.WindowState.destroyOrSaveSurface:2100 com.android.server.wm.WindowManagerService.tryStartExitingAnimation:3024 com.android.server.wm.WindowManagerService.relayoutWindow:2904 com.android.server.wm.Session.relayout:224 android.view.IWindowSession$Stub.onTransact:286 com.android.server.wm.Session.onTransact:145 
07-08 00:42:29.005 1584-1642/? I/ActivityManager: Killing 2539:com.google.android.apps.messaging/u0a65 (adj 906): empty #17
07-08 00:42:29.069 1584-2794/? D/ActivityManager: cleanUpApplicationRecord -- 2539
07-08 00:42:29.399 3336-3360/android.example.com.squawker D/EGL_emulation: eglMakeCurrent: 0xb6105960: ver 2 0 (tinfo 0xb6103c60)
07-08 00:42:29.418 3336-3336/android.example.com.squawker D/AndroidRuntime: Shutting down VM
07-08 00:42:29.419 3336-3336/android.example.com.squawker E/AndroidRuntime: FATAL EXCEPTION: main
    Process: android.example.com.squawker, PID: 3336
    java.lang.NoClassDefFoundError: Failed resolution of: Landroid/support/v4/animation/AnimatorCompatHelper;
        at android.support.v7.widget.DefaultItemAnimator.resetAnimation(DefaultItemAnimator.java:515)
        at android.support.v7.widget.DefaultItemAnimator.animateMove(DefaultItemAnimator.java:255)
        at android.support.v7.widget.DefaultItemAnimator.animateChange(DefaultItemAnimator.java:317)
        at android.support.v7.widget.SimpleItemAnimator.animateChange(SimpleItemAnimator.java:149)
        at android.support.v7.widget.RecyclerView.animateChange(RecyclerView.java:3759)
        at android.support.v7.widget.RecyclerView.dispatchLayoutStep3(RecyclerView.java:3566)
        at android.support.v7.widget.RecyclerView.dispatchLayout(RecyclerView.java:3265)
        at android.support.v7.widget.RecyclerView.onLayout(RecyclerView.java:3767)
        at android.view.View.layout(View.java:17523)
        at android.view.ViewGroup.layout(ViewGroup.java:5612)
        at android.widget.FrameLayout.layoutChildren(FrameLayout.java:323)
        at android.widget.FrameLayout.onLayout(FrameLayout.java:261)
        at android.view.View.layout(View.java:17523)
        at android.view.ViewGroup.layout(ViewGroup.java:5612)
        at android.widget.LinearLayout.setChildFrame(LinearLayout.java:1741)
        at android.widget.LinearLayout.layoutVertical(LinearLayout.java:1585)
        at android.widget.LinearLayout.onLayout(LinearLayout.java:1494)
        at android.view.View.layout(View.java:17523)
        at android.view.ViewGroup.layout(ViewGroup.java:5612)
        at android.widget.FrameLayout.layoutChildren(FrameLayout.java:323)
        at android.widget.FrameLayout.onLayout(FrameLayout.java:261)
        at android.view.View.layout(View.java:17523)
        at android.view.ViewGroup.layout(ViewGroup.java:5612)
        at android.support.v7.widget.ActionBarOverlayLayout.onLayout(ActionBarOverlayLayout.java:437)
        at android.view.View.layout(View.java:17523)
        at android.view.ViewGroup.layout(ViewGroup.java:5612)
        at android.widget.FrameLayout.layoutChildren(FrameLayout.java:323)
        at android.widget.FrameLayout.onLayout(FrameLayout.java:261)
        at android.view.View.layout(View.java:17523)
        at android.view.ViewGroup.layout(ViewGroup.java:5612)
        at android.widget.LinearLayout.setChildFrame(LinearLayout.java:1741)
        at android.widget.LinearLayout.layoutVertical(LinearLayout.java:1585)
        at android.widget.LinearLayout.onLayout(LinearLayout.java:1494)
        at android.view.View.layout(View.java:17523)
        at android.view.ViewGroup.layout(ViewGroup.java:5612)
        at android.widget.FrameLayout.layoutChildren(FrameLayout.java:323)
        at android.widget.FrameLayout.onLayout(FrameLayout.java:261)
        at com.android.internal.policy.DecorView.onLayout(DecorView.java:724)
        at android.view.View.layout(View.java:17523)
        at android.view.ViewGroup.layout(ViewGroup.java:5612)
        at android.view.ViewRootImpl.performLayout(ViewRootImpl.java:2342)
        at android.view.ViewRootImpl.performTraversals(ViewRootImpl.java:2069)
        at android.view.ViewRootImpl.doTraversal(ViewRootImpl.java:1246)
        at android.view.ViewRootImpl$TraversalRunnable.run(ViewRootImpl.java:6301)
        at android.view.Choreographer$CallbackRecord.run(Choreographer.java:871)
        at android.view.Choreographer.doCallbacks(Choreographer.java:683)
        at android.view.Choreographer.doFrame(Choreographer.java:619)
        at android.view.Choreographer$FrameDisplayEventReceiver.run(Choreographer.java:857)
        at android.os.Handler.handleCallback(Handler.java:751)
        at android.os.Handler.dispatchMessage(Handler.java:95)
        at android.os.Looper.loop(Looper.java:154)
        at android.app.ActivityThread.main(ActivityThread.java:6077)
        at java.lang.reflect.Method.invoke(Native Method)
        at com.android.internal.os.ZygoteInit$MethodAndArgsCaller.run(ZygoteInit.java:866)
        at com.android.internal.os.ZygoteInit.main(ZygoteInit.java:756)
    Caused by: java.lang.ClassNotFoundException: Didn't find class "android.support.v4.animation.AnimatorCompatHelper" on path: DexPathList[[zip file "/data/app/android.example.com.squawker-2/base.apk", zip file "/data/app/android.example.com.squawker-2/split_lib_dependencies_apk.apk", zip file "/data/app/android.example.com.squawker-2/split_lib_slice_0_apk.apk", zip file "/data/app/android.example.com.squawker-2/split_lib_slice_1_apk.apk", zip file "/data/app/android.example.com.squawker-2/split_lib_slice_2_apk.apk", zip file "/data/app/android.example.com.squawker-2/split_lib_slice_3_apk.apk", zip file "/data/app/android.example.com.squawker-2/split_lib_slice_4_apk.apk", zip file "/data/app/android.example.com.squawker-2/split_lib_slice_5_apk.apk", zip file "/data/app/android.example.com.squawker-2/split_lib_slice_6_apk.apk", zip file "/data/app/android.example.com.squawker-2/split_lib_slice_7_apk.apk", zip file "/data/app/android.example.com.squawker-2/split_lib_slice_8_apk.apk", zip file "/data/app/android.example.com.squawker-2/split_lib_slice_9_apk.apk"],nativeLibraryDirectories=[/data/app/android.example.com.squawker-2/lib/x86, /system/lib, /vendor/lib]]
        at dalvik.system.BaseDexClassLoader.findClass(BaseDexClassLoader.java:56)
        at java.lang.ClassLoader.loadClass(ClassLoader.java:380)
        at java.lang.ClassLoader.loadClass(ClassLoader.java:312)
        	... 55 more
07-08 00:42:29.423 1584-1594/? W/ActivityManager:   Force finishing activity android.example.com.squawker/.following.FollowingPreferenceActivity
07-08 00:42:29.448 1343-1370/? W/audio_hw_generic: Not supplying enough data to HAL, expected position 777696 , only wrote 777600
07-08 00:42:29.500 1584-3313/? I/OpenGLRenderer: Initialized EGL, version 1.4
07-08 00:42:29.500 1584-3313/? D/OpenGLRenderer: Swap behavior 1
07-08 00:42:29.500 1584-3313/? W/OpenGLRenderer: Failed to choose config with EGL_SWAP_BEHAVIOR_PRESERVED, retrying without...
07-08 00:42:29.500 1584-3313/? D/OpenGLRenderer: Swap behavior 0
07-08 00:42:29.507 1584-3313/? D/EGL_emulation: eglCreateContext: 0x9c8bfea0: maj 2 min 0 rcv 2
07-08 00:42:29.511 3184-3202/? W/System: ClassLoader referenced unknown path: /system/priv-app/PrebuiltGmsCore/lib/x86
07-08 00:42:29.516 3184-3202/? W/System: ClassLoader referenced unknown path: /system/priv-app/PrebuiltGmsCore/lib/x86
    ClassLoader referenced unknown path: /system/priv-app/PrebuiltGmsCore/lib/x86
07-08 00:42:29.520 3184-3202/? W/System: ClassLoader referenced unknown path: /system/priv-app/PrebuiltGmsCore/lib/x86
    ClassLoader referenced unknown path: /system/priv-app/PrebuiltGmsCore/lib/x86
07-08 00:42:29.521 3184-3202/? W/linker: /data/user_de/0/com.google.android.gms/app_extracted_libs/x86/libconscrypt_gmscore_jni.so: unused DT entry: type 0xf arg 0x91
07-08 00:42:29.522 3184-3202/? V/NativeCrypto: Registering com/google/android/gms/org/conscrypt/NativeCrypto's 276 native methods...
07-08 00:42:29.539 3184-3202/? D/NetworkSecurityConfig: No Network Security Config specified, using platform default
07-08 00:42:29.540 3184-3202/? I/ProviderInstaller: Installed default security provider GmsCore_OpenSSL
07-08 00:42:29.546 1584-3313/? D/EGL_emulation: eglMakeCurrent: 0x9c8bfea0: ver 2 0 (tinfo 0x99b5aa40)
07-08 00:42:29.551 1584-3313/? D/EGL_emulation: eglMakeCurrent: 0x9c8bfea0: ver 2 0 (tinfo 0x99b5aa40)
07-08 00:42:29.739 2848-2977/? W/Babel: bcq TOOK TOO LONG! (15035ms > 10000ms)
07-08 00:42:29.747 3249-3367/? I/MS_RegisterService: RegisterService intent:Intent { act=register_intent_action flg=0x10 cmp=com.google.android.talk/com.google.android.libraries.matchstick.net.SilentRegisterService } isPeriodic:false
07-08 00:42:29.749 3249-3367/? I/MS_RegisterService: Not registered and not enabled. Doing nothing.
07-08 00:42:29.843 2848-2978/? W/Babel: bcq TOOK TOO LONG! (15043ms > 10000ms)
07-08 00:42:29.852 1584-2794/? I/Telecom: PhoneAccountRegistrar: SimCallManager queried, returning: null: TSI.gSCM@AEw
07-08 00:42:29.863 2848-2848/? I/Babel_telephony: TeleModule.updateConnectionManagerRegistration, registration preference changed from false to false
07-08 00:42:29.863 2848-2848/? W/Babel: BAM#gBA: invalid account id: -1
07-08 00:42:29.864 2848-2848/? W/Babel: BAM#gBA: invalid account id: -1
07-08 00:42:29.864 2848-2848/? I/Babel_telephony: TeleModule.updateIncomingCallRegistration, preferred account for incoming calls changed from: null to null
07-08 00:42:29.871 1584-1841/? I/Telecom: PhoneAccountRegistrar: SimCallManager queried, returning: null: TSI.gSCM@AE4
07-08 00:42:29.935 1584-1597/? W/ActivityManager: Activity pause timeout for ActivityRecord{ffb0807 u0 android.example.com.squawker/.following.FollowingPreferenceActivity t960 f}
07-08 00:42:31.262 1584-1594/? W/ActivityManager:   Force finishing activity android.example.com.squawker/.following.FollowingPreferenceActivity
07-08 00:42:31.297 1584-3313/? D/EGL_emulation: eglMakeCurrent: 0x9c8bfea0: ver 2 0 (tinfo 0x99b5aa40)
07-08 00:42:31.328 1584-1594/? W/ActivityManager:   Force finishing activity android.example.com.squawker/.MainActivity
07-08 00:42:31.329 1584-3313/? D/OpenGLRenderer: endAllActiveAnimators on 0x9b81f500 (RippleDrawable) with handle 0x9b8a7660
07-08 00:42:31.404 1584-1594/? E/ActivityManager: Found activity ActivityRecord{3b47fec u0 android.example.com.squawker/.MainActivity t960 f} in proc activity list using null instead of expected ProcessRecord{c9582b1 3336:android.example.com.squawker/u0a104}
07-08 00:42:31.529 1584-1594/? I/ActivityManager: Killing 3336:android.example.com.squawker/u0a104 (adj 199): crash
07-08 00:42:31.530 1584-1594/? D/ActivityManager: cleanUpApplicationRecord -- 3336
07-08 00:42:31.572 1584-2037/? I/WindowManager: Destroying surface Surface(name=android.example.com.squawker/android.example.com.squawker.following.FollowingPreferenceActivity) called by com.android.server.wm.WindowStateAnimator.destroySurface:2016 com.android.server.wm.WindowStateAnimator.destroySurfaceLocked:882 com.android.server.wm.WindowState.removeLocked:1456 com.android.server.wm.WindowManagerService.removeWindowInnerLocked:2484 com.android.server.wm.WindowManagerService.removeWindowLocked:2442 com.android.server.wm.WindowManagerService.removeWindowLocked:2311 com.android.server.wm.TaskStack.detachDisplay:807 com.android.server.wm.WindowManagerService.detachStackLocked:5029 
07-08 00:42:31.579 1584-1841/? D/GraphicsStats: Buffer count: 4
07-08 00:42:31.595 1299-1299/? W/SurfaceFlinger: couldn't log to binary event log: overflow.
07-08 00:42:31.699 1991-2103/? D/EGL_emulation: eglMakeCurrent: 0xb6105360: ver 2 0 (tinfo 0xb61036a0)
07-08 00:42:31.820 1584-1604/? I/WindowManager: Destroying surface Surface(name=Application Error: android.example.com.squawker) called by com.android.server.wm.WindowStateAnimator.destroySurface:2016 com.android.server.wm.WindowStateAnimator.destroySurfaceLocked:882 com.android.server.wm.WindowState.destroyOrSaveSurface:2100 com.android.server.wm.WindowSurfacePlacer.performSurfacePlacementInner:429 com.android.server.wm.WindowSurfacePlacer.performSurfacePlacementLoop:232 com.android.server.wm.WindowSurfacePlacer.performSurfacePlacement:180 com.android.server.wm.WindowManagerService$H.handleMessage:8086 android.os.Handler.dispatchMessage:102 
07-08 00:42:31.820 1584-1604/? W/AppOps: Finishing op nesting under-run: uid 1000 pkg android code 24 time=0 duration=0 nesting=0
07-08 00:42:31.827 2159-2585/? I/TcpDeviceProber: notifyProberError Device("Living Room TV" (9803e98d02bbc58944b4d93ab80e2839)) 3:connection failed: error="3 Connection timed out"
07-08 00:42:32.215 1991-2103/? W/OpenGLRenderer: Incorrectly called buildLayer on View: ShortcutAndWidgetContainer, destroying layer...
07-08 00:42:32.619 1343-1370/? W/audio_hw_generic: Not supplying enough data to HAL, expected position 929833 , only wrote 928800
07-08 00:42:32.620 1343-1370/? W/audio_hw_generic: Not supplying enough data to HAL, expected position 928816 , only wrote 928800
07-08 00:42:32.636 1343-1370/? W/audio_hw_generic: Not supplying enough data to HAL, expected position 929561 , only wrote 929520
07-08 00:42:33.065 2159-2590/? I/CheckinCompat: Done disabling old GoogleServicesFramework version
07-08 00:42:33.274 2471-2510/? W/Finsky: [142] com.google.android.finsky.FinskyApp.i(1468): No account configured on this device.
07-08 00:42:33.275 2471-2510/? I/Finsky: [142] com.google.android.finsky.c.e.run(1151): Replicating app states via AMAS.
07-08 00:42:33.321 2471-2510/? I/Finsky: [142] com.google.android.finsky.c.c.a(311): Completed 0 account content syncs with 0 successful.
07-08 00:42:33.327 2471-2471/? I/Finsky: [1] com.google.android.finsky.services.j.a(149): Installation state replication succeeded.
07-08 00:42:34.406 1343-1371/? W/audio_hw_generic: Not supplying enough data to HAL, expected position 1098527 , only wrote 1014480
07-08 00:42:41.893 1584-1841/? I/ActivityManager: Killing 2308:com.android.defcontainer/u0a8 (adj 906): empty #17
    Killing 3169:com.android.keychain/1000 (adj 906): empty #18
07-08 00:42:41.894 1584-1841/? I/ActivityManager: Killing 1797:com.android.settings/1000 (adj 906): empty #19
07-08 00:42:41.904 1584-1594/? I/ActivityManager: Killing 3153:com.android.gallery3d/u0a49 (adj 906): empty #17
07-08 00:42:41.959 1584-2004/? D/GraphicsStats: Buffer count: 3
07-08 00:42:41.960 1584-1927/? D/ActivityManager: cleanUpApplicationRecord -- 3153
07-08 00:42:41.963 1584-2005/? D/ActivityManager: cleanUpApplicationRecord -- 1797
07-08 00:42:41.968 1584-1642/? D/ActivityManager: cleanUpApplicationRecord -- 3169
07-08 00:42:41.971 1584-1594/? D/ActivityManager: cleanUpApplicationRecord -- 2308
07-08 00:42:44.791 2848-2977/? W/Babel: bcq TOOK TOO LONG! (15051ms > 10000ms)
07-08 00:42:45.100 1343-1370/? W/audio_hw_generic: Not supplying enough data to HAL, expected position 1014701 , only wrote 1014480
07-08 00:42:48.080 2159-2636/? I/Icing: IndexChimeraService.getServiceInterface callingPackage=com.google.android.music componentName=null serviceId=36
07-08 00:42:48.150 2159-2588/? I/Icing: Usage reports ok 0, Failed Usage reports 0, indexed 0, rejected 0, imm upload false
07-08 00:42:48.174 2159-2636/? I/Icing: IndexChimeraService.getServiceInterface callingPackage=com.google.android.music componentName=null serviceId=36
07-08 00:42:48.180 2159-2588/? I/Icing: Usage reports ok 0, Failed Usage reports 0, indexed 0, rejected 0, imm upload false
07-08 00:42:48.198 2159-2591/? I/Icing: IndexChimeraService.getServiceInterface callingPackage=com.google.android.music componentName=null serviceId=36
07-08 00:42:48.205 2159-2588/? I/Icing: Usage reports ok 0, Failed Usage reports 0, indexed 0, rejected 0, imm upload false
07-08 00:42:48.214 2159-2591/? I/Icing: IndexChimeraService.getServiceInterface callingPackage=com.google.android.music componentName=null serviceId=36
07-08 00:42:48.221 2159-2588/? I/Icing: Usage reports ok 0, Failed Usage reports 0, indexed 0, rejected 0, imm upload false
07-08 00:42:48.312 1343-1371/? W/audio_hw_generic: Not supplying enough data to HAL, expected position 1320758 , only wrote 1168560
07-08 00:42:52.206 1584-2794/? I/ActivityManager: START u0 {act=android.intent.action.MAIN cat=[android.intent.category.LAUNCHER] flg=0x10200000 cmp=android.example.com.squawker/.MainActivity (has extras)} from uid 10019 on display 0
07-08 00:42:52.207 1343-1370/? W/audio_hw_generic: Not supplying enough data to HAL, expected position 1168629 , only wrote 1168560
07-08 00:42:52.282 1299-1304/? D/gralloc_ranchu: gralloc_alloc: Creating ashmem region of size 8294400
07-08 00:42:52.286 3375-3375/? I/art: Not late-enabling -Xcheck:jni (already on)
07-08 00:42:52.287 3375-3375/? W/art: Unexpected CPU variant for X86 using defaults: x86
07-08 00:42:52.292 1584-2005/? I/ActivityManager: Start proc 3375:android.example.com.squawker/u0a104 for activity android.example.com.squawker/.MainActivity
07-08 00:42:52.458 3375-3375/android.example.com.squawker W/System: ClassLoader referenced unknown path: /data/app/android.example.com.squawker-2/lib/x86
07-08 00:42:52.587 3375-3375/android.example.com.squawker V/FA: Registered activity lifecycle callback
07-08 00:42:52.623 3375-3375/android.example.com.squawker D/FirebaseApp: com.google.firebase.auth.FirebaseAuth is not linked. Skipping initialization.
07-08 00:42:52.624 3375-3375/android.example.com.squawker D/FirebaseApp: com.google.firebase.crash.FirebaseCrash is not linked. Skipping initialization.
07-08 00:42:52.624 3375-3375/android.example.com.squawker I/FirebaseInitProvider: FirebaseApp initialization successful
07-08 00:42:52.625 3375-3375/android.example.com.squawker I/InstantRun: starting instant run server: is main process
07-08 00:42:52.661 1343-1370/? W/audio_hw_generic: Not supplying enough data to HAL, expected position 1190340 , only wrote 1189440
07-08 00:42:52.670 1935-2936/? W/ConfigurationChimeraPro: Got null configs for com.google.android.gms.measurement
07-08 00:42:52.770 3375-3391/android.example.com.squawker V/FA: Collection enabled
    App package, google app id: android.example.com.squawker, 1:1049375092102:android:3345804a39540d3f
07-08 00:42:52.772 3375-3391/android.example.com.squawker I/FA: App measurement is starting up, version: 12780
    To enable debug logging run: adb shell setprop log.tag.FA VERBOSE
    To enable faster debug mode event logging run:
      adb shell setprop debug.firebase.analytics.app android.example.com.squawker
07-08 00:42:52.776 3375-3391/android.example.com.squawker D/FA: Debug-level message logging enabled
07-08 00:42:52.792 1991-2103/? D/EGL_emulation: eglMakeCurrent: 0xb6105360: ver 2 0 (tinfo 0xb61036a0)
07-08 00:42:52.844 1343-1370/? W/audio_hw_generic: Not supplying enough data to HAL, expected position 1198225 , only wrote 1197360
    Not supplying enough data to HAL, expected position 1197363 , only wrote 1197360
07-08 00:42:52.855 3375-3391/android.example.com.squawker V/FA: Checking service availability
07-08 00:42:52.862 1343-1370/? W/audio_hw_generic: Not supplying enough data to HAL, expected position 1198245 , only wrote 1198080
07-08 00:42:52.875 3375-3391/android.example.com.squawker W/GooglePlayServicesUtil: Google Play services out of date.  Requires 12451000 but found 11743470
07-08 00:42:52.875 3375-3391/android.example.com.squawker D/FA: Service container out of date
07-08 00:42:52.876 3375-3391/android.example.com.squawker V/FA: Setting useService: false
07-08 00:42:52.880 3375-3391/android.example.com.squawker V/FA: Using local app measurement service
07-08 00:42:52.914 3375-3391/android.example.com.squawker V/FA: Connection attempt already in progress
07-08 00:42:53.009 3375-3375/android.example.com.squawker W/art: Before Android 4.1, method android.graphics.PorterDuffColorFilter android.support.graphics.drawable.VectorDrawableCompat.updateTintFilter(android.graphics.PorterDuffColorFilter, android.content.res.ColorStateList, android.graphics.PorterDuff$Mode) would have incorrectly overridden the package-private method in android.graphics.drawable.Drawable
07-08 00:42:53.016 3375-3375/android.example.com.squawker V/FA: onActivityCreated
07-08 00:42:53.114 3375-3375/android.example.com.squawker D/MainActivity: Selection is authorKey IN  ('key_test','key_jlin','key_lyla')
07-08 00:42:53.130 3375-3391/android.example.com.squawker I/FA: Tag Manager is not found and thus will not be used
07-08 00:42:53.135 1299-1834/? E/SurfaceFlinger: ro.sf.lcd_density must be defined as a build property
07-08 00:42:53.140 3375-3391/android.example.com.squawker D/FA: Logging event (FE): screen_view(_vs), Bundle[{firebase_event_origin(_o)=auto, firebase_screen_class(_sc)=MainActivity, firebase_screen_id(_si)=-3125860803461036453}]
07-08 00:42:53.149 3375-3375/android.example.com.squawker V/FA: Local AppMeasurementService is starting up
07-08 00:42:53.165 3375-3391/android.example.com.squawker V/FA: Connection attempt already in progress
07-08 00:42:53.166 3375-3391/android.example.com.squawker V/FA: Connection attempt already in progress
07-08 00:42:53.169 3375-3391/android.example.com.squawker V/FA: Activity resumed, time: 69009
07-08 00:42:53.191 3375-3391/android.example.com.squawker V/FA: Cancelling job. JobID: -311463273
07-08 00:42:53.205 3375-3399/android.example.com.squawker I/OpenGLRenderer: Initialized EGL, version 1.4
07-08 00:42:53.206 3375-3399/android.example.com.squawker D/OpenGLRenderer: Swap behavior 1
07-08 00:42:53.206 3375-3399/android.example.com.squawker W/OpenGLRenderer: Failed to choose config with EGL_SWAP_BEHAVIOR_PRESERVED, retrying without...
07-08 00:42:53.206 3375-3399/android.example.com.squawker D/OpenGLRenderer: Swap behavior 0
07-08 00:42:53.257 3375-3399/android.example.com.squawker D/EGL_emulation: eglCreateContext: 0xb61057e0: maj 2 min 0 rcv 2
07-08 00:42:53.277 3375-3375/android.example.com.squawker V/FA: Bound to IMeasurementService interface
07-08 00:42:53.283 3375-3391/android.example.com.squawker V/FA: Connected to service
    Processing queued up service tasks: 4
07-08 00:42:53.286 3375-3391/android.example.com.squawker I/FA: This instance being marked as an uploader
07-08 00:42:53.287 3375-3399/android.example.com.squawker D/EGL_emulation: eglMakeCurrent: 0xb61057e0: ver 2 0 (tinfo 0xb6103990)
07-08 00:42:53.297 3375-3375/android.example.com.squawker W/art: Before Android 4.1, method int android.support.v7.widget.ListViewCompat.lookForSelectablePosition(int, boolean) would have incorrectly overridden the package-private method in android.widget.ListView
07-08 00:42:53.304 3375-3391/android.example.com.squawker V/FA: Upload scheduled in approximately ms: 3557063
07-08 00:42:53.307 3375-3391/android.example.com.squawker V/FA: Cancelling job. JobID: -311463273
    Scheduling upload with JobScheduler
    Scheduling job. JobID: -311463273
07-08 00:42:53.315 3375-3399/android.example.com.squawker D/EGL_emulation: eglMakeCurrent: 0xb61057e0: ver 2 0 (tinfo 0xb6103990)
07-08 00:42:53.323 3375-3391/android.example.com.squawker V/FA: Parsed config. version, gmp_app_id: 1530964327600078, 1:1049375092102:android:3345804a39540d3f
07-08 00:42:53.333 3375-3391/android.example.com.squawker W/System: ClassLoader referenced unknown path: /system/priv-app/PrebuiltGmsCore/lib/x86
07-08 00:42:53.343 3375-3391/android.example.com.squawker W/GooglePlayServicesUtil: Google Play services out of date.  Requires 12451000 but found 11743470
07-08 00:42:53.384 1584-1604/? I/ActivityManager: Displayed android.example.com.squawker/.MainActivity: +1s108ms
07-08 00:42:53.475 3375-3391/android.example.com.squawker V/FA: Logging event: origin=auto,name=screen_view(_vs),params=Bundle[{firebase_event_origin(_o)=auto, firebase_screen_class(_sc)=MainActivity, firebase_screen_id(_si)=-3125860803461036453}]
07-08 00:42:53.493 3375-3391/android.example.com.squawker V/FA: Saving event, name, data size: screen_view(_vs), 58
07-08 00:42:53.494 3375-3391/android.example.com.squawker V/FA: Event recorded: Event{appId='android.example.com.squawker', name='screen_view(_vs)', params=Bundle[{firebase_event_origin(_o)=auto, firebase_screen_class(_sc)=MainActivity, firebase_screen_id(_si)=-3125860803461036453}]}
07-08 00:42:53.500 3375-3391/android.example.com.squawker V/FA: Upload scheduled in approximately ms: 3556867
07-08 00:42:53.587 1584-1595/? I/WindowManager: Destroying surface Surface(name=com.android.launcher3/com.android.launcher3.Launcher) called by com.android.server.wm.WindowStateAnimator.destroySurface:2016 com.android.server.wm.WindowStateAnimator.destroySurfaceLocked:882 com.android.server.wm.WindowState.destroyOrSaveSurface:2100 com.android.server.wm.AppWindowToken.destroySurfaces:363 com.android.server.wm.AppWindowToken.notifyAppStopped:389 com.android.server.wm.WindowManagerService.notifyAppStopped:4463 com.android.server.am.ActivityStack.activityStoppedLocked:1252 com.android.server.am.ActivityManagerService.activityStopped:6903 
07-08 00:42:53.589 3375-3391/android.example.com.squawker V/FA: Cancelling job. JobID: -311463273
07-08 00:42:53.593 3375-3391/android.example.com.squawker V/FA: Scheduling upload with JobScheduler
    Scheduling job. JobID: -311463273
07-08 00:42:53.594 3375-3391/android.example.com.squawker V/FA: Background event processing time, ms: 120
07-08 00:42:53.621 1584-1604/? I/WindowManager: Destroying surface Surface(name=Starting android.example.com.squawker) called by com.android.server.wm.WindowStateAnimator.destroySurface:2016 com.android.server.wm.WindowStateAnimator.destroySurfaceLocked:882 com.android.server.wm.WindowState.destroyOrSaveSurface:2100 com.android.server.wm.AppWindowToken.destroySurfaces:363 com.android.server.wm.WindowStateAnimator.finishExit:565 com.android.server.wm.WindowStateAnimator.stepAnimationLocked:491 com.android.server.wm.WindowAnimator.updateWindowsLocked:303 com.android.server.wm.WindowAnimator.animateLocked:704 
07-08 00:42:55.414 1343-1371/? W/audio_hw_generic: Not supplying enough data to HAL, expected position 1441738 , only wrote 1320480
07-08 00:42:57.238 1584-2037/? I/ActivityManager: START u0 {cmp=android.example.com.squawker/.following.FollowingPreferenceActivity} from uid 10104 on display 0
07-08 00:42:57.242 1343-1370/? W/audio_hw_generic: Not supplying enough data to HAL, expected position 1320604 , only wrote 1320480
07-08 00:42:57.272 3375-3391/android.example.com.squawker V/FA: Recording user engagement, ms: 4147
07-08 00:42:57.274 3375-3391/android.example.com.squawker V/FA: Activity paused, time: 73155
07-08 00:42:57.281 3375-3375/android.example.com.squawker V/FA: onActivityCreated
07-08 00:42:57.292 3375-3391/android.example.com.squawker D/FA: Logging event (FE): user_engagement(_e), Bundle[{firebase_event_origin(_o)=auto, engagement_time_msec(_et)=4147, firebase_screen_class(_sc)=MainActivity, firebase_screen_id(_si)=-3125860803461036453}]
07-08 00:42:57.313 3375-3391/android.example.com.squawker V/FA: Logging event: origin=auto,name=user_engagement(_e),params=Bundle[{firebase_event_origin(_o)=auto, engagement_time_msec(_et)=4147, firebase_screen_class(_sc)=MainActivity, firebase_screen_id(_si)=-3125860803461036453}]
07-08 00:42:57.320 3375-3391/android.example.com.squawker V/FA: Saving event, name, data size: user_engagement(_e), 68
    Event recorded: Event{appId='android.example.com.squawker', name='user_engagement(_e)', params=Bundle[{firebase_event_origin(_o)=auto, engagement_time_msec(_et)=4147, firebase_screen_class(_sc)=MainActivity, firebase_screen_id(_si)=-3125860803461036453}]}
07-08 00:42:57.325 3375-3391/android.example.com.squawker V/FA: Upload scheduled in approximately ms: 3553042
07-08 00:42:57.327 3375-3391/android.example.com.squawker V/FA: Cancelling job. JobID: -311463273
07-08 00:42:57.328 3375-3391/android.example.com.squawker V/FA: Scheduling upload with JobScheduler
    Scheduling job. JobID: -311463273
07-08 00:42:57.329 3375-3391/android.example.com.squawker V/FA: Background event processing time, ms: 16
07-08 00:42:57.336 3375-3391/android.example.com.squawker D/FA: Logging event (FE): screen_view(_vs), Bundle[{firebase_event_origin(_o)=auto, firebase_previous_class(_pc)=MainActivity, firebase_previous_id(_pi)=-3125860803461036453, firebase_screen_class(_sc)=FollowingPreferenceActivity, firebase_screen_id(_si)=-3125860803461036452}]
07-08 00:42:57.364 3375-3391/android.example.com.squawker V/FA: Logging event: origin=auto,name=screen_view(_vs),params=Bundle[{firebase_event_origin(_o)=auto, firebase_previous_class(_pc)=MainActivity, firebase_previous_id(_pi)=-3125860803461036453, firebase_screen_class(_sc)=FollowingPreferenceActivity, firebase_screen_id(_si)=-3125860803461036452}]
07-08 00:42:57.374 3375-3391/android.example.com.squawker V/FA: Saving event, name, data size: screen_view(_vs), 112
    Event recorded: Event{appId='android.example.com.squawker', name='screen_view(_vs)', params=Bundle[{firebase_event_origin(_o)=auto, firebase_previous_class(_pc)=MainActivity, firebase_previous_id(_pi)=-3125860803461036453, firebase_screen_class(_sc)=FollowingPreferenceActivity, firebase_screen_id(_si)=-3125860803461036452}]}
07-08 00:42:57.375 3375-3391/android.example.com.squawker V/FA: Upload scheduled in approximately ms: 3552992
