07-08 00:42:05.157 1965-1965/? W/art: Unexpected CPU variant for X86 using defaults: x86
07-08 00:42:05.158 1584-1584/? I/GnssLocationProvider: WakeLock acquired by sendMessage(12, 0, null)
07-08 00:42:05.160 1584-1596/? W/GnssLocationProvider: Could not open GPS configuration file /etc/gps.conf
07-08 00:42:05.160 1584-1596/? E/GnssLocationProvider: no AGPS interface in set_agps_server
07-08 00:42:05.161 1584-1596/? I/GnssLocationProvider: WakeLock released by handleMessage(12, 0, null)
07-08 00:42:05.195 1978-1978/? W/art: Unexpected CPU variant for X86 using defaults: x86
07-08 00:42:05.195 1584-1596/? I/ActivityManager: Start proc 1978:com.android.printspooler/u0a67 for service com.android.printspooler/.model.PrintSpoolerService
07-08 00:42:05.196 1584-1597/? I/ActivityManager: Loading recents for user 0 into memory.
07-08 00:42:05.202 1951-1951/? W/System: ClassLoader referenced unknown path: /system/app/DeskClock/lib/x86
07-08 00:42:05.221 1584-1597/? D/ActivityManager: Sending BOOT_COMPLETE user #0
07-08 00:42:05.230 1797-1797/? D/FallbackHome: User unlocked and real home found; let's go!
07-08 00:42:05.234 1584-1595/? I/ActivityManager: START u0 {act=android.intent.action.MAIN cat=[android.intent.category.HOME] flg=0x10000100 cmp=com.android.launcher3/.Launcher} from uid 0 on display 0
07-08 00:42:05.249 1991-1991/? W/art: Unexpected CPU variant for X86 using defaults: x86
07-08 00:42:05.257 1584-1595/? I/ActivityManager: Start proc 1991:com.android.launcher3/u0a19 for activity com.android.launcher3/.Launcher
07-08 00:42:05.280 1797-1828/? D/EGL_emulation: eglMakeCurrent: 0xb6105120: ver 2 0 (tinfo 0xb6103580)
07-08 00:42:05.287 1584-1841/? I/WindowManager: Destroying surface Surface(name=com.android.settings/com.android.settings.FallbackHome) called by com.android.server.wm.WindowStateAnimator.destroySurface:2016 com.android.server.wm.WindowStateAnimator.destroySurfaceLocked:882 com.android.server.wm.WindowState.destroyOrSaveSurface:2100 com.android.server.wm.WindowManagerService.tryStartExitingAnimation:3024 com.android.server.wm.WindowManagerService.relayoutWindow:2904 com.android.server.wm.Session.relayout:224 android.view.IWindowSession$Stub.onTransact:286 com.android.server.wm.Session.onTransact:145 
07-08 00:42:05.301 1991-1991/? W/System: ClassLoader referenced unknown path: /system/priv-app/Launcher3/lib/x86
07-08 00:42:05.302 1664-1664/? E/BluetoothAdapter: Bluetooth binder is null
07-08 00:42:05.326 1584-1584/? I/AccountManagerService: User 0 is unlocked - opening CE database
07-08 00:42:05.329 1584-1640/? I/ActivityManager: Start proc 2008:com.android.keychain/1000 for service com.android.keychain/.KeyChainService
07-08 00:42:05.329 2008-2008/? W/art: Unexpected CPU variant for X86 using defaults: x86
07-08 00:42:05.336 1664-1664/? I/CameraManagerGlobal: Connecting to camera service
07-08 00:42:05.348 1664-1664/? I/StatusBar: isKeyguardShowing() called before startKeyguard(), returning true
07-08 00:42:05.349 1664-1664/? W/StatusBar: isKeyguardSecure() called before startKeyguard(), returning false
    java.lang.Throwable
        at com.android.systemui.statusbar.BaseStatusBar.isKeyguardSecure(BaseStatusBar.java:2609)
        at com.android.systemui.statusbar.BaseStatusBar.isCameraAllowedByAdmin(BaseStatusBar.java:2632)
        at com.android.systemui.statusbar.phone.KeyguardBottomAreaView.updateCameraVisibility(KeyguardBottomAreaView.java:302)
        at com.android.systemui.statusbar.phone.KeyguardBottomAreaView.setPhoneStatusBar(KeyguardBottomAreaView.java:269)
        at com.android.systemui.statusbar.phone.PhoneStatusBar.makeStatusBarView(PhoneStatusBar.java:874)
        at com.android.systemui.statusbar.phone.PhoneStatusBar.addStatusBarWindow(PhoneStatusBar.java:3248)
        at com.android.systemui.statusbar.phone.PhoneStatusBar.createAndAddWindows(PhoneStatusBar.java:3244)
        at com.android.systemui.statusbar.BaseStatusBar.start(BaseStatusBar.java:752)
        at com.android.systemui.statusbar.phone.PhoneStatusBar.start(PhoneStatusBar.java:657)
        at com.android.systemui.statusbar.SystemBars.createStatusBarFromConfig(SystemBars.java:106)
        at com.android.systemui.statusbar.SystemBars.onNoService(SystemBars.java:58)
        at com.android.systemui.statusbar.ServiceMonitor.startService(ServiceMonitor.java:230)
        at com.android.systemui.statusbar.ServiceMonitor.-wrap5(ServiceMonitor.java)
        at com.android.systemui.statusbar.ServiceMonitor$1.handleMessage(ServiceMonitor.java:73)
        at android.os.Handler.dispatchMessage(Handler.java:102)
        at android.os.Looper.loop(Looper.java:154)
        at android.app.ActivityThread.main(ActivityThread.java:6077)
        at java.lang.reflect.Method.invoke(Native Method)
        at com.android.internal.os.ZygoteInit$MethodAndArgsCaller.run(ZygoteInit.java:866)
        at com.android.internal.os.ZygoteInit.main(ZygoteInit.java:756)
07-08 00:42:05.350 1664-1664/? I/StatusBar: isKeyguardShowing() called before startKeyguard(), returning true
07-08 00:42:05.350 1664-1664/? W/StatusBar: isKeyguardSecure() called before startKeyguard(), returning false
    java.lang.Throwable
        at com.android.systemui.statusbar.BaseStatusBar.isKeyguardSecure(BaseStatusBar.java:2609)
        at com.android.systemui.statusbar.BaseStatusBar.isCameraAllowedByAdmin(BaseStatusBar.java:2632)
        at com.android.systemui.statusbar.phone.KeyguardBottomAreaView.updateCameraVisibility(KeyguardBottomAreaView.java:302)
        at com.android.systemui.statusbar.phone.KeyguardBottomAreaView.setUserSetupComplete(KeyguardBottomAreaView.java:274)
        at com.android.systemui.statusbar.phone.PhoneStatusBar.makeStatusBarView(PhoneStatusBar.java:875)
        at com.android.systemui.statusbar.phone.PhoneStatusBar.addStatusBarWindow(PhoneStatusBar.java:3248)
        at com.android.systemui.statusbar.phone.PhoneStatusBar.createAndAddWindows(PhoneStatusBar.java:3244)
        at com.android.systemui.statusbar.BaseStatusBar.start(BaseStatusBar.java:752)
        at com.android.systemui.statusbar.phone.PhoneStatusBar.start(PhoneStatusBar.java:657)
        at com.android.systemui.statusbar.SystemBars.createStatusBarFromConfig(SystemBars.java:106)
        at com.android.systemui.statusbar.SystemBars.onNoService(SystemBars.java:58)
        at com.android.systemui.statusbar.ServiceMonitor.startService(ServiceMonitor.java:230)
        at com.android.systemui.statusbar.ServiceMonitor.-wrap5(ServiceMonitor.java)
        at com.android.systemui.statusbar.ServiceMonitor$1.handleMessage(ServiceMonitor.java:73)
        at android.os.Handler.dispatchMessage(Handler.java:102)
        at android.os.Looper.loop(Looper.java:154)
        at android.app.ActivityThread.main(ActivityThread.java:6077)
        at java.lang.reflect.Method.invoke(Native Method)
        at com.android.internal.os.ZygoteInit$MethodAndArgsCaller.run(ZygoteInit.java:866)
        at com.android.internal.os.ZygoteInit.main(ZygoteInit.java:756)
07-08 00:42:05.353 2008-2008/? W/System: ClassLoader referenced unknown path: /system/app/KeyChain/lib/x86
07-08 00:42:05.397 1785-1785/? D/MccTable: updateMccMncConfiguration mccmnc='310260' fromServiceState=false
07-08 00:42:05.398 1785-1785/? D/MccTable: updateMccMncConfiguration defaultMccMnc=310260
    updateMccMncConfiguration: mcc=310, mnc=260
    updateMccMncConfiguration updateConfig config={1.0 310mcc260mnc ?localeList ?layoutDir ?swdp ?wdp ?hdp ?density ?lsize ?long ?orien ?uimode ?night ?touch ?keyb/?/? ?nav/?}
07-08 00:42:05.400 1935-1935/? I/LoadedApk: No resource references to update in package FFFFFFFFFFFFFFFFFFFFFF
07-08 00:42:05.411 1991-1991/? V/Launcher: LauncherAppState inited
07-08 00:42:05.448 1991-1991/? D/Launcher.Model: Old launcher provider: content://com.android.launcher2.settings/favorites?notify=true
    Old launcher provider does not exist.
07-08 00:42:05.450 1664-1664/? I/StatusBar: isKeyguardShowing() called before startKeyguard(), returning true
07-08 00:42:05.451 1664-1664/? W/StatusBar: isKeyguardSecure() called before startKeyguard(), returning false
    java.lang.Throwable
        at com.android.systemui.statusbar.BaseStatusBar.isKeyguardSecure(BaseStatusBar.java:2609)
        at com.android.systemui.statusbar.BaseStatusBar.isCameraAllowedByAdmin(BaseStatusBar.java:2632)
        at com.android.systemui.statusbar.phone.KeyguardBottomAreaView.updateCameraVisibility(KeyguardBottomAreaView.java:302)
        at com.android.systemui.statusbar.phone.KeyguardBottomAreaView.setUserSetupComplete(KeyguardBottomAreaView.java:274)
        at com.android.systemui.statusbar.phone.PhoneStatusBar$1.onChange(PhoneStatusBar.java:421)
        at com.android.systemui.statusbar.phone.PhoneStatusBar.resetUserSetupObserver(PhoneStatusBar.java:3474)
        at com.android.systemui.statusbar.phone.PhoneStatusBar.makeStatusBarView(PhoneStatusBar.java:948)
        at com.android.systemui.statusbar.phone.PhoneStatusBar.addStatusBarWindow(PhoneStatusBar.java:3248)
        at com.android.systemui.statusbar.phone.PhoneStatusBar.createAndAddWindows(PhoneStatusBar.java:3244)
        at com.android.systemui.statusbar.BaseStatusBar.start(BaseStatusBar.java:752)
        at com.android.systemui.statusbar.phone.PhoneStatusBar.start(PhoneStatusBar.java:657)
        at com.android.systemui.statusbar.SystemBars.createStatusBarFromConfig(SystemBars.java:106)
        at com.android.systemui.statusbar.SystemBars.onNoService(SystemBars.java:58)
        at com.android.systemui.statusbar.ServiceMonitor.startService(ServiceMonitor.java:230)
        at com.android.systemui.statusbar.ServiceMonitor.-wrap5(ServiceMonitor.java)
        at com.android.systemui.statusbar.ServiceMonitor$1.handleMessage(ServiceMonitor.java:73)
        at android.os.Handler.dispatchMessage(Handler.java:102)
        at android.os.Looper.loop(Looper.java:154)
        at android.app.ActivityThread.main(ActivityThread.java:6077)
        at java.lang.reflect.Method.invoke(Native Method)
        at com.android.internal.os.ZygoteInit$MethodAndArgsCaller.run(ZygoteInit.java:866)
        at com.android.internal.os.ZygoteInit.main(ZygoteInit.java:756)
07-08 00:42:05.460 1584-1584/? I/GnssLocationProvider: WakeLock acquired by sendMessage(12, 0, null)
07-08 00:42:05.464 1584-1584/? I/GnssLocationProvider: WakeLock acquired by sendMessage(12, 0, null)
07-08 00:42:05.467 1584-1584/? I/FusedLocation: engine stopped (com.android.location.fused)
07-08 00:42:05.475 1785-1785/? D/CarrierConfigLoader: update config for phoneId: 0 simState: LOADED
07-08 00:42:05.475 1785-1785/? D/CarrierSvcBindHelper: update binding for phoneId: 0 simState: LOADED
07-08 00:42:05.480 1785-1785/? D/TelephonyProvider: subIdString = 1 subId = 1
07-08 00:42:05.506 1584-1598/? W/WindowManager: Keyguard drawn timeout. Setting mKeyguardDrawComplete
07-08 00:42:05.509 1664-1850/? D/OpenGLRenderer: profile bars disabled
    ambientRatio = 1.50
07-08 00:42:05.515 1664-1664/? D/PhoneStatusBar: disable: < EXPAND* icons alerts system_info BACK* HOME* RECENT* clock SEARCH* quick_settings >
07-08 00:42:05.534 2039-2039/? W/art: Unexpected CPU variant for X86 using defaults: x86
07-08 00:42:05.534 1584-1593/? I/art: Background sticky concurrent mark sweep GC freed 19964(1411KB) AllocSpace objects, 28(552KB) LOS objects, 11% free, 15MB/17MB, paused 13.418ms total 85.538ms
07-08 00:42:05.534 1584-1642/? I/ActivityManager: Start proc 2039:com.google.process.gapps/u0a13 for content provider com.google.android.gsf/.gservices.GservicesProvider
07-08 00:42:05.549 2047-2047/? W/art: Unexpected CPU variant for X86 using defaults: x86
07-08 00:42:05.549 1584-1841/? I/ActivityManager: Start proc 2047:com.google.android.googlequicksearchbox:search/u0a28 for service com.google.android.googlequicksearchbox/com.google.android.hotword.service.HotwordService
07-08 00:42:05.576 1584-1596/? W/GnssLocationProvider: Could not open GPS configuration file /etc/gps.conf
07-08 00:42:05.577 1584-1596/? E/GnssLocationProvider: no AGPS interface in set_agps_server
07-08 00:42:05.577 1584-1596/? I/GnssLocationProvider: WakeLock released by handleMessage(12, 0, null)
07-08 00:42:05.578 1584-1596/? W/GnssLocationProvider: Could not open GPS configuration file /etc/gps.conf
07-08 00:42:05.578 1584-1596/? E/GnssLocationProvider: no AGPS interface in set_agps_server
07-08 00:42:05.578 1584-1596/? I/GnssLocationProvider: WakeLock released by handleMessage(12, 0, null)
07-08 00:42:05.578 1584-1596/? W/GnssLocationProvider: Could not open GPS configuration file /etc/gps.conf
07-08 00:42:05.579 1584-1596/? E/GnssLocationProvider: no AGPS interface in set_agps_server
07-08 00:42:05.597 1584-1584/? I/GnssLocationProvider: WakeLock acquired by sendMessage(12, 0, null)
07-08 00:42:05.597 1664-1664/? D/PhoneStatusBar: heads up is enabled
07-08 00:42:05.600 1584-1596/? W/GnssLocationProvider: Could not open GPS configuration file /etc/gps.conf
07-08 00:42:05.600 1584-1596/? E/GnssLocationProvider: no AGPS interface in set_agps_server
07-08 00:42:05.604 2039-2039/? W/System: ClassLoader referenced unknown path: /system/priv-app/GoogleServicesFramework/lib/x86
07-08 00:42:05.605 1584-1596/? I/GnssLocationProvider: WakeLock released by handleMessage(12, 0, null)
07-08 00:42:05.619 1584-1584/? I/GnssLocationProvider: WakeLock acquired by sendMessage(12, 0, null)
07-08 00:42:05.621 1584-1596/? W/GnssLocationProvider: Could not open GPS configuration file /etc/gps.conf
07-08 00:42:05.621 1584-1596/? E/GnssLocationProvider: no AGPS interface in set_agps_server
07-08 00:42:05.626 1584-1596/? I/GnssLocationProvider: WakeLock released by handleMessage(12, 0, null)
07-08 00:42:05.646 1584-1598/? V/KeyguardServiceDelegate: *** Keyguard connected (yay!)
07-08 00:42:05.666 2039-2039/? I/GservicesProvider: Gservices pushing to system: true; secure/global: true
07-08 00:42:05.675 1785-1785/? D/TelephonyProvider: subIdString = 1 subId = 1
07-08 00:42:05.677 1299-1834/? D/gralloc_ranchu: gralloc_alloc: Creating ashmem region of size 8294400
07-08 00:42:05.685 1299-1304/? D/gralloc_ranchu: gralloc_alloc: Creating ashmem region of size 7753728
07-08 00:42:05.737 1785-1785/? I/Telephony: PstnIncomingCallNotifier: Unregistering: Handler (com.android.internal.telephony.GsmCdmaPhone) {d36c723}
07-08 00:42:05.747 1584-1925/? I/Telecom: PhoneAccountRegistrar: New phone account registered: [[ ] PhoneAccount: ComponentInfo{com.android.phone/com.android.services.telephony.TelephonyConnectionService}, [e2f7d48dd2b5ca523e7313cf4ba0f6ea830b6281], UserHandle{0} Capabilities: CallProvider MultiUser PlaceEmerg SimSub  Schemes: tel voicemail  Extras: null]: TSI.rPA@ABU
07-08 00:42:05.780 1584-1925/? I/Telecom: : Sending phone-account registered intent as user: TSI.rPA@ABU
07-08 00:42:05.785 1785-1785/? I/Telephony: AccountEntry: Registered phoneAccount: [[ ] PhoneAccount: ComponentInfo{com.android.phone/com.android.services.telephony.TelephonyConnectionService}, [e2f7d48dd2b5ca523e7313cf4ba0f6ea830b6281], UserHandle{0} Capabilities: CallProvider MultiUser PlaceEmerg SimSub  Schemes: tel voicemail  Extras: null] with handle: ComponentInfo{com.android.phone/com.android.services.telephony.TelephonyConnectionService}, [e2f7d48dd2b5ca523e7313cf4ba0f6ea830b6281], UserHandle{0}
    PstnIncomingCallNotifier: Registering: Handler (com.android.internal.telephony.GsmCdmaPhone) {d36c723}
07-08 00:42:05.786 1785-1785/? I/Telephony: TelecomAccountRegistry: Unregistering phone account ComponentInfo{com.android.phone/com.android.services.telephony.TelephonyConnectionService}, [e0184adedf913b076626646d3f52c3b49c39ad6d], UserHandle{0}.
07-08 00:42:05.788 1584-1595/? I/Telecom: : Sending phone-account unregistered intent as user: TSI.uPA@ABc
07-08 00:42:05.790 1785-1785/? D/CarrierSvcBindHelper: Received android.intent.action.USER_UNLOCKED
07-08 00:42:05.792 1785-1785/? D/CarrierSvcBindHelper: No carrier app for: 0
07-08 00:42:05.792 1785-1785/? I/Telephony: PstnIncomingCallNotifier: Unregistering: Handler (com.android.internal.telephony.GsmCdmaPhone) {d36c723}
07-08 00:42:05.823 1584-2037/? I/Telecom: PhoneAccountRegistrar: [ComponentInfo{com.android.phone/com.android.services.telephony.TelephonyConnectionService}, [e2f7d48dd2b5ca523e7313cf4ba0f6ea830b6281], UserHandle{0}(icon: Icon(typ=BITMAP size=50x63) -> Icon(typ=BITMAP size=50x63))]: TSI.rPA@ABk
    : Sending phone-account registered intent as user: TSI.rPA@ABk
07-08 00:42:05.826 1785-1785/? I/Telephony: AccountEntry: Registered phoneAccount: [[ ] PhoneAccount: ComponentInfo{com.android.phone/com.android.services.telephony.TelephonyConnectionService}, [e2f7d48dd2b5ca523e7313cf4ba0f6ea830b6281], UserHandle{0} Capabilities: CallProvider MultiUser PlaceEmerg SimSub  Schemes: tel voicemail  Extras: null] with handle: ComponentInfo{com.android.phone/com.android.services.telephony.TelephonyConnectionService}, [e2f7d48dd2b5ca523e7313cf4ba0f6ea830b6281], UserHandle{0}
    PstnIncomingCallNotifier: Registering: Handler (com.android.internal.telephony.GsmCdmaPhone) {d36c723}
07-08 00:42:05.858 1785-1785/? I/Telephony: PstnIncomingCallNotifier: Unregistering: Handler (com.android.internal.telephony.GsmCdmaPhone) {d36c723}
07-08 00:42:05.863 1584-1925/? I/Telecom: PhoneAccountRegistrar: [ComponentInfo{com.android.phone/com.android.services.telephony.TelephonyConnectionService}, [e2f7d48dd2b5ca523e7313cf4ba0f6ea830b6281], UserHandle{0}(icon: Icon(typ=BITMAP size=50x63) -> Icon(typ=BITMAP size=50x63))]: TSI.rPA@ABw
07-08 00:42:05.864 1584-1925/? I/Telecom: : Sending phone-account registered intent as user: TSI.rPA@ABw
07-08 00:42:05.867 1785-1785/? I/Telephony: AccountEntry: Registered phoneAccount: [[ ] PhoneAccount: ComponentInfo{com.android.phone/com.android.services.telephony.TelephonyConnectionService}, [e2f7d48dd2b5ca523e7313cf4ba0f6ea830b6281], UserHandle{0} Capabilities: CallProvider MultiUser PlaceEmerg SimSub  Schemes: tel voicemail  Extras: null] with handle: ComponentInfo{com.android.phone/com.android.services.telephony.TelephonyConnectionService}, [e2f7d48dd2b5ca523e7313cf4ba0f6ea830b6281], UserHandle{0}
    PstnIncomingCallNotifier: Registering: Handler (com.android.internal.telephony.GsmCdmaPhone) {d36c723}
07-08 00:42:05.915 1785-1785/? I/Telephony: PstnIncomingCallNotifier: Unregistering: Handler (com.android.internal.telephony.GsmCdmaPhone) {d36c723}
07-08 00:42:05.925 1584-1594/? I/Telecom: PhoneAccountRegistrar: [ComponentInfo{com.android.phone/com.android.services.telephony.TelephonyConnectionService}, [e2f7d48dd2b5ca523e7313cf4ba0f6ea830b6281], UserHandle{0}(icon: Icon(typ=BITMAP size=50x63) -> Icon(typ=BITMAP size=50x63))]: TSI.rPA@AB8
07-08 00:42:05.925 2039-2039/? I/GoogleHttpClient: GMS http client unavailable, use old client
07-08 00:42:05.926 1584-1594/? I/Telecom: : Sending phone-account registered intent as user: TSI.rPA@AB8
07-08 00:42:05.927 1785-1785/? I/Telephony: AccountEntry: Registered phoneAccount: [[ ] PhoneAccount: ComponentInfo{com.android.phone/com.android.services.telephony.TelephonyConnectionService}, [e2f7d48dd2b5ca523e7313cf4ba0f6ea830b6281], UserHandle{0} Capabilities: CallProvider MultiUser PlaceEmerg SimSub  Schemes: tel voicemail  Extras: null] with handle: ComponentInfo{com.android.phone/com.android.services.telephony.TelephonyConnectionService}, [e2f7d48dd2b5ca523e7313cf4ba0f6ea830b6281], UserHandle{0}
    PstnIncomingCallNotifier: Registering: Handler (com.android.internal.telephony.GsmCdmaPhone) {d36c723}
07-08 00:42:05.939 1785-1785/? D/CarrierConfigLoader: mHandler: 7 phoneId: 0
07-08 00:42:06.084 1785-1785/? D/CarrierConfigLoader: Loaded config from XML. package=com.android.carrierconfig phoneId=0
07-08 00:42:06.085 1785-1785/? D/CarrierSvcBindHelper: mHandler: 0
    Rebinding if necessary for phoneId: 0
07-08 00:42:06.108 2028-2028/? D/AndroidRuntime: >>>>>> START com.android.internal.os.RuntimeInit uid 2000 <<<<<<
07-08 00:42:06.112 2028-2028/? D/AndroidRuntime: CheckJNI is ON
07-08 00:42:06.128 1935-1935/? W/System: ClassLoader referenced unknown path: /system/priv-app/PrebuiltGmsCore/lib/x86
    ClassLoader referenced unknown path: /system/priv-app/PrebuiltGmsCore/lib/x86
07-08 00:42:06.131 1785-1785/? D/CarrierSvcBindHelper: No carrier app for: 0
07-08 00:42:06.140 1935-1935/? W/System: ClassLoader referenced unknown path: /system/priv-app/PrebuiltGmsCore/lib/x86
    ClassLoader referenced unknown path: /system/priv-app/PrebuiltGmsCore/lib/x86
07-08 00:42:06.159 1785-1785/? I/Telephony: PstnIncomingCallNotifier: Unregistering: Handler (com.android.internal.telephony.GsmCdmaPhone) {d36c723}
07-08 00:42:06.163 1584-1642/? I/Telecom: PhoneAccountRegistrar: [ComponentInfo{com.android.phone/com.android.services.telephony.TelephonyConnectionService}, [e2f7d48dd2b5ca523e7313cf4ba0f6ea830b6281], UserHandle{0}(icon: Icon(typ=BITMAP size=50x63) -> Icon(typ=BITMAP size=50x63))]: TSI.rPA@ACI
07-08 00:42:06.164 1584-1642/? I/Telecom: : Sending phone-account registered intent as user: TSI.rPA@ACI
07-08 00:42:06.166 1785-1785/? I/Telephony: AccountEntry: Registered phoneAccount: [[ ] PhoneAccount: ComponentInfo{com.android.phone/com.android.services.telephony.TelephonyConnectionService}, [e2f7d48dd2b5ca523e7313cf4ba0f6ea830b6281], UserHandle{0} Capabilities: CallProvider MultiUser PlaceEmerg SimSub  Schemes: tel voicemail  Extras: null] with handle: ComponentInfo{com.android.phone/com.android.services.telephony.TelephonyConnectionService}, [e2f7d48dd2b5ca523e7313cf4ba0f6ea830b6281], UserHandle{0}
    PstnIncomingCallNotifier: Registering: Handler (com.android.internal.telephony.GsmCdmaPhone) {d36c723}
07-08 00:42:06.174 2028-2028/? W/art: Unexpected CPU variant for X86 using defaults: x86
07-08 00:42:06.181 1935-1935/? W/linker: /data/user_de/0/com.google.android.gms/app_extracted_libs/x86/libconscrypt_gmscore_jni.so: unused DT entry: type 0xf arg 0x91
07-08 00:42:06.184 1785-1785/? I/Telephony: PstnIncomingCallNotifier: Unregistering: Handler (com.android.internal.telephony.GsmCdmaPhone) {d36c723}
07-08 00:42:06.190 1935-1935/? V/NativeCrypto: Registering com/google/android/gms/org/conscrypt/NativeCrypto's 276 native methods...
07-08 00:42:06.193 2028-2028/? D/ICU: No timezone override file found: /data/misc/zoneinfo/current/icu/icu_tzdata.dat
07-08 00:42:06.199 1584-2037/? I/Telecom: PhoneAccountRegistrar: [ComponentInfo{com.android.phone/com.android.services.telephony.TelephonyConnectionService}, [e2f7d48dd2b5ca523e7313cf4ba0f6ea830b6281], UserHandle{0}(icon: Icon(typ=BITMAP size=50x63) -> Icon(typ=BITMAP size=50x63))]: TSI.rPA@ACU
07-08 00:42:06.206 1951-1951/? I/AlarmClock: AlarmInitReceiver android.intent.action.TIME_SET
07-08 00:42:06.217 1991-1991/? W/System: ClassLoader referenced unknown path: 
07-08 00:42:06.225 2028-2028/? E/memtrack: Couldn't load memtrack module (No such file or directory)
07-08 00:42:06.225 2028-2028/? E/android.os.Debug: failed to load memtrack module: -2
07-08 00:42:06.225 2028-2028/? I/Radio-JNI: register_android_hardware_Radio DONE
07-08 00:42:06.234 2028-2028/? D/AndroidRuntime: Calling main entry com.android.commands.wm.Wm
07-08 00:42:06.235 2028-2028/? D/AndroidRuntime: Shutting down VM
07-08 00:42:06.249 2028-2028/? W/art: Suspending all threads took: 10.102ms
07-08 00:42:06.257 1935-1935/? D/NetworkSecurityConfig: No Network Security Config specified, using platform default
07-08 00:42:06.259 1584-2037/? I/Telecom: : Sending phone-account registered intent as user: TSI.rPA@ACU
07-08 00:42:06.264 1935-1935/? I/ProviderInstaller: Installed default security provider GmsCore_OpenSSL
07-08 00:42:06.267 1664-1664/? I/Choreographer: Skipped 61 frames!  The application may be doing too much work on its main thread.
07-08 00:42:06.271 1664-1664/? D/ViewRootImpl[StatusBar]: changeCanvasOpacity: opaque=true
07-08 00:42:06.281 1299-1304/? E/SurfaceFlinger: ro.sf.lcd_density must be defined as a build property
07-08 00:42:06.291 2031-2031/? D/AndroidRuntime: >>>>>> START com.android.internal.os.RuntimeInit uid 2000 <<<<<<
07-08 00:42:06.293 2031-2031/? D/AndroidRuntime: CheckJNI is ON
07-08 00:42:06.322 1991-2103/? I/OpenGLRenderer: Initialized EGL, version 1.4
07-08 00:42:06.322 1991-2103/? D/OpenGLRenderer: Swap behavior 1
07-08 00:42:06.322 1991-2103/? W/OpenGLRenderer: Failed to choose config with EGL_SWAP_BEHAVIOR_PRESERVED, retrying without...
07-08 00:42:06.322 1991-2103/? D/OpenGLRenderer: Swap behavior 0
07-08 00:42:06.323 1785-1785/? I/Telephony: AccountEntry: Registered phoneAccount: [[ ] PhoneAccount: ComponentInfo{com.android.phone/com.android.services.telephony.TelephonyConnectionService}, [e2f7d48dd2b5ca523e7313cf4ba0f6ea830b6281], UserHandle{0} Capabilities: CallProvider MultiUser PlaceEmerg SimSub  Schemes: tel voicemail  Extras: null] with handle: ComponentInfo{com.android.phone/com.android.services.telephony.TelephonyConnectionService}, [e2f7d48dd2b5ca523e7313cf4ba0f6ea830b6281], UserHandle{0}
    PstnIncomingCallNotifier: Registering: Handler (com.android.internal.telephony.GsmCdmaPhone) {d36c723}
07-08 00:42:06.337 1785-1785/? I/NotificationMgr: updateMwi(): subId 1 update to false
07-08 00:42:06.340 1584-1925/? I/Telecom: PhoneAccountRegistrar: [ComponentInfo{com.android.phone/com.android.services.telephony.TelephonyConnectionService}, [e2f7d48dd2b5ca523e7313cf4ba0f6ea830b6281], UserHandle{0}(icon: Icon(typ=BITMAP size=50x63) -> Icon(typ=BITMAP size=50x63))]: TSI.rPA@ACk
07-08 00:42:06.341 1584-1925/? I/Telecom: : Sending phone-account registered intent as user: TSI.rPA@ACk
07-08 00:42:06.344 1584-2037/? I/Telecom: PhoneAccountRegistrar: [ComponentInfo{com.android.phone/com.android.services.telephony.TelephonyConnectionService}, [e2f7d48dd2b5ca523e7313cf4ba0f6ea830b6281], UserHandle{0}(icon: Icon(typ=BITMAP size=50x63) -> Icon(typ=BITMAP size=50x63))]: TSI.rPA@ACs
07-08 00:42:06.345 1584-2037/? I/Telecom: : Sending phone-account registered intent as user: TSI.rPA@ACs
07-08 00:42:06.347 2031-2031/? W/art: Unexpected CPU variant for X86 using defaults: x86
07-08 00:42:06.347 1991-2103/? D/EGL_emulation: eglCreateContext: 0xb6105360: maj 2 min 0 rcv 2
07-08 00:42:06.355 1584-1595/? I/Telecom: PhoneAccountRegistrar: [ComponentInfo{com.android.phone/com.android.services.telephony.TelephonyConnectionService}, [e2f7d48dd2b5ca523e7313cf4ba0f6ea830b6281], UserHandle{0}(icon: Icon(typ=BITMAP size=50x63) -> Icon(typ=BITMAP size=50x63))]: TSI.rPA@AC0
07-08 00:42:06.356 1584-1595/? I/Telecom: : Sending phone-account registered intent as user: TSI.rPA@AC0
07-08 00:42:06.359 1584-2004/? I/Telecom: PhoneAccountRegistrar: [ComponentInfo{com.android.phone/com.android.services.telephony.TelephonyConnectionService}, [e2f7d48dd2b5ca523e7313cf4ba0f6ea830b6281], UserHandle{0}(icon: Icon(typ=BITMAP size=50x63) -> Icon(typ=BITMAP size=50x63))]: TSI.rPA@AC8
07-08 00:42:06.360 1584-2004/? I/Telecom: : Sending phone-account registered intent as user: TSI.rPA@AC8
07-08 00:42:06.361 1785-1785/? D/CarrierConfigLoader: mHandler: 5 phoneId: 0
07-08 00:42:06.365 1584-1584/? I/Telecom: PhoneAccountRegistrar: SimCallManager queried, returning: null: TSI.gSCMFU@ADA
07-08 00:42:06.372 2031-2031/? D/ICU: No timezone override file found: /data/misc/zoneinfo/current/icu/icu_tzdata.dat
07-08 00:42:06.380 1584-1595/? I/Telecom: PhoneAccountRegistrar: [ComponentInfo{com.android.phone/com.android.services.telephony.TelephonyConnectionService}, [e2f7d48dd2b5ca523e7313cf4ba0f6ea830b6281], UserHandle{0}(icon: Icon(typ=BITMAP size=50x63) -> Icon(typ=BITMAP size=50x63))]: TSI.rPA@ADI
07-08 00:42:06.381 1584-1595/? I/Telecom: : Sending phone-account registered intent as user: TSI.rPA@ADI
07-08 00:42:06.401 1584-1925/? I/Telecom: PhoneAccountRegistrar: [ComponentInfo{com.android.phone/com.android.services.telephony.TelephonyConnectionService}, [e2f7d48dd2b5ca523e7313cf4ba0f6ea830b6281], UserHandle{0}(icon: Icon(typ=BITMAP size=50x63) -> Icon(typ=BITMAP size=50x63))]: TSI.rPA@ADQ
07-08 00:42:06.402 1584-1925/? I/Telecom: : Sending phone-account registered intent as user: TSI.rPA@ADQ
07-08 00:42:06.406 1991-2103/? D/EGL_emulation: eglMakeCurrent: 0xb6105360: ver 2 0 (tinfo 0xb61036a0)
07-08 00:42:06.416 1785-1785/? D/TelephonyProvider: subIdString = 1 subId = 1
07-08 00:42:06.423 1991-2103/? D/EGL_emulation: eglMakeCurrent: 0xb6105360: ver 2 0 (tinfo 0xb61036a0)
07-08 00:42:06.435 1965-1965/? W/KeyphraseEnrollmentInfo: No Enrollment application supports the given keyphrase/locale
07-08 00:42:06.445 1664-1850/? I/OpenGLRenderer: Initialized EGL, version 1.4
07-08 00:42:06.445 1664-1850/? D/OpenGLRenderer: Swap behavior 1
07-08 00:42:06.446 1664-1850/? W/OpenGLRenderer: Failed to choose config with EGL_SWAP_BEHAVIOR_PRESERVED, retrying without...
07-08 00:42:06.446 1664-1850/? D/OpenGLRenderer: Swap behavior 0
07-08 00:42:06.449 1584-1593/? I/art: Background partial concurrent mark sweep GC freed 26357(1909KB) AllocSpace objects, 44(4MB) LOS objects, 25% free, 11MB/15MB, paused 1.098ms total 144.904ms
07-08 00:42:06.462 2031-2031/? E/memtrack: Couldn't load memtrack module (No such file or directory)
07-08 00:42:06.462 2031-2031/? E/android.os.Debug: failed to load memtrack module: -2
07-08 00:42:06.476 2031-2031/? I/Radio-JNI: register_android_hardware_Radio DONE
07-08 00:42:06.487 1584-1841/? D/ConnectivityService: registerNetworkAgent NetworkAgentInfo{ ni{[type: MOBILE[LTE], state: CONNECTED/CONNECTED, reason: connected, extra: epc.tmobile.com, failover: false, available: true, roaming: false, metered: false]}  network{100}  nethandle{429513165534}  lp{{InterfaceName: eth0 LinkAddresses: [10.0.2.15/24,]  Routes: [0.0.0.0/0 -> 10.0.2.2 eth0,] DnsAddresses: [10.0.2.3,10.0.2.4,10.0.2.5,10.0.2.6,] Domains: null MTU: 1500 TcpBufferSizes: 524288,1048576,2097152,262144,524288,1048576}}  nc{[ Transports: CELLULAR Capabilities: MMS&SUPL&FOTA&IMS&CBS&IA&INTERNET&NOT_RESTRICTED&TRUSTED&NOT_VPN LinkUpBandwidth>=51200Kbps LinkDnBandwidth>=102400Kbps Specifier: <1>]}  Score{10}  everValidated{false}  lastValidated{false}  created{false} lingering{false} explicitlySelected{false} acceptUnvalidated{false} everCaptivePortalDetected{false} lastCaptivePortalDetected{false} }
07-08 00:42:06.487 1584-1632/? D/ConnectivityService: NetworkAgentInfo [MOBILE (LTE) - 100] EVENT_NETWORK_INFO_CHANGED, going from null to CONNECTED
07-08 00:42:06.488 1584-1632/? D/ConnectivityService: Adding iface eth0 to network 100
07-08 00:42:06.492 1664-1850/? D/EGL_emulation: eglCreateContext: 0xb6105600: maj 2 min 0 rcv 2
07-08 00:42:06.495 2031-2031/? D/AndroidRuntime: Calling main entry com.android.commands.wm.Wm
07-08 00:42:06.498 1584-1604/? I/ActivityManager: Displayed com.android.launcher3/.Launcher: +1s254ms
07-08 00:42:06.509 1584-1632/? D/ConnectivityService: Setting DNS servers for network 100 to [/10.0.2.3, /10.0.2.4, /10.0.2.5, /10.0.2.6]
07-08 00:42:06.518 1584-1632/? D/ConnectivityService: Switching to new default network: NetworkAgentInfo{ ni{[type: MOBILE[LTE], state: CONNECTED/CONNECTED, reason: connected, extra: epc.tmobile.com, failover: false, available: true, roaming: false, metered: false]}  network{100}  nethandle{429513165534}  lp{{InterfaceName: eth0 LinkAddresses: [10.0.2.15/24,]  Routes: [0.0.0.0/0 -> 10.0.2.2 eth0,] DnsAddresses: [10.0.2.3,10.0.2.4,10.0.2.5,10.0.2.6,] Domains: null MTU: 1500 TcpBufferSizes: 524288,1048576,2097152,262144,524288,1048576}}  nc{[ Transports: CELLULAR Capabilities: MMS&SUPL&FOTA&IMS&CBS&IA&INTERNET&NOT_RESTRICTED&TRUSTED&NOT_VPN LinkUpBandwidth>=51200Kbps LinkDnBandwidth>=102400Kbps Specifier: <1>]}  Score{10}  everValidated{false}  lastValidated{false}  created{true} lingering{false} explicitlySelected{false} acceptUnvalidated{false} everCaptivePortalDetected{false} lastCaptivePortalDetected{false} }
07-08 00:42:06.526 2031-2031/? D/AndroidRuntime: Shutting down VM
07-08 00:42:06.527 1664-1850/? D/EGL_emulation: eglMakeCurrent: 0xb6105600: ver 2 0 (tinfo 0xb6103f30)
07-08 00:42:06.541 1352-1578/? V/IdletimerController: runCmd(/system/bin/ip6tables -w -t raw -A idletimer_raw_PREROUTING -i eth0 -j IDLETIMER --timeout 10 --label 0 --send_nl_msg 1) res_ipv4=0, res_ipv6=0
07-08 00:42:06.547 1352-1578/? V/IdletimerController: runCmd(/system/bin/ip6tables -w -t mangle -A idletimer_mangle_POSTROUTING -o eth0 -j IDLETIMER --timeout 10 --label 0 --send_nl_msg 1) res_ipv4=0, res_ipv6=0
07-08 00:42:06.550 1584-1632/? D/ConnectivityService: Sending CONNECTED broadcast for type 0 NetworkAgentInfo [MOBILE (LTE) - 100] isDefaultNetwork=true
07-08 00:42:06.550 1584-1655/? I/GnssLocationProvider: WakeLock acquired by sendMessage(5, 0, null)
    WakeLock acquired by sendMessage(6, 0, null)
07-08 00:42:06.551 1584-1596/? I/GnssLocationProvider: WakeLock acquired by handleInjectNtpTime()
    WakeLock released by handleMessage(5, 0, null)
    WakeLock released by handleMessage(6, 0, null)
07-08 00:42:06.580 1664-1687/? W/art: Suspending all threads took: 7.084ms
07-08 00:42:06.584 1664-1687/? I/art: Background sticky concurrent mark sweep GC freed 16433(1540KB) AllocSpace objects, 4(64KB) LOS objects, 10% free, 12MB/13MB, paused 8.275ms total 262.207ms
07-08 00:42:06.588 1951-1951/? I/AlarmClock: AlarmInitReceiver android.intent.action.LOCKED_BOOT_COMPLETED
07-08 00:42:06.602 1584-1642/? I/ActivityManager: Start proc 2143:android.process.acore/u0a1 for content provider com.android.providers.contacts/.ContactsProvider2
07-08 00:42:06.603 2143-2143/? W/art: Unexpected CPU variant for X86 using defaults: x86
07-08 00:42:06.682 1584-2004/? I/ActivityManager: Start proc 2159:com.google.android.gms/u0a13 for content provider com.google.android.gms/.chimera.container.GmsModuleProvider
07-08 00:42:06.701 2159-2159/? W/art: Unexpected CPU variant for X86 using defaults: x86
07-08 00:42:06.715 2143-2143/? W/System: ClassLoader referenced unknown path: /system/priv-app/ContactsProvider/lib/x86
07-08 00:42:06.739 1584-1625/? D/SntpClient: round trip: 25ms, clock offset: -8844ms
07-08 00:42:06.740 1584-1827/? D/SntpClient: round trip: 25ms, clock offset: -8844ms
07-08 00:42:06.740 1584-1827/? I/GnssLocationProvider: WakeLock acquired by sendMessage(10, 0, null)
07-08 00:42:06.741 1584-1596/? I/GnssLocationProvider: WakeLock released by handleMessage(10, 0, null)
07-08 00:42:06.741 1584-1827/? I/GnssLocationProvider: WakeLock released by handleInjectNtpTime()
07-08 00:42:06.757 2159-2159/? W/System: ClassLoader referenced unknown path: /system/priv-app/PrebuiltGmsCore/lib/x86
07-08 00:42:06.782 2176-2176/? W/art: Unexpected CPU variant for X86 using defaults: x86
07-08 00:42:06.796 1584-2037/? I/ActivityManager: Start proc 2176:android.process.media/u0a11 for broadcast com.android.providers.downloads/.DownloadReceiver
07-08 00:42:06.827 2159-2159/? I/LoadedApk: No resource references to update in package FFFFFFFFFFFFFFFFFFFFFF
07-08 00:42:06.850 1584-1927/? I/ActivityManager: Start proc 2202:com.google.android.partnersetup/u0a18 for content provider com.google.android.partnersetup/.RlzAppProvider
07-08 00:42:06.851 2202-2202/? W/art: Unexpected CPU variant for X86 using defaults: x86
07-08 00:42:06.877 2176-2176/? W/System: ClassLoader referenced unknown path: /system/priv-app/DownloadProvider/lib/x86
07-08 00:42:06.884 2202-2202/? W/System: ClassLoader referenced unknown path: /system/priv-app/GooglePartnerSetup/lib/x86
07-08 00:42:06.890 1584-1632/? D/ConnectivityService: NetworkAgentInfo [MOBILE (LTE) - 100] validation passed
07-08 00:42:06.892 2176-2176/? W/System: ClassLoader referenced unknown path: /system/priv-app/MediaProvider/lib/x86
07-08 00:42:06.987 2143-2143/? W/System: ClassLoader referenced unknown path: /system/priv-app/BlockedNumberProvider/lib/x86
07-08 00:42:07.041 2143-2143/? W/System: ClassLoader referenced unknown path: /system/app/UserDictionaryProvider/lib/x86
07-08 00:42:07.092 2159-2159/? W/System: ClassLoader referenced unknown path: /system/priv-app/PrebuiltGmsCore/lib/x86
07-08 00:42:07.093 2159-2159/? W/System: ClassLoader referenced unknown path: /system/priv-app/PrebuiltGmsCore/lib/x86
07-08 00:42:07.094 2159-2159/? W/System: ClassLoader referenced unknown path: /system/priv-app/PrebuiltGmsCore/lib/x86
    ClassLoader referenced unknown path: /system/priv-app/PrebuiltGmsCore/lib/x86
07-08 00:42:07.096 2159-2159/? W/linker: /data/user_de/0/com.google.android.gms/app_extracted_libs/x86/libconscrypt_gmscore_jni.so: unused DT entry: type 0xf arg 0x91
07-08 00:42:07.096 2159-2159/? V/NativeCrypto: Registering com/google/android/gms/org/conscrypt/NativeCrypto's 276 native methods...
07-08 00:42:07.100 1935-1935/? I/DynamiteModule: Considering local module com.google.android.gms.googlecertificates:4 and remote module com.google.android.gms.googlecertificates:4
    Selected local version of com.google.android.gms.googlecertificates
07-08 00:42:07.112 2159-2159/? D/NetworkSecurityConfig: No Network Security Config specified, using platform default
07-08 00:42:07.113 2159-2159/? I/ProviderInstaller: Installed default security provider GmsCore_OpenSSL
07-08 00:42:07.127 1658-1658/? I/LatinIME: Timeout waiting for dictionary load
07-08 00:42:07.172 1584-1627/? D/WifiService: New client listening to asynchronous messages
07-08 00:42:07.199 1584-1927/? V/KeyguardServiceDelegate: **** SHOWN CALLED ****
07-08 00:42:07.222 1664-1664/? W/KeyguardUpdateMonitor: invalid subId in handleSimStateChange()
07-08 00:42:07.225 1584-1604/? I/WindowManager: Destroying surface Surface(name=KeyguardScrim) called by com.android.server.wm.WindowStateAnimator.destroySurface:2016 com.android.server.wm.WindowStateAnimator.destroySurfaceLocked:882 com.android.server.wm.WindowState.destroyOrSaveSurface:2100 com.android.server.wm.WindowSurfacePlacer.performSurfacePlacementInner:429 com.android.server.wm.WindowSurfacePlacer.performSurfacePlacementLoop:232 com.android.server.wm.WindowSurfacePlacer.performSurfacePlacement:180 com.android.server.wm.WindowManagerService$H.handleMessage:8086 android.os.Handler.dispatchMessage:102 
07-08 00:42:07.230 1664-1664/? W/KeyguardUpdateMonitor: invalid subId in handleServiceStateChange()
07-08 00:42:07.230 1584-1584/? W/IInputConnectionWrapper: reportFullscreenMode on inexistent InputConnection
07-08 00:42:07.278 1664-1664/? W/KeyguardUpdateMonitor: invalid subId in handleServiceStateChange()
    invalid subId in handleSimStateChange()
    invalid subId in handleSimStateChange()
07-08 00:42:07.279 1584-1604/? W/WindowManager: App freeze timeout expired.
07-08 00:42:07.297 1664-1664/? I/Choreographer: Skipped 60 frames!  The application may be doing too much work on its main thread.
07-08 00:42:07.311 2047-2129/? I/GrammarCompilationSvcCt: Grammar compilation alarm set for interval 604800000
07-08 00:42:07.348 2176-2176/? D/MediaScannerReceiver: action: android.intent.action.MEDIA_MOUNTED path: /storage/emulated/0
07-08 00:42:07.354 2261-2261/? W/art: Unexpected CPU variant for X86 using defaults: x86
07-08 00:42:07.362 1584-1594/? I/ActivityManager: Start proc 2261:com.google.android.music:main/u0a59 for broadcast com.google.android.music/.store.MediaStoreImportService$Receiver
07-08 00:42:07.376 1664-1850/? D/EGL_emulation: eglMakeCurrent: 0xb6105600: ver 2 0 (tinfo 0xb6103f30)
07-08 00:42:07.453 2261-2261/? W/System: ClassLoader referenced unknown path: /system/app/Music2/lib/x86
07-08 00:42:07.476 1664-1850/? D/EGL_emulation: eglMakeCurrent: 0xb6105600: ver 2 0 (tinfo 0xb6103f30)
07-08 00:42:07.479 1935-1935/? W/ConfigurationChimeraPro: Got null configs for com.google.android.gms.backup
07-08 00:42:07.500 2143-2198/? I/ContactLocale: AddressBook Labels [[en_US]]: […, A, B, C, D, E, F, G, H, I, J, K, L, M, N, O, P, Q, R, S, T, U, V, W, X, Y, Z, Α, Β, Γ, Δ, Ε, Ζ, Η, Θ, Ι, Κ, Λ, Μ, Ν, Ξ, Ο, Π, Ρ, Σ, Τ, Υ, Φ, Χ, Ψ, Ω, …, А, Б, В, Г, Д, Ђ, Е, Є, Ж, З, И, І, Й, Ј, К, Л, Љ, М, Н, Њ, О, П, Р, С, Т, Ћ, У, Ф, Х, Ц, Ч, Џ, Ш, Щ, Ю, Я, …, א, ב, ג, ד, ה, ו, ז, ח, ט, י, כ, ל, מ, נ, ס, ע, פ, צ, ק, ר, ש, ת, …, ا, ب, ت, ث, ج, ح, خ, د, ذ, ر, ز, س, ش, ص, ض, ط, ظ, ع, غ, ف, ق, ك, ل, م, ن, ه, و, ي, …, ก, ข, ฃ, ค, ฅ, ฆ, ง, จ, ฉ, ช, ซ, ฌ, ญ, ฎ, ฏ, ฐ, ฑ, ฒ, ณ, ด, ต, ถ, ท, ธ, น, บ, ป, ผ, ฝ, พ, ฟ, ภ, ม, ย, ร, ฤ, ล, ฦ, ว, ศ, ษ, ส, ห, ฬ, อ, ฮ, …, ㄱ, ㄴ, ㄷ, ㄹ, ㅁ, ㅂ, ㅅ, ㅇ, ㅈ, ㅊ, ㅋ, ㅌ, ㅍ, ㅎ, …, あ, か, さ, た, な, は, ま, や, ら, わ, #, …]
07-08 00:42:07.512 1584-1584/? V/BackupManagerService: Connected to transport ComponentInfo{com.google.android.gms/com.google.android.gms.backup.BackupTransportService}
    Registering transport com.google.android.gms/.backup.BackupTransportService::com.google.android.gms/.backup.BackupTransportService = com.android.internal.backup.IBackupTransport$Stub$Proxy@412ef4
07-08 00:42:07.559 1935-1935/? I/GCoreNlp: shouldConfirmNlp, NLP off. Ensuring opt-in disabled
07-08 00:42:07.659 1664-1664/? D/PhoneStatusBar: disable: < expand* icons alerts system_info back* home* recent* clock search* quick_settings >
07-08 00:42:07.700 2308-2308/? W/art: Unexpected CPU variant for X86 using defaults: x86
07-08 00:42:07.709 1584-1609/? I/ActivityManager: Start proc 2308:com.android.defcontainer/u0a8 for service com.android.defcontainer/.DefaultContainerService
07-08 00:42:07.750 2261-2261/? I/MultiDex: VM with version 2.1.0 has multidex support
    install
    VM has multidex support, MultiDex support library is disabled.
07-08 00:42:07.772 1346-1346/? I/SELinux: SELinux: Loaded file_contexts contexts from /file_contexts.bin.
07-08 00:42:07.774 1584-1609/? I/PackageManager.DexOptimizer: Running dexopt (dex2oat) on: /data/app/vmdl1568404387.tmp/base.apk pkg=android.example.com.squawker isa=x86 vmSafeMode=false debuggable=true target-filter=interpret-only oatDir = /data/app/vmdl1568404387.tmp/oat sharedLibraries=null
07-08 00:42:07.827 1935-1935/? I/Backup: [GmsBackupAccountManager] Backup account not found in gmscore.
07-08 00:42:07.834 2326-2326/? W/dex2oat: Unexpected CPU variant for X86 using defaults: x86
    Mismatch between dex2oat instruction set features (ISA: X86 Feature string: smp,-ssse3,-sse4.1,-sse4.2,-avx,-avx2,-lock_add,-popcnt) and those of dex2oat executable (ISA: X86 Feature string: smp,ssse3,-sse4.1,-sse4.2,-avx,-avx2,-lock_add,-popcnt) for the command line:
07-08 00:42:07.843 1664-1664/? I/Choreographer: Skipped 32 frames!  The application may be doing too much work on its main thread.
07-08 00:42:07.857 2326-2326/? W/dex2oat: /system/bin/dex2oat --zip-fd=6 --zip-location=base.apk --oat-fd=7 --oat-location=/data/app/vmdl1568404387.tmp/oat/x86/base.odex --instruction-set=x86 --instruction-set-variant=x86 --instruction-set-features=default --runtime-arg -Xms64m --runtime-arg -Xmx512m --compiler-filter=interpret-only --swap-fd=9 --debuggable
07-08 00:42:07.857 2326-2326/? I/dex2oat: /system/bin/dex2oat --compiler-filter=interpret-only --debuggable
07-08 00:42:07.873 1664-1850/? D/EGL_emulation: eglMakeCurrent: 0xb6105600: ver 2 0 (tinfo 0xb6103f30)
07-08 00:42:07.931 1664-1850/? D/EGL_emulation: eglMakeCurrent: 0xb6105600: ver 2 0 (tinfo 0xb6103f30)
07-08 00:42:07.950 2261-2261/? I/BaseStore: ConfigStore database version: 1
07-08 00:42:07.993 1935-1935/? W/Settings: Setting airplane_mode_on has moved from android.provider.Settings.System to android.provider.Settings.Global, returning read-only value.
07-08 00:42:08.098 1299-1834/? D/gralloc_ranchu: gralloc_alloc: Creating ashmem region of size 9547776
07-08 00:42:08.117 2261-2261/? I/BaseStore: Store database version: 135
07-08 00:42:08.148 2176-2267/? V/MediaScanner: pruneDeadThumbnailFiles... android.content.ContentProviderClient$CursorWrapperInner@6181d8d
07-08 00:42:08.151 2176-2267/? V/MediaScanner: /pruneDeadThumbnailFiles... android.content.ContentProviderClient$CursorWrapperInner@6181d8d
07-08 00:42:08.159 1935-2337/? E/BluetoothAdapter: Bluetooth binder is null
07-08 00:42:08.199 1584-1628/? D/WifiNative-HAL: Failing getSupportedFeatureset because HAL isn't started
07-08 00:42:08.213 1935-2328/? I/GeofencerStateMachine: Network location disabled.
07-08 00:42:08.252 2326-2326/? I/dex2oat: dex2oat took 423.262ms (threads: 2) arena alloc=2728B (2728B) java alloc=70KB (72392B) native alloc=1020KB (1044560B) free=1539KB (1576880B)
07-08 00:42:08.255 1584-1597/? I/ActivityManager: Force stopping android.example.com.squawker appid=10104 user=-1: installPackageLI
07-08 00:42:08.256 1664-1850/? D/EGL_emulation: eglMakeCurrent: 0xb6105600: ver 2 0 (tinfo 0xb6103f30)
07-08 00:42:08.294 1584-1609/? I/PackageManager: Package android.example.com.squawker codePath changed from /data/app/android.example.com.squawker-1 to /data/app/android.example.com.squawker-2; Retaining data and using new
07-08 00:42:08.295 1584-1609/? W/PackageManager: Code path for android.example.com.squawker changing from /data/app/android.example.com.squawker-1 to /data/app/android.example.com.squawker-2
    Resource path for android.example.com.squawker changing from /data/app/android.example.com.squawker-1 to /data/app/android.example.com.squawker-2
07-08 00:42:08.331 1584-1609/? W/PackageManager: Unknown permission com.google.android.finsky.permission.BIND_GET_INSTALL_REFERRER_SERVICE in package android.example.com.squawker
07-08 00:42:08.360 1584-1628/? D/WIFI: Registering NetworkFactory
07-08 00:42:08.360 1584-1628/? D/WIFI_UT: Registering NetworkFactory
07-08 00:42:08.360 1584-1632/? D/ConnectivityService: Got NetworkFactory Messenger for WIFI
    Got NetworkFactory Messenger for WIFI_UT
07-08 00:42:08.362 1584-1595/? W/ActivityManager: Slow operation: 58ms so far, now at getContentProviderImpl: after checkContentProviderPermission
07-08 00:42:08.363 1584-1595/? W/ActivityManager: Slow operation: 58ms so far, now at getContentProviderImpl: incProviderCountLocked
    Slow operation: 58ms so far, now at getContentProviderImpl: before updateLruProcess
    Slow operation: 58ms so far, now at getContentProviderImpl: after updateLruProcess
    Slow operation: 58ms so far, now at getContentProviderImpl: before updateOomAdj
    Slow operation: 59ms so far, now at getContentProviderImpl: after updateOomAdj
    Slow operation: 59ms so far, now at getContentProviderImpl: done!
07-08 00:42:08.368 1584-1628/? D/WIFI: got request NetworkRequest [ id=1, legacyType=-1, [ Capabilities: INTERNET&NOT_RESTRICTED&TRUSTED&NOT_VPN] ] with score 50
07-08 00:42:08.369 1584-1628/? D/WIFI_UT: got request NetworkRequest [ id=1, legacyType=-1, [ Capabilities: INTERNET&NOT_RESTRICTED&TRUSTED&NOT_VPN] ] with score 50
07-08 00:42:08.373 1584-1609/? I/art: Starting a blocking GC Explicit
07-08 00:42:08.417 1584-1609/? I/art: Explicit concurrent mark sweep GC freed 51137(2MB) AllocSpace objects, 9(180KB) LOS objects, 25% free, 11MB/15MB, paused 1.051ms total 42.753ms
07-08 00:42:08.426 1584-1841/? I/System.out: Success
07-08 00:42:08.428 1584-1609/? I/ActivityManager: Force stopping android.example.com.squawker appid=10104 user=0: pkg removed
07-08 00:42:08.463 1337-1337/? W//sbin/adbd: type=1400 audit(0.0:5): avc: denied { search } for comm=73657276696365203136 name="security" dev="dm-0" ino=49154 scontext=u:r:adbd:s0 tcontext=u:object_r:security_file:s0 tclass=dir permissive=0
07-08 00:42:08.437 1935-2337/? W/Settings: Setting airplane_mode_on has moved from android.provider.Settings.System to android.provider.Settings.Global, returning read-only value.
07-08 00:42:08.438 1584-1618/? I/InputReader: Reconfiguring input devices.  changes=0x00000010
07-08 00:42:08.452 1584-1618/? I/InputReader: Reconfiguring input devices.  changes=0x00000010
07-08 00:42:08.453 1584-1618/? I/InputReader: Reconfiguring input devices.  changes=0x00000010
07-08 00:42:08.477 1584-1584/? V/KeyValueBackupJob: Scheduling k/v pass in 244 minutes
07-08 00:42:08.570 1785-1785/? D/CarrierSvcBindHelper: No carrier app for: 0
07-08 00:42:08.571 1785-1785/? D/CarrierSvcBindHelper: No carrier app for: 0
07-08 00:42:08.572 1785-1785/? D/CarrierConfigLoader: mHandler: 9 phoneId: 0
07-08 00:42:08.587 2261-2261/? I/GoogleURLConnFactory: Using platform SSLCertificateSocketFactory
07-08 00:42:08.588 2261-2261/? I/GoogleHttpClient: Using GMS GoogleHttpClient
07-08 00:42:08.590 2261-2261/? D/NetworkSecurityConfig: No Network Security Config specified, using platform default
07-08 00:42:08.591 2261-2261/? I/GHttpClientFactory: Using our fixed implementation of GMSCore's GoogleHttpClient
07-08 00:42:08.592 2261-2261/? I/GoogleURLConnFactory: Using platform SSLCertificateSocketFactory
07-08 00:42:08.645 2261-2261/? D/MusicLifecycle: com.google.android.music.MusicApplication generated event: Application created
07-08 00:42:08.650 2261-2261/? W/System: ClassLoader referenced unknown path: /system/priv-app/PrebuiltGmsCore/lib/x86
07-08 00:42:08.654 2261-2261/? W/System: ClassLoader referenced unknown path: /system/priv-app/PrebuiltGmsCore/lib/x86
    ClassLoader referenced unknown path: /system/priv-app/PrebuiltGmsCore/lib/x86
07-08 00:42:08.657 2261-2261/? W/System: ClassLoader referenced unknown path: /system/priv-app/PrebuiltGmsCore/lib/x86
    ClassLoader referenced unknown path: /system/priv-app/PrebuiltGmsCore/lib/x86
07-08 00:42:08.659 2261-2261/? W/linker: /data/user_de/0/com.google.android.gms/app_extracted_libs/x86/libconscrypt_gmscore_jni.so: unused DT entry: type 0xf arg 0x91
07-08 00:42:08.659 2261-2261/? V/NativeCrypto: Registering com/google/android/gms/org/conscrypt/NativeCrypto's 276 native methods...
07-08 00:42:08.668 2261-2261/? I/ProviderInstaller: Installed default security provider GmsCore_OpenSSL
07-08 00:42:08.668 2261-2261/? D/AndroidMusic: GMSCore installation verified
07-08 00:42:08.701 2261-2261/? V/MediaRouter: Adding route: RouteInfo{ name=Phone, description=null, status=null, category=RouteCategory{ name=null types=ROUTE_TYPE_LIVE_AUDIO ROUTE_TYPE_LIVE_VIDEO  groupable=false }, supportedTypes=ROUTE_TYPE_LIVE_AUDIO ROUTE_TYPE_LIVE_VIDEO , presentationDisplay=null }
07-08 00:42:08.703 2261-2261/? V/MediaRouter: Updating audio routes: AudioRoutesInfo{ type=SPEAKER }
