07-08 00:42:00.886 1663-1663/? W/sdcard: Device explicitly disabled sdcardfs
07-08 00:42:00.917 1584-1620/? D/VoldConnector: RCV <- {651 emulated 2}
    RCV <- {200 5 Command succeeded}
07-08 00:42:00.926 1584-1584/? D/WebViewFactory: Setting new address space to 126129416
07-08 00:42:00.933 1664-1664/? W/System: ClassLoader referenced unknown path: /system/priv-app/SystemUI/lib/x86
07-08 00:42:00.938 1584-1584/? I/ActivityManager: Start proc 1694:WebViewLoader-x86/1037 [android.webkit.WebViewFactory$RelroFileCreator] for 
07-08 00:42:00.942 1584-1584/? D/NetworkManagement: enabling bandwidth control
07-08 00:42:00.947 1694-1694/? W/art: Unexpected CPU variant for X86 using defaults: x86
07-08 00:42:00.952 1694-1694/? V/WebViewFactory: RelroFileCreator (64bit = false),  32-bit lib: /system/app/Chrome/Chrome.apk!/lib/x86/libmonochrome.so, 64-bit lib: 
07-08 00:42:00.950 1584-1701/? E/WVMExtractor: Failed to open libwvm.so: dlopen failed: library "libwvm.so" not found
07-08 00:42:00.989 1584-1584/? W/NetworkManagement: setDataSaverMode(): already false
07-08 00:42:01.021 1658-1658/? I/LatinIME: Hardware accelerated drawing: true
07-08 00:42:01.024 1664-1664/? V/SystemUIService: Starting SystemUI services for user 0.
07-08 00:42:01.040 1351-1351/? I/MediaPlayerService: MediaPlayerService::getOMX
07-08 00:42:01.043 1351-1351/? I/OMXClient: MuxOMX ctor
07-08 00:42:01.046 1351-1351/? I/MediaPlayerService: MediaPlayerService::getOMX
07-08 00:42:01.046 1351-1351/? I/OMXClient: MuxOMX ctor
07-08 00:42:01.047 1348-1348/? I/OMXMaster: makeComponentInstance(OMX.google.mp3.decoder) in mediacodec process
07-08 00:42:01.061 1584-1584/? I/NetworkPolicy: adding default package com.android.providers.downloads (uid 10011 for user 0) to restrict background whitelist
    adding default package com.google.android.gms (uid 10013 for user 0) to restrict background whitelist
07-08 00:42:01.073 1584-1627/? D/WifiController: DEFERRED_TOGGLE handled
07-08 00:42:01.076 1352-1578/? D/SoftapController: Softap fwReload - Ok
07-08 00:42:01.080 1352-1578/? D/CommandListener: Setting iface cfg
    Trying to bring down wlan0
    Clearing all IP addresses on wlan0
07-08 00:42:01.084 1584-1584/? D/NetworkPolicy: setRestrictBackgroundLocked(): false
07-08 00:42:01.084 1664-1664/? V/MediaRouter: Adding route: RouteInfo{ name=Phone, description=null, status=null, category=RouteCategory{ name=null types=ROUTE_TYPE_LIVE_AUDIO ROUTE_TYPE_LIVE_VIDEO  groupable=false }, supportedTypes=ROUTE_TYPE_LIVE_AUDIO ROUTE_TYPE_LIVE_VIDEO , presentationDisplay=null }
07-08 00:42:01.085 1584-1628/? E/WifiMonitor: killSupplicant p2pfalse init.svc.wpa_supplicant=unknown init.svc.p2p_supplicant=unknown
07-08 00:42:01.085 1664-1664/? V/MediaRouter: Updating audio routes: AudioRoutesInfo{ type=SPEAKER }
07-08 00:42:01.086 1584-1584/? W/NetworkManagement: setDataSaverMode(): already false
07-08 00:42:01.086 1664-1664/? V/MediaRouter: Selecting route: RouteInfo{ name=Phone, description=null, status=null, category=RouteCategory{ name=null types=ROUTE_TYPE_LIVE_AUDIO ROUTE_TYPE_LIVE_VIDEO  groupable=false }, supportedTypes=ROUTE_TYPE_LIVE_AUDIO ROUTE_TYPE_LIVE_VIDEO , presentationDisplay=null }
07-08 00:42:01.091 1658-1658/? W/InputAttributes: No editor info for this field. Bug?
07-08 00:42:01.094 1351-1351/? I/MediaPlayerService: MediaPlayerService::getOMX
07-08 00:42:01.094 1351-1351/? I/OMXClient: MuxOMX ctor
07-08 00:42:01.094 1348-1348/? I/OMXMaster: makeComponentInstance(OMX.google.amrnb.decoder) in mediacodec process
07-08 00:42:01.098 1351-1351/? I/MediaPlayerService: MediaPlayerService::getOMX
07-08 00:42:01.099 1351-1351/? I/OMXClient: MuxOMX ctor
07-08 00:42:01.099 1348-1348/? I/OMXMaster: makeComponentInstance(OMX.google.amrwb.decoder) in mediacodec process
07-08 00:42:01.101 1351-1351/? I/MediaPlayerService: MediaPlayerService::getOMX
07-08 00:42:01.101 1351-1351/? I/OMXClient: MuxOMX ctor
07-08 00:42:01.101 1348-1348/? I/OMXMaster: makeComponentInstance(OMX.google.aac.decoder) in mediacodec process
07-08 00:42:01.110 1351-1351/? I/MediaPlayerService: MediaPlayerService::getOMX
07-08 00:42:01.110 1351-1351/? I/OMXClient: MuxOMX ctor
07-08 00:42:01.110 1348-1348/? I/OMXMaster: makeComponentInstance(OMX.google.g711.alaw.decoder) in mediacodec process
07-08 00:42:01.121 1584-1584/? I/SystemServiceManager: Starting phase 600
07-08 00:42:01.121 1351-1351/? I/MediaPlayerService: MediaPlayerService::getOMX
07-08 00:42:01.122 1351-1351/? I/OMXClient: MuxOMX ctor
07-08 00:42:01.122 1348-1746/? I/OMXMaster: makeComponentInstance(OMX.google.g711.mlaw.decoder) in mediacodec process
07-08 00:42:01.132 1584-1584/? D/SensorNotificationService: Cannot obtain dynamic meta sensor, not supported.
07-08 00:42:01.143 1658-1739/? I/LatinIME:LogUtils: Dictionary info: dictionary = userunigram.en_US ; version = 1531010521 ; date = ?
07-08 00:42:01.143 1351-1351/? I/MediaPlayerService: MediaPlayerService::getOMX
07-08 00:42:01.143 1351-1351/? I/OMXClient: MuxOMX ctor
07-08 00:42:01.143 1348-1746/? I/OMXMaster: makeComponentInstance(OMX.google.vorbis.decoder) in mediacodec process
07-08 00:42:01.144 1658-1739/? E/ActivityThread: Failed to find provider info for user_dictionary
07-08 00:42:01.144 1658-1739/? I/LatinIME:LogUtils: Dictionary info: dictionary = UserHistoryDictionary.en_US ; version = 1531010521 ; date = ?
07-08 00:42:01.156 1584-1628/? E/wifi: Can not initialize the vendor function pointer table
07-08 00:42:01.156 1584-1628/? E/WifiNative-HAL: Could not start hal
07-08 00:42:01.156 1584-1628/? E/WifiStateMachine: Failed to start HAL
07-08 00:42:01.162 1584-1584/? I/GnssLocationProvider: WakeLock acquired by sendMessage(13, 0, null)
07-08 00:42:01.162 1584-1596/? W/GnssLocationProvider: Could not open GPS configuration file /etc/gps.conf
07-08 00:42:01.162 1584-1596/? E/GnssLocationProvider: no AGPS interface in set_agps_server
07-08 00:42:01.163 1664-1752/? E/WVMExtractor: Failed to open libwvm.so: dlopen failed: library "libwvm.so" not found
07-08 00:42:01.164 1584-1584/? W/LocationProviderProxy-network: Odd, no component found for service com.android.location.service.v3.NetworkLocationProvider
07-08 00:42:01.170 1584-1584/? W/GeocoderProxy: Odd, no component found for service com.android.location.service.GeocodeProvider
07-08 00:42:01.171 1584-1584/? E/FlpHardwareProvider: Error hw_get_module 'flp': -2
07-08 00:42:01.171 1584-1584/? D/LocationManagerService: FLP HAL not supported
07-08 00:42:01.178 1351-1351/? I/MediaPlayerService: MediaPlayerService::getOMX
07-08 00:42:01.178 1584-1584/? W/GeofenceProxy: Odd, no component found for service com.android.location.service.GeofenceProvider
07-08 00:42:01.179 1351-1351/? I/OMXClient: MuxOMX ctor
07-08 00:42:01.179 1348-1746/? I/OMXMaster: makeComponentInstance(OMX.google.opus.decoder) in mediacodec process
07-08 00:42:01.181 1584-1584/? E/ActivityRecognitionHardware: Error hw_get_module: -2
07-08 00:42:01.188 1584-1584/? D/LocationManagerService: Hardware Activity-Recognition not supported.
07-08 00:42:01.188 1584-1584/? W/ActivityRecognitionProxy: Odd, no component found for service com.android.location.service.ActivityRecognitionProvider
07-08 00:42:01.192 1584-1584/? I/GnssLocationProvider: WakeLock acquired by sendMessage(2, 1, null)
07-08 00:42:01.193 1584-1596/? I/GnssLocationProvider: WakeLock released by handleMessage(13, 0, null)
07-08 00:42:01.194 1584-1596/? E/GnssLocationProvider: no AGPS interface in set_agps_server
07-08 00:42:01.195 1584-1596/? I/GnssLocationProvider: WakeLock released by handleMessage(2, 1, null)
07-08 00:42:01.205 1584-1584/? I/CommonTimeManagementService: No common time service detected on this platform.  Common time services will be unavailable.
07-08 00:42:01.208 1584-1618/? I/InputReader: Reconfiguring input devices.  changes=0x00000020
07-08 00:42:01.211 1584-1584/? I/MmsServiceBroker: Delay connecting to MmsService until an API is called
07-08 00:42:01.212 1584-1618/? I/InputReader: Reconfiguring input devices.  changes=0x00000010
07-08 00:42:01.213 1694-1694/? I/art: System.exit called, status: 0
07-08 00:42:01.213 1694-1694/? I/AndroidRuntime: VM exiting with result code 0, cleanup skipped.
07-08 00:42:01.218 1351-1351/? I/MediaPlayerService: MediaPlayerService::getOMX
07-08 00:42:01.218 1351-1351/? I/OMXClient: MuxOMX ctor
07-08 00:42:01.218 1348-1348/? I/OMXMaster: makeComponentInstance(OMX.google.raw.decoder) in mediacodec process
07-08 00:42:01.221 1351-1351/? I/MediaPlayerService: MediaPlayerService::getOMX
07-08 00:42:01.222 1351-1351/? I/OMXClient: MuxOMX ctor
07-08 00:42:01.222 1348-1357/? I/OMXMaster: makeComponentInstance(OMX.google.aac.encoder) in mediacodec process
07-08 00:42:01.230 1351-1351/? I/MediaPlayerService: MediaPlayerService::getOMX
07-08 00:42:01.231 1351-1351/? I/OMXClient: MuxOMX ctor
07-08 00:42:01.231 1348-1746/? I/OMXMaster: makeComponentInstance(OMX.google.amrnb.encoder) in mediacodec process
07-08 00:42:01.233 1351-1351/? I/MediaPlayerService: MediaPlayerService::getOMX
07-08 00:42:01.233 1351-1351/? I/OMXClient: MuxOMX ctor
07-08 00:42:01.233 1348-1348/? I/OMXMaster: makeComponentInstance(OMX.google.amrwb.encoder) in mediacodec process
07-08 00:42:01.236 1351-1351/? I/MediaPlayerService: MediaPlayerService::getOMX
07-08 00:42:01.236 1351-1351/? I/OMXClient: MuxOMX ctor
07-08 00:42:01.236 1348-1357/? I/OMXMaster: makeComponentInstance(OMX.google.flac.encoder) in mediacodec process
07-08 00:42:01.251 1351-1351/? I/MediaPlayerService: MediaPlayerService::getOMX
07-08 00:42:01.251 1351-1351/? I/OMXClient: MuxOMX ctor
07-08 00:42:01.251 1348-1357/? I/OMXMaster: makeComponentInstance(OMX.google.gsm.decoder) in mediacodec process
07-08 00:42:01.261 1584-1628/? D/WifiMonitor: startMonitoring(wlan0) with mConnected = false
07-08 00:42:01.272 1658-1739/? I/LatinIME:LogUtils: Dictionary info: dictionary = main:en ; version = 54 ; date = 1414726273
07-08 00:42:01.274 1351-1351/? I/MediaPlayerService: MediaPlayerService::getOMX
07-08 00:42:01.275 1351-1351/? I/OMXClient: MuxOMX ctor
07-08 00:42:01.275 1348-1357/? I/OMXMaster: makeComponentInstance(OMX.google.mpeg4.decoder) in mediacodec process
07-08 00:42:01.292 1348-1746/? E/OMXNodeInstance: getExtensionIndex(544000f:google.mpeg4.decoder, OMX.google.android.index.configureVideoTunnelMode) ERROR: UnsupportedIndex(0x8000101a)
07-08 00:42:01.292 1348-1348/? W/OMXNodeInstance: [544000f:google.mpeg4.decoder] component does not support metadata mode; using fallback
07-08 00:42:01.293 1351-1351/? I/MediaPlayerService: MediaPlayerService::getOMX
07-08 00:42:01.293 1351-1351/? I/OMXClient: MuxOMX ctor
07-08 00:42:01.293 1348-1357/? I/OMXMaster: makeComponentInstance(OMX.google.h263.decoder) in mediacodec process
07-08 00:42:01.303 1348-1348/? E/OMXNodeInstance: getExtensionIndex(5440010:google.h263.decoder, OMX.google.android.index.configureVideoTunnelMode) ERROR: UnsupportedIndex(0x8000101a)
07-08 00:42:01.303 1348-1746/? W/OMXNodeInstance: [5440010:google.h263.decoder] component does not support metadata mode; using fallback
07-08 00:42:01.303 1351-1351/? I/MediaPlayerService: MediaPlayerService::getOMX
07-08 00:42:01.304 1351-1351/? I/OMXClient: MuxOMX ctor
07-08 00:42:01.304 1348-1357/? I/OMXMaster: makeComponentInstance(OMX.google.h264.decoder) in mediacodec process
07-08 00:42:01.319 1351-1351/? W/ACodec: [OMX.google.h264.decoder] stopping checking profiles after 32: 2/8000
07-08 00:42:01.319 1348-1746/? E/OMXNodeInstance: getExtensionIndex(5440011:google.h264.decoder, OMX.google.android.index.configureVideoTunnelMode) ERROR: UnsupportedIndex(0x8000101a)
07-08 00:42:01.319 1348-1348/? W/OMXNodeInstance: [5440011:google.h264.decoder] component does not support metadata mode; using fallback
07-08 00:42:01.320 1785-1785/? W/art: Unexpected CPU variant for X86 using defaults: x86
07-08 00:42:01.321 1351-1351/? I/MediaPlayerService: MediaPlayerService::getOMX
07-08 00:42:01.321 1351-1351/? I/OMXClient: MuxOMX ctor
07-08 00:42:01.321 1348-1357/? I/OMXMaster: makeComponentInstance(OMX.google.hevc.decoder) in mediacodec process
07-08 00:42:01.326 1584-1584/? I/ActivityManager: Start proc 1785:com.android.phone/1001 for added application com.android.phone
07-08 00:42:01.327 1584-1584/? I/ActivityManager: START u0 {act=android.intent.action.MAIN cat=[android.intent.category.HOME] flg=0x10000100 cmp=com.android.settings/.FallbackHome} from uid 0 on display 0
07-08 00:42:01.327 1584-1584/? W/System: ClassLoader referenced unknown path: 
    ClassLoader referenced unknown path: /system/priv-app/Settings/lib/x86
07-08 00:42:01.331 1584-1584/? I/ActivityManager: Loaded persisted task ids for user 0
07-08 00:42:01.337 1584-1584/? I/ActivityManager: Start proc 1797:com.android.settings/1000 for activity com.android.settings/.FallbackHome
07-08 00:42:01.342 1348-1348/? E/OMXNodeInstance: getExtensionIndex(5440012:google.hevc.decoder, OMX.google.android.index.configureVideoTunnelMode) ERROR: UnsupportedIndex(0x8000101a)
07-08 00:42:01.342 1348-1746/? W/OMXNodeInstance: [5440012:google.hevc.decoder] component does not support metadata mode; using fallback
07-08 00:42:01.343 1584-1596/? W/LocationProviderProxy-network: Odd, no component found for service com.android.location.service.v3.NetworkLocationProvider
07-08 00:42:01.343 1351-1351/? I/MediaPlayerService: MediaPlayerService::getOMX
07-08 00:42:01.343 1351-1351/? I/OMXClient: MuxOMX ctor
07-08 00:42:01.343 1584-1596/? W/GeocoderProxy: Odd, no component found for service com.android.location.service.GeocodeProvider
07-08 00:42:01.343 1348-1357/? I/OMXMaster: makeComponentInstance(OMX.google.vp8.decoder) in mediacodec process
07-08 00:42:01.343 1584-1596/? W/GeofenceProxy: Odd, no component found for service com.android.location.service.GeofenceProvider
07-08 00:42:01.343 1584-1596/? W/ActivityRecognitionProxy: Odd, no component found for service com.android.location.service.ActivityRecognitionProvider
07-08 00:42:01.346 1797-1797/? W/art: Unexpected CPU variant for X86 using defaults: x86
07-08 00:42:01.360 1348-1348/? E/OMXNodeInstance: getExtensionIndex(5440013:google.vp8.decoder, OMX.google.android.index.configureVideoTunnelMode) ERROR: UnsupportedIndex(0x8000101a)
07-08 00:42:01.360 1348-1746/? W/OMXNodeInstance: [5440013:google.vp8.decoder] component does not support metadata mode; using fallback
07-08 00:42:01.362 1351-1351/? I/MediaPlayerService: MediaPlayerService::getOMX
07-08 00:42:01.363 1584-1584/? W/ContextImpl: Calling a method in the system process without a qualified user: android.app.ContextImpl.startService:1385 com.android.server.content.SyncManager$13.run:631 android.os.Handler.handleCallback:751 android.os.Handler.dispatchMessage:95 android.os.Looper.loop:154 
07-08 00:42:01.363 1351-1351/? I/OMXClient: MuxOMX ctor
07-08 00:42:01.363 1348-1357/? I/OMXMaster: makeComponentInstance(OMX.google.vp9.decoder) in mediacodec process
07-08 00:42:01.369 1584-1584/? D/ConditionProviders.SCP: onConnected
07-08 00:42:01.379 1348-1348/? E/OMXNodeInstance: getExtensionIndex(5440014:google.vp9.decoder, OMX.google.android.index.configureVideoTunnelMode) ERROR: UnsupportedIndex(0x8000101a)
07-08 00:42:01.379 1348-1746/? W/OMXNodeInstance: [5440014:google.vp9.decoder] component does not support metadata mode; using fallback
07-08 00:42:01.379 1785-1785/? W/System: ClassLoader referenced unknown path: /system/priv-app/TeleService/lib/x86
07-08 00:42:01.380 1584-1584/? D/ConditionProviders: Subscribing to condition://android/schedule?days=6.7&start=23.30&end=10.0&exitAtAlarm=false with ComponentInfo{android/com.android.server.notification.ScheduleConditionProvider}
    Subscribing to condition://android/event?userId=-10000&calendar=&reply=1 with ComponentInfo{android/com.android.server.notification.EventConditionProvider}
    Subscribing to condition://android/schedule?days=1.2.3.4.5&start=22.0&end=7.0&exitAtAlarm=false with ComponentInfo{android/com.android.server.notification.ScheduleConditionProvider}
07-08 00:42:01.381 1797-1797/? W/System: ClassLoader referenced unknown path: /system/priv-app/Settings/lib/x86
07-08 00:42:01.385 1584-1584/? D/RttService: SCAN_AVAILABLE : 1
07-08 00:42:01.386 1584-1630/? I/WifiScanningService: wifi driver unloaded
07-08 00:42:01.387 1584-1631/? D/RttService: DefaultState got{ when=-2ms what=160513 target=com.android.internal.util.StateMachine$SmHandler }
07-08 00:42:01.388 1753-1753/? I/wpa_supplicant: Successfully initialized wpa_supplicant
07-08 00:42:01.391 1351-1351/? I/MediaPlayerService: MediaPlayerService::getOMX
07-08 00:42:01.391 1351-1351/? I/OMXClient: MuxOMX ctor
07-08 00:42:01.391 1348-1357/? I/OMXMaster: makeComponentInstance(OMX.google.h263.encoder) in mediacodec process
07-08 00:42:01.391 1753-1753/? I/wpa_supplicant: rfkill: Cannot open RFKILL control device
07-08 00:42:01.394 1753-1753/? I/wpa_supplicant: nl80211: Could not re-add multicast membership for vendor events: -2 (No such file or directory)
07-08 00:42:01.394 1664-1664/? I/vol.Events: writeEvent collection_started
07-08 00:42:01.398 1664-1819/? I/vol.Events: writeEvent external_ringer_mode_changed normal
    writeEvent internal_ringer_mode_changed normal
07-08 00:42:01.405 1348-1357/? I/SoftMPEG4Encoder: Construct SoftMPEG4Encoder
07-08 00:42:01.406 1351-1351/? W/ACodec: do not know color format 0x7f000789 = 2130708361
07-08 00:42:01.406 1348-1746/? E/OMXNodeInstance: getConfig(5440015:google.h263.encoder, ConfigAndroidIntraRefresh(0x6f60000a)) ERROR: Undefined(0x80001001)
07-08 00:42:01.408 1351-1351/? I/MediaPlayerService: MediaPlayerService::getOMX
07-08 00:42:01.408 1351-1351/? I/OMXClient: MuxOMX ctor
07-08 00:42:01.408 1348-1746/? I/OMXMaster: makeComponentInstance(OMX.google.h264.encoder) in mediacodec process
07-08 00:42:01.417 1584-1584/? W/System: ClassLoader referenced unknown path: /system/priv-app/Telecom/lib/x86
07-08 00:42:01.431 1351-1351/? W/ACodec: do not know color format 0x7f000789 = 2130708361
07-08 00:42:01.432 1753-1753/? E/wpa_supplicant: global ctrl interface @android:wpa_wlan0 matches ctrl interface wlan0 - do not open per-interface ctrl interface
07-08 00:42:01.436 1351-1351/? I/MediaPlayerService: MediaPlayerService::getOMX
07-08 00:42:01.436 1351-1351/? I/OMXClient: MuxOMX ctor
07-08 00:42:01.437 1584-1628/? D/WifiConfigManager: Loading config and enabling all networks 
07-08 00:42:01.443 1348-1746/? I/OMXMaster: makeComponentInstance(OMX.google.mpeg4.encoder) in mediacodec process
07-08 00:42:01.455 1584-1628/? E/WifiNetworkHistory: readNetworkHistory: No config file, revert to default, java.io.FileNotFoundException: /data/misc/wifi/networkHistory.txt (No such file or directory)
    java.io.FileNotFoundException: /data/misc/wifi/networkHistory.txt (No such file or directory)
        at java.io.FileInputStream.open(Native Method)
        at java.io.FileInputStream.<init>(FileInputStream.java:146)
        at java.io.FileInputStream.<init>(FileInputStream.java:99)
        at com.android.server.wifi.WifiNetworkHistory.readNetworkHistory(WifiNetworkHistory.java:331)
        at com.android.server.wifi.WifiConfigManager.readNetworkHistory(WifiConfigManager.java:1828)
        at com.android.server.wifi.WifiConfigManager.loadConfiguredNetworks(WifiConfigManager.java:1658)
        at com.android.server.wifi.WifiConfigManager.loadAndEnableAllNetworks(WifiConfigManager.java:429)
        at com.android.server.wifi.WifiStateMachine$SupplicantStartingState.processMessage(WifiStateMachine.java:4365)
        at com.android.internal.util.StateMachine$SmHandler.processMsg(StateMachine.java:980)
        at com.android.internal.util.StateMachine$SmHandler.handleMessage(StateMachine.java:799)
        at android.os.Handler.dispatchMessage(Handler.java:102)
        at android.os.Looper.loop(Looper.java:154)
        at android.os.HandlerThread.run(HandlerThread.java:61)
07-08 00:42:01.455 1584-1628/? D/WifiConfigManager: loaded 0 passpoint configs
07-08 00:42:01.455 1584-1628/? E/IpConfigStore: Error parsing configuration: java.io.FileNotFoundException: /data/misc/wifi/ipconfig.txt (No such file or directory)
07-08 00:42:01.462 1584-1628/? D/WifiNative-HAL: Setting external_sim to 1
07-08 00:42:01.462 1584-1628/? D/WifiStateMachine: Setting OUI to DA-A1-19
07-08 00:42:01.464 1584-1628/? D/WifiCountryCode: Succeeded to set country code to: US
07-08 00:42:01.464 1785-1785/? W/System: ClassLoader referenced unknown path: /system/priv-app/TelephonyProvider/lib/x86
07-08 00:42:01.469 1299-1333/? E/SurfaceFlinger: ro.sf.lcd_density must be defined as a build property
07-08 00:42:01.469 1584-1628/? I/WifiConnectivityManager: PNO settings: min5GHzRssi -82 min24GHzRssi -85 currentConnectionBonus 16 sameNetworkBonus 24 secureNetworkBonus 80 initialScoreMax 100
    ConnectivityScanManager initialized 
07-08 00:42:01.469 1584-1628/? E/WifiLogger: no ring buffers found
    Failed to start packet fate monitoring
07-08 00:42:01.478 1348-1746/? I/SoftMPEG4Encoder: Construct SoftMPEG4Encoder
07-08 00:42:01.478 1351-1351/? W/ACodec: do not know color format 0x7f000789 = 2130708361
07-08 00:42:01.478 1348-1357/? E/OMXNodeInstance: getConfig(5440017:google.mpeg4.encoder, ConfigAndroidIntraRefresh(0x6f60000a)) ERROR: Undefined(0x80001001)
07-08 00:42:01.479 1584-1628/? I/WifiConnectivityManager: Set WiFi enabled
    scheduleWatchdogTimer
07-08 00:42:01.480 1584-1628/? W/AlarmManager: Unrecognized alarm listener com.android.server.wifi.WifiConnectivityManager$3@57bb10c
07-08 00:42:01.480 1584-1628/? E/WifiScanner: listener cannot be found
07-08 00:42:01.481 1584-1628/? D/WifiNative-HAL: Failing getSupportedFeatureset because HAL isn't started
07-08 00:42:01.481 1584-1600/? E/BatteryStatsService: no controller energy info supplied
07-08 00:42:01.482 1584-1600/? E/KernelCpuSpeedReader: Failed to read cpu-freq: /sys/devices/system/cpu/cpu0/cpufreq/stats/time_in_state (No such file or directory)
07-08 00:42:01.482 1584-1600/? E/KernelUidCpuTimeReader: Failed to read uid_cputime: /proc/uid_cputime/show_uid_stat (No such file or directory)
07-08 00:42:01.482 1584-1628/? E/WifiConnectivityManager: SingleScanListener onFailure: reason: -1 description: not available
07-08 00:42:01.484 1351-1351/? I/MediaPlayerService: MediaPlayerService::getOMX
07-08 00:42:01.484 1351-1351/? I/OMXClient: MuxOMX ctor
07-08 00:42:01.484 1348-1746/? I/OMXMaster: makeComponentInstance(OMX.google.vp8.encoder) in mediacodec process
07-08 00:42:01.484 1584-1584/? E/BluetoothAdapter: Bluetooth binder is null
07-08 00:42:01.486 1584-1628/? D/WifiNative-HAL: Failing getSupportedFeatureset because HAL isn't started
07-08 00:42:01.486 1584-1600/? E/BatteryStatsService: no controller energy info supplied
07-08 00:42:01.487 1584-1600/? E/KernelCpuSpeedReader: Failed to read cpu-freq: /sys/devices/system/cpu/cpu0/cpufreq/stats/time_in_state (No such file or directory)
07-08 00:42:01.487 1584-1600/? E/KernelUidCpuTimeReader: Failed to read uid_cputime: /proc/uid_cputime/show_uid_stat (No such file or directory)
07-08 00:42:01.491 1785-1785/? D/TelephonyProvider: dbh.onOpen: ok, queried table=siminfo
07-08 00:42:01.492 1785-1785/? D/TelephonyProvider: dbh.onOpen: ok, queried table=carriers
07-08 00:42:01.495 1584-1584/? I/Telecom: SystemStateProvider: Registering car mode receiver: android.content.IntentFilter@dfbe50e: TS.init@AAA
07-08 00:42:01.505 1797-1828/? I/OpenGLRenderer: Initialized EGL, version 1.4
07-08 00:42:01.505 1797-1828/? D/OpenGLRenderer: Swap behavior 1
07-08 00:42:01.505 1797-1828/? W/OpenGLRenderer: Failed to choose config with EGL_SWAP_BEHAVIOR_PRESERVED, retrying without...
07-08 00:42:01.505 1797-1828/? D/OpenGLRenderer: Swap behavior 0
07-08 00:42:01.510 1584-1832/? I/Telecom: Telecom: Non-call EVENT: AUDIO_ROUTE, Entering state QuiescentEarpieceRoute
07-08 00:42:01.516 1584-1837/? I/Telecom: CallAudioModeStateMachine: Message received: null.: TS.init->CAMSM.pM_1@AAA_0
07-08 00:42:01.523 1584-1584/? E/BluetoothAdapter: Bluetooth binder is null
07-08 00:42:01.524 1584-1838/? E/ActivityThread: Failed to find provider info for call_log
07-08 00:42:01.526 1797-1828/? D/EGL_emulation: eglCreateContext: 0xb6105120: maj 2 min 0 rcv 2
07-08 00:42:01.533 1351-1351/? W/ACodec: do not know color format 0x7f000789 = 2130708361
07-08 00:42:01.533 1348-1357/? E/OMXNodeInstance: getConfig(5440018:google.vp8.encoder, ConfigAndroidIntraRefresh(0x6f60000a)) ERROR: Undefined(0x80001001)
07-08 00:42:01.536 1351-1351/? I/MediaPlayerService: MediaPlayerService::getOMX
07-08 00:42:01.536 1351-1351/? I/OMXClient: MuxOMX ctor
07-08 00:42:01.537 1351-1351/? I/MediaPlayerService: MediaPlayerService::getOMX
07-08 00:42:01.538 1351-1351/? I/OMXClient: MuxOMX ctor
07-08 00:42:01.539 1351-1351/? W/MediaCodecList: unable to open media codecs configuration xml file: /data/misc/media/media_codecs_profiling_results.xml
07-08 00:42:01.540 1351-1757/? I/MediaPlayerService: MediaPlayerService::getOMX
07-08 00:42:01.540 1351-1369/? I/MediaPlayerService: MediaPlayerService::getOMX
07-08 00:42:01.541 1584-1723/? I/OMXClient: MuxOMX ctor
07-08 00:42:01.541 1664-1756/? I/OMXClient: MuxOMX ctor
07-08 00:42:01.541 1348-1357/? I/OMXMaster: makeComponentInstance(OMX.google.vorbis.decoder) in mediacodec process
07-08 00:42:01.553 1584-1584/? I/Telecom: Class: TelecomSystem.INSTANCE being set
07-08 00:42:01.555 1584-1584/? E/BluetoothAdapter: Bluetooth binder is null
07-08 00:42:01.561 1664-1819/? I/vol.Events: writeEvent level_changed STREAM_ALARM 6
07-08 00:42:01.562 1664-1819/? I/vol.Events: writeEvent level_changed STREAM_BLUETOOTH_SCO 7
07-08 00:42:01.564 1664-1819/? I/vol.Events: writeEvent level_changed STREAM_MUSIC 11
07-08 00:42:01.565 1664-1819/? I/vol.Events: writeEvent level_changed STREAM_RING 5
07-08 00:42:01.566 1664-1819/? I/vol.Events: writeEvent level_changed STREAM_SYSTEM 5
07-08 00:42:01.571 1664-1819/? I/vol.Events: writeEvent level_changed STREAM_VOICE_CALL 4
07-08 00:42:01.579 1797-1828/? D/EGL_emulation: eglMakeCurrent: 0xb6105120: ver 2 0 (tinfo 0xb6103580)
07-08 00:42:01.591 1584-1584/? W/System: ClassLoader referenced unknown path: /system/priv-app/FusedLocation/lib/x86
07-08 00:42:01.591 1797-1828/? D/EGL_emulation: eglMakeCurrent: 0xb6105120: ver 2 0 (tinfo 0xb6103580)
07-08 00:42:01.595 1348-1746/? I/OMXMaster: makeComponentInstance(OMX.google.vorbis.decoder) in mediacodec process
07-08 00:42:01.600 1584-1584/? D/GpsNetInitiatedHandler: location enabled :true
07-08 00:42:01.600 1584-1584/? V/WiredAccessoryManager: notifyWiredAccessoryChanged: when=0 bits= mask=54
    newName=h2w newState=0 headsetState=0 prev headsetState=0
07-08 00:42:01.600 1584-1584/? E/WiredAccessoryManager: No state change.
07-08 00:42:01.600 1584-1584/? V/WiredAccessoryManager: init()
07-08 00:42:01.634 1299-1303/? E/SurfaceFlinger: ro.sf.lcd_density must be defined as a build property
07-08 00:42:01.635 1584-1584/? D/AccessibilityManagerService: Ignoring non-encryption-aware service ComponentInfo{com.example.android.apis/com.example.android.apis.accessibility.ClockBackService}
    Ignoring non-encryption-aware service ComponentInfo{com.example.android.apis/com.example.android.apis.accessibility.MagnificationService}
    Ignoring non-encryption-aware service ComponentInfo{com.example.android.apis/com.example.android.apis.accessibility.TaskBackService}
07-08 00:42:01.638 1299-1303/? D/PermissionCache: checking android.permission.HARDWARE_TEST for uid=1000 => granted (1721 us)
07-08 00:42:01.667 1584-1584/? W/VibratorService: Tried to stop vibrating but there is no vibrator device.
07-08 00:42:01.668 1664-1664/? D/StorageNotification: Notifying about private volume: VolumeInfo{private}:
        type=PRIVATE diskId=null partGuid=null mountFlags=0 mountUserId=-1 
        state=MOUNTED 
        fsType=null fsUuid=null fsLabel=null 
        path=/data internalPath=null 
07-08 00:42:01.674 1584-1604/? I/ActivityManager: Displayed com.android.settings/.FallbackHome: +340ms
07-08 00:42:01.674 1351-1369/? I/MediaPlayerService: MediaPlayerService::getOMX
07-08 00:42:01.674 1664-1854/? I/OMXClient: MuxOMX ctor
07-08 00:42:01.674 1348-1849/? I/OMXMaster: makeComponentInstance(OMX.google.vorbis.decoder) in mediacodec process
07-08 00:42:01.678 1584-1584/? D/ConditionProviders.SCP: onSubscribe condition://android/schedule?days=6.7&start=23.30&end=10.0&exitAtAlarm=false
07-08 00:42:01.679 1584-1584/? D/ConditionProviders.SCP: setRegistered true
07-08 00:42:01.679 1584-1597/? V/KeyguardServiceDelegate: *** Keyguard started
07-08 00:42:01.679 1584-1597/? W/KeyguardServiceDelegate: onScreenTurningOn(): no keyguard service!
07-08 00:42:01.679 1584-1596/? I/SyncManager: Got SyncJobService instance.
07-08 00:42:01.680 1584-1584/? D/ConditionProviders.SCP: notifyCondition condition://android/schedule?days=6.7&start=23.30&end=10.0&exitAtAlarm=false STATE_TRUE reason=meetsSchedule
    Scheduling evaluate for Sun Jul 08 10:00:00 GMT+00:00 2018 (1531044000000), in +9h17m58s320ms, now=Sun Jul 08 00:42:01 GMT+00:00 2018 (1531010521680)
07-08 00:42:01.681 1584-1584/? D/ConditionProviders.SCP: onSubscribe condition://android/schedule?days=1.2.3.4.5&start=22.0&end=7.0&exitAtAlarm=false
    notifyCondition condition://android/schedule?days=6.7&start=23.30&end=10.0&exitAtAlarm=false STATE_TRUE reason=meetsSchedule
    notifyCondition condition://android/schedule?days=1.2.3.4.5&start=22.0&end=7.0&exitAtAlarm=false STATE_FALSE reason=!meetsSchedule
    Scheduling evaluate for Sun Jul 08 07:00:00 GMT+00:00 2018 (1531033200000), in +6h17m58s319ms, now=Sun Jul 08 00:42:01 GMT+00:00 2018 (1531010521681)
07-08 00:42:01.683 1584-1630/? I/WifiScanningService: wifi driver loaded with scan capabilities: max buckets=16
07-08 00:42:01.683 1584-1584/? D/RttService: SCAN_AVAILABLE : 3
07-08 00:42:01.683 1584-1631/? D/RttService: DefaultState got{ when=0 what=160512 target=com.android.internal.util.StateMachine$SmHandler }
07-08 00:42:01.684 1584-1584/? I/Telecom: WiredHeadsetManager: ACTION_HEADSET_PLUG event, plugged in: false, : WHC.oADA@AAE
07-08 00:42:01.687 1584-1584/? I/ActivityManager: user 0 is still locked. Cannot load recents
07-08 00:42:01.688 1584-1638/? E/ActivityThread: Failed to find provider info for com.android.calendar
07-08 00:42:01.691 1584-1638/? E/ActivityThread: Failed to find provider info for com.android.calendar
07-08 00:42:01.701 1584-1584/? I/FusedLocation: engine started (com.android.location.fused)
07-08 00:42:01.702 1351-1732/? I/MediaPlayerService: MediaPlayerService::getOMX
07-08 00:42:01.703 1584-1861/? I/OMXClient: MuxOMX ctor
07-08 00:42:01.703 1348-1357/? I/OMXMaster: makeComponentInstance(OMX.google.vorbis.decoder) in mediacodec process
07-08 00:42:01.743 1351-1757/? I/MediaPlayerService: MediaPlayerService::getOMX
07-08 00:42:01.743 1664-1869/? I/OMXClient: MuxOMX ctor
07-08 00:42:01.744 1348-1746/? I/OMXMaster: makeComponentInstance(OMX.google.vorbis.decoder) in mediacodec process
07-08 00:42:01.757 1785-1785/? D/PhoneSwitcherNetworkRequstListener: Registering NetworkFactory
07-08 00:42:01.757 1584-1632/? D/ConnectivityService: Got NetworkFactory Messenger for PhoneSwitcherNetworkRequstListener
07-08 00:42:01.759 1584-1632/? D/ConnectivityService: Got NetworkFactory Messenger for TelephonyNetworkFactory[0]
07-08 00:42:01.769 1351-1732/? I/MediaPlayerService: MediaPlayerService::getOMX
07-08 00:42:01.769 1584-1873/? I/OMXClient: MuxOMX ctor
07-08 00:42:01.769 1348-1348/? I/OMXMaster: makeComponentInstance(OMX.google.vorbis.decoder) in mediacodec process
07-08 00:42:01.782 1584-1637/? D/NotificationSQLiteLog: Pruned event entries: 0
07-08 00:42:01.785 1785-1785/? D/CarrierConfigLoader: CarrierConfigLoader has started
07-08 00:42:01.786 1785-1785/? E/BluetoothAdapter: Bluetooth binder is null
07-08 00:42:01.788 1785-1876/? E/ActivityThread: Failed to find provider info for com.android.contacts
07-08 00:42:01.788 1785-1876/? W/CallerInfoCache: cursor is null
07-08 00:42:01.813 1785-1785/? I/Telephony: TtyManager: updateUiTtyMode -1 -> 0
07-08 00:42:01.826 1351-1351/? I/MediaPlayerService: MediaPlayerService::getOMX
07-08 00:42:01.826 1584-1878/? I/OMXClient: MuxOMX ctor
07-08 00:42:01.827 1348-1746/? I/OMXMaster: makeComponentInstance(OMX.google.vorbis.decoder) in mediacodec process
07-08 00:42:01.828 1584-1584/? I/GnssLocationProvider: WakeLock acquired by sendMessage(12, 0, null)
07-08 00:42:01.834 1584-1596/? I/GnssLocationProvider: WakeLock released by handleMessage(12, 0, null)
07-08 00:42:01.837 1584-1642/? D/AlarmManagerService: Kernel timezone updated to 0 minutes west of GMT
07-08 00:42:01.839 1879-1879/? W/art: Unexpected CPU variant for X86 using defaults: x86
07-08 00:42:01.843 1584-1597/? I/ActivityManager: Start proc 1879:com.android.cellbroadcastreceiver/u0a4 for broadcast com.android.cellbroadcastreceiver/.CellBroadcastReceiver
07-08 00:42:01.845 1584-1642/? D/AlarmManagerService: Setting time of day to sec=1531010524
07-08 00:42:04.663 1584-1642/? W/AlarmManagerService: Unable to set rtc to 1531010524: No such device
07-08 00:42:04.664 1584-1584/? D/ConditionProviders.SCP: onReceive android.intent.action.TIME_SET
    notifyCondition condition://android/schedule?days=6.7&start=23.30&end=10.0&exitAtAlarm=false STATE_TRUE reason=meetsSchedule
    notifyCondition condition://android/schedule?days=1.2.3.4.5&start=22.0&end=7.0&exitAtAlarm=false STATE_FALSE reason=!meetsSchedule
07-08 00:42:04.665 1584-1584/? D/ConditionProviders.SCP: Scheduling evaluate for Sun Jul 08 07:00:00 GMT+00:00 2018 (1531033200000), in +6h17m55s336ms, now=Sun Jul 08 00:42:04 GMT+00:00 2018 (1531010524664)
07-08 00:42:04.667 1584-1638/? E/ActivityThread: Failed to find provider info for com.android.calendar
    Failed to find provider info for com.android.calendar
07-08 00:42:04.698 1351-1351/? I/MediaPlayerService: MediaPlayerService::getOMX
07-08 00:42:04.698 1584-1896/? I/OMXClient: MuxOMX ctor
07-08 00:42:04.698 1348-1746/? I/OMXMaster: makeComponentInstance(OMX.google.vorbis.decoder) in mediacodec process
07-08 00:42:04.714 1785-1785/? D/PhoneSwitcherNetworkRequstListener: got request NetworkRequest [ id=1, legacyType=-1, [ Capabilities: INTERNET&NOT_RESTRICTED&TRUSTED&NOT_VPN] ] with score 0
07-08 00:42:04.715 1785-1785/? D/TelephonyDebugService: TelephonyDebugService()
07-08 00:42:04.716 1785-1785/? D/CarrierConfigLoader: mHandler: 12 phoneId: 0
07-08 00:42:04.736 1299-1303/? I/SurfaceFlinger: Boot is finished (14493 ms)
07-08 00:42:04.742 1351-1351/? I/MediaPlayerService: MediaPlayerService::getOMX
07-08 00:42:04.742 1584-1902/? I/OMXClient: MuxOMX ctor
07-08 00:42:04.742 1348-1357/? I/OMXMaster: makeComponentInstance(OMX.google.vorbis.decoder) in mediacodec process
07-08 00:42:04.742 1785-1785/? E/PhoneInterfaceManager: [PhoneIntfMgr] getIccId: No UICC
07-08 00:42:04.746 1584-1841/? I/Telecom: PhoneAccountRegistrar: New phone account registered: [[ ] PhoneAccount: ComponentInfo{com.android.phone/com.android.services.telephony.TelephonyConnectionService}, [e0184adedf913b076626646d3f52c3b49c39ad6d], UserHandle{0} Capabilities: CallProvider MultiUser PlaceEmerg SimSub  Schemes: tel voicemail  Extras: null]: TSI.rPA@AAM
07-08 00:42:04.748 1584-1841/? I/Telecom: : Sending phone-account registered intent as user: TSI.rPA@AAM
07-08 00:42:04.752 1785-1785/? I/Telephony: AccountEntry: Registered phoneAccount: [[ ] PhoneAccount: ComponentInfo{com.android.phone/com.android.services.telephony.TelephonyConnectionService}, [e0184adedf913b076626646d3f52c3b49c39ad6d], UserHandle{0} Capabilities: CallProvider MultiUser PlaceEmerg SimSub  Schemes: tel voicemail  Extras: null] with handle: ComponentInfo{com.android.phone/com.android.services.telephony.TelephonyConnectionService}, [e0184adedf913b076626646d3f52c3b49c39ad6d], UserHandle{0}
07-08 00:42:04.758 1584-1604/? I/SystemServiceManager: Starting phase 1000
07-08 00:42:04.766 1584-1604/? I/ActivityManager: Start proc 1908:com.google.android.ext.services/u0a14 for on-hold
07-08 00:42:04.772 1785-1785/? I/Telephony: PstnIncomingCallNotifier: Registering: Handler (com.android.internal.telephony.GsmCdmaPhone) {d36c723}
07-08 00:42:04.771 1908-1908/? W/art: Unexpected CPU variant for X86 using defaults: x86
07-08 00:42:04.775 1785-1785/? I/Telephony: TelecomAccountRegistry: Unregistering phone account ComponentInfo{com.android.phone/com.android.services.telephony.TelephonyConnectionService}, [e2f7d48dd2b5ca523e7313cf4ba0f6ea830b6281], UserHandle{0}.
07-08 00:42:04.776 1584-1604/? D/ActivityManager: Finishing user boot 0
07-08 00:42:04.777 1584-1604/? D/CryptdConnector: SND -> {3 cryptfs prepare_user_storage ! 0 0 2}
07-08 00:42:04.777 1584-1841/? I/Telecom: : Sending phone-account unregistered intent as user: TSI.uPA@AAU
07-08 00:42:04.777 1257-1290/? D/vold: e4crypt_prepare_user_storage for volume null, user 0, serial 0, flags 2
    Preparing: /data/system_ce/0
    Preparing: /data/misc_ce/0
    Preparing: /data/media/0
    Preparing: /data/data
07-08 00:42:04.781 1904-1904/? I/bootstat: Service started: /system/bin/bootstat --record_boot_complete 
07-08 00:42:04.782 1584-1621/? D/CryptdConnector: RCV <- {200 3 Command succeeded}
07-08 00:42:04.783 1584-1604/? V/UserManagerService: Found /data/user/0 with serial number 0
    Found /data/system_ce/0 with serial number 0
07-08 00:42:04.783 1584-1604/? V/PackageManager: reconcileAppsData for null u0 0x2
07-08 00:42:04.792 1904-1904/? I/bootstat: Logging histogram: bootstat_mtime_matches_content 1
07-08 00:42:04.794 1904-1904/? I/bootstat: Logging histogram: bootstat_mtime_matches_content 1
07-08 00:42:04.815 1924-1924/? I/bootstat: Service started: /system/bin/bootstat --record_boot_reason 
    Unknown boot reason: 
07-08 00:42:04.838 1584-1593/? I/art: Background sticky concurrent mark sweep GC freed 30813(2005KB) AllocSpace objects, 13(288KB) LOS objects, 14% free, 15MB/17MB, paused 9.249ms total 60.525ms
07-08 00:42:04.844 1584-1604/? V/PackageManager: reconcileAppsData finished 128 packages; restoreconNeeded was false
07-08 00:42:04.846 1584-1596/? I/UsageStatsService: Time changed in UsageStats by 2 seconds
    User[0] Flushing usage stats to disk
07-08 00:42:04.856 1584-1927/? I/StatusBarManagerService: registerStatusBar bar=com.android.internal.statusbar.IStatusBar$Stub$Proxy@478a781
07-08 00:42:04.863 1928-1928/? I/bootstat: Service started: /system/bin/bootstat --record_time_since_factory_reset 
07-08 00:42:04.864 1928-1928/? I/bootstat: Logging histogram: factory_reset_current_time 1531010524
07-08 00:42:04.866 1908-1908/? W/System: ClassLoader referenced unknown path: /system/priv-app/GoogleExtServices/lib/x86
07-08 00:42:04.874 1584-1596/? I/UsageStatsDatabase: Time changed by +2s816ms. files deleted: 0 files moved: 26
07-08 00:42:04.877 1584-1597/? D/MountService: onUnlockUser 0
07-08 00:42:04.877 1584-1597/? D/VoldConnector: SND -> {6 volume user_started 0}
07-08 00:42:04.877 1584-1596/? I/UsageStatsService: User[0] Rollover scheduled @ 2018-07-08 23:09:18(1531091358546)
07-08 00:42:04.877 1257-1289/? D/vold: Linking /storage/emulated/0 to /mnt/user/0/primary
07-08 00:42:04.877 1584-1620/? D/VoldConnector: RCV <- {200 6 Command succeeded}
07-08 00:42:04.883 1584-1584/? I/GnssLocationProvider: WakeLock acquired by sendMessage(12, 0, null)
07-08 00:42:04.884 1584-1596/? I/GnssLocationProvider: WakeLock released by handleMessage(12, 0, null)
07-08 00:42:04.884 1584-1619/? D/MountService: Volume emulated broadcasting mounted to UserHandle{0}
07-08 00:42:04.891 1928-1928/? I/bootstat: Logging histogram: bootstat_mtime_matches_content 1
    Logging histogram: factory_reset_record_value 1515815150
07-08 00:42:04.895 1785-1785/? D/MccTable: updateMccMncConfiguration mccmnc='310260' fromServiceState=true
07-08 00:42:04.897 1785-1785/? D/MccTable: updateMccMncConfiguration defaultMccMnc=
    updateMccMncConfiguration: mcc=310, mnc=260
    WIFI_COUNTRY_CODE set to us
07-08 00:42:04.900 1584-1642/? I/WifiService: WifiService trying to set country code to us with persist set to true
07-08 00:42:04.903 1584-1642/? D/WifiCountryCode: Succeeded to set country code to: US
07-08 00:42:04.915 1879-1879/? W/System: ClassLoader referenced unknown path: /system/priv-app/CellBroadcastReceiver/lib/x86
07-08 00:42:04.928 1930-1930/? I/bootstat: Service started: /system/bin/bootstat -l 
    Logging histogram: bootstat_mtime_matches_content 1
    Logging histogram: bootstat_mtime_matches_content 1
    Logging histogram: bootstat_mtime_matches_content 1
07-08 00:42:04.934 1930-1930/? I/bootstat: Logging histogram: bootstat_mtime_matches_content 1
07-08 00:42:04.938 1930-1930/? I/bootstat: Logging histogram: bootstat_mtime_matches_content 1
    Logging histogram: bootstat_mtime_matches_content 1
    Logging histogram: bootstat_mtime_matches_content 1
    Logging histogram: bootstat_mtime_matches_content 1
07-08 00:42:04.939 1930-1930/? I/bootstat: Logging histogram: bootstat_mtime_matches_content 1
    Logging histogram: bootstat_mtime_matches_content 1
    Logging histogram: bootstat_mtime_matches_content 1
    Logging histogram: bootstat_mtime_matches_content 1
    Logging histogram: post_decrypt_time_elapsed 10
    Logging histogram: build_date 1508534163
    Logging histogram: boot_decryption_complete 19
    Logging histogram: ota_boot_complete_post_decrypt 10
    Logging histogram: ota_boot_complete 23
    Logging histogram: boot_reason 1
    Logging histogram: factory_reset_current_time 1531010524
    Logging histogram: factory_reset 1515815150
    Logging histogram: boot_complete_post_decrypt 9
    Logging histogram: boot_complete 19
    Logging histogram: factory_reset_record_value 1515815150
07-08 00:42:04.940 1930-1930/? I/bootstat: Logging histogram: time_since_factory_reset 15195374
07-08 00:42:04.943 1785-1785/? I/Telephony: PstnIncomingCallNotifier: Unregistering: Handler (com.android.internal.telephony.GsmCdmaPhone) {d36c723}
07-08 00:42:04.943 1785-1785/? E/PhoneInterfaceManager: [PhoneIntfMgr] getIccId: No UICC
07-08 00:42:04.946 1584-1642/? I/Telecom: PhoneAccountRegistrar: [ComponentInfo{com.android.phone/com.android.services.telephony.TelephonyConnectionService}, [e0184adedf913b076626646d3f52c3b49c39ad6d], UserHandle{0}(icon: Icon(typ=BITMAP size=50x63) -> Icon(typ=BITMAP size=50x63))]: TSI.rPA@AAg
07-08 00:42:04.947 1584-1642/? I/Telecom: : Sending phone-account registered intent as user: TSI.rPA@AAg
07-08 00:42:04.948 1785-1785/? I/Telephony: AccountEntry: Registered phoneAccount: [[ ] PhoneAccount: ComponentInfo{com.android.phone/com.android.services.telephony.TelephonyConnectionService}, [e0184adedf913b076626646d3f52c3b49c39ad6d], UserHandle{0} Capabilities: CallProvider MultiUser PlaceEmerg SimSub  Schemes: tel voicemail  Extras: null] with handle: ComponentInfo{com.android.phone/com.android.services.telephony.TelephonyConnectionService}, [e0184adedf913b076626646d3f52c3b49c39ad6d], UserHandle{0}
    PstnIncomingCallNotifier: Registering: Handler (com.android.internal.telephony.GsmCdmaPhone) {d36c723}
07-08 00:42:04.981 1584-1597/? V/BackupManagerService: No ancestral data
07-08 00:42:05.007 1584-1597/? V/KeyValueBackupJob: Scheduling k/v pass in 241 minutes
07-08 00:42:05.038 1584-1597/? V/BackupManagerService: Starting with transport com.google.android.gms/.backup.BackupTransportService
07-08 00:42:05.038 1785-1785/? D/MccTable: updateMccMncConfiguration mccmnc='310260' fromServiceState=false
07-08 00:42:05.038 1584-1597/? V/BackupManagerService: Found transports: 2
07-08 00:42:05.039 1785-1785/? D/MccTable: updateMccMncConfiguration defaultMccMnc=
    updateMccMncConfiguration: mcc=310, mnc=260
    updateMccMncConfiguration updateConfig config={1.0 310mcc260mnc ?localeList ?layoutDir ?swdp ?wdp ?hdp ?density ?lsize ?long ?orien ?uimode ?night ?touch ?keyb/?/? ?nav/?}
07-08 00:42:05.039 1584-1595/? I/ActivityManager: Config changes=3 {1.0 310mcc260mnc [en_US] ldltr sw411dp w411dp h659dp 420dpi nrml port finger qwerty/v/v dpad/v s.6}
07-08 00:42:05.047 1797-1828/? D/EGL_emulation: eglMakeCurrent: 0xb6105120: ver 2 0 (tinfo 0xb6103580)
07-08 00:42:05.049 1935-1935/? W/art: Unexpected CPU variant for X86 using defaults: x86
07-08 00:42:05.054 1584-1597/? I/ActivityManager: Start proc 1935:com.google.android.gms.persistent/u0a13 for service com.google.android.gms/.backup.BackupTransportService
07-08 00:42:05.057 1584-1584/? V/BackupManagerService: Connected to transport ComponentInfo{android/com.android.internal.backup.LocalTransportService}
07-08 00:42:05.058 1584-1584/? V/BackupManagerService: Registering transport android/com.android.internal.backup.LocalTransportService::android/com.android.internal.backup.LocalTransport = android.app.backup.BackupTransport$TransportImpl@efae4f8
07-08 00:42:05.060 1584-1597/? I/BackupManagerService: Found stale backup journal, scheduling
07-08 00:42:05.065 1584-1584/? I/GnssLocationProvider: WakeLock acquired by sendMessage(12, 0, null)
07-08 00:42:05.066 1584-1597/? I/BackupManagerService: Backup enabled => false
07-08 00:42:05.066 1584-1596/? I/GnssLocationProvider: WakeLock released by handleMessage(12, 0, null)
07-08 00:42:05.065 1658-1658/? I/InputAttributes: InputType.TYPE_NULL is specified
07-08 00:42:05.069 1584-1594/? I/WindowManager: Destroying surface Surface(name=com.android.settings/com.android.settings.FallbackHome) called by com.android.server.wm.WindowStateAnimator.destroySurface:2016 com.android.server.wm.WindowStateAnimator.destroySurfaceLocked:882 com.android.server.wm.WindowState.removeLocked:1456 com.android.server.wm.WindowManagerService.removeWindowInnerLocked:2484 com.android.server.wm.WindowManagerService.removeWindowLocked:2442 com.android.server.wm.WindowManagerService.removeWindowLocked:2311 com.android.server.wm.WindowManagerService.removeWindow:2306 com.android.server.wm.Session.remove:202 
07-08 00:42:05.076 1785-1785/? I/Telephony: PstnIncomingCallNotifier: Unregistering: Handler (com.android.internal.telephony.GsmCdmaPhone) {d36c723}
07-08 00:42:05.077 1785-1785/? E/PhoneInterfaceManager: [PhoneIntfMgr] getIccId: No UICC
07-08 00:42:05.078 1584-1927/? I/Telecom: PhoneAccountRegistrar: [ComponentInfo{com.android.phone/com.android.services.telephony.TelephonyConnectionService}, [e0184adedf913b076626646d3f52c3b49c39ad6d], UserHandle{0}(addr: tel:************ -> tel:)(icon: Icon(typ=BITMAP size=50x63) -> Icon(typ=BITMAP size=50x63))(subAddr: tel:************ -> tel:)]: TSI.rPA@AAw
07-08 00:42:05.079 1584-1927/? I/Telecom: : Sending phone-account registered intent as user: TSI.rPA@AAw
07-08 00:42:05.082 1785-1785/? I/Telephony: AccountEntry: Registered phoneAccount: [[ ] PhoneAccount: ComponentInfo{com.android.phone/com.android.services.telephony.TelephonyConnectionService}, [e0184adedf913b076626646d3f52c3b49c39ad6d], UserHandle{0} Capabilities: CallProvider MultiUser PlaceEmerg SimSub  Schemes: tel voicemail  Extras: null] with handle: ComponentInfo{com.android.phone/com.android.services.telephony.TelephonyConnectionService}, [e0184adedf913b076626646d3f52c3b49c39ad6d], UserHandle{0}
    PstnIncomingCallNotifier: Registering: Handler (com.android.internal.telephony.GsmCdmaPhone) {d36c723}
07-08 00:42:05.090 1935-1935/? W/System: ClassLoader referenced unknown path: /system/priv-app/PrebuiltGmsCore/lib/x86
07-08 00:42:05.093 1584-1584/? I/GnssLocationProvider: WakeLock acquired by sendMessage(12, 0, null)
07-08 00:42:05.094 1584-1596/? I/GnssLocationProvider: WakeLock released by handleMessage(12, 0, null)
07-08 00:42:05.094 1785-1785/? I/Telephony: PstnIncomingCallNotifier: Unregistering: Handler (com.android.internal.telephony.GsmCdmaPhone) {d36c723}
07-08 00:42:05.095 1785-1785/? E/PhoneInterfaceManager: [PhoneIntfMgr] getIccId: No UICC
07-08 00:42:05.095 1879-1879/? D/CellBroadcastReceiver: Service state changed! 3 Full: 3 3 voice home data home null null null null null null  Unknown Unknown CSS not supported -1 -1 RoamInd=-1 DefRoamInd=-1 EmergOnly=false IsDataRoamingFromRegistration=false Current state=-1
07-08 00:42:05.096 1584-1595/? I/Telecom: PhoneAccountRegistrar: [ComponentInfo{com.android.phone/com.android.services.telephony.TelephonyConnectionService}, [e0184adedf913b076626646d3f52c3b49c39ad6d], UserHandle{0}(icon: Icon(typ=BITMAP size=50x63) -> Icon(typ=BITMAP size=50x63))]: TSI.rPA@ABA
07-08 00:42:05.097 1584-1595/? I/Telecom: : Sending phone-account registered intent as user: TSI.rPA@ABA
07-08 00:42:05.111 1584-1642/? I/ActivityManager: Start proc 1951:com.android.deskclock/u0a41 for broadcast com.android.deskclock/.AlarmInitReceiver
07-08 00:42:05.113 1785-1785/? I/Telephony: AccountEntry: Registered phoneAccount: [[ ] PhoneAccount: ComponentInfo{com.android.phone/com.android.services.telephony.TelephonyConnectionService}, [e0184adedf913b076626646d3f52c3b49c39ad6d], UserHandle{0} Capabilities: CallProvider MultiUser PlaceEmerg SimSub  Schemes: tel voicemail  Extras: null] with handle: ComponentInfo{com.android.phone/com.android.services.telephony.TelephonyConnectionService}, [e0184adedf913b076626646d3f52c3b49c39ad6d], UserHandle{0}
    PstnIncomingCallNotifier: Registering: Handler (com.android.internal.telephony.GsmCdmaPhone) {d36c723}
07-08 00:42:05.119 1951-1951/? W/art: Unexpected CPU variant for X86 using defaults: x86
07-08 00:42:05.137 1785-1785/? D/MccTable: updateMccMncConfiguration mccmnc='310260' fromServiceState=false
07-08 00:42:05.139 1785-1785/? D/MccTable: updateMccMncConfiguration defaultMccMnc=310260
    updateMccMncConfiguration: mcc=310, mnc=260
    updateMccMncConfiguration updateConfig config={1.0 310mcc260mnc ?localeList ?layoutDir ?swdp ?wdp ?hdp ?density ?lsize ?long ?orien ?uimode ?night ?touch ?keyb/?/? ?nav/?}
07-08 00:42:05.143 1664-1664/? W/System: ClassLoader referenced unknown path: 
07-08 00:42:05.154 1797-1828/? D/EGL_emulation: eglMakeCurrent: 0xb6105120: ver 2 0 (tinfo 0xb6103580)
07-08 00:42:05.157 1584-1597/? I/ActivityManager: Start proc 1965:com.google.android.googlequicksearchbox:interactor/u0a28 for service com.google.android.googlequicksearchbox/com.google.android.voiceinteraction.GsaVoiceInteractionService
